
*** Running vivado
    with args -log design_1_auto_us_0.vds -m64 -product Vivado -mode batch -messageDb vivado.pb -notrace -source design_1_auto_us_0.tcl


****** Vivado v2021.2 (64-bit)
  **** SW Build 3367213 on Tue Oct 19 02:47:39 MDT 2021
  **** IP Build 3369179 on Thu Oct 21 08:25:16 MDT 2021
    ** Copyright 1986-2021 Xilinx, Inc. All Rights Reserved.

source design_1_auto_us_0.tcl -notrace
create_project: Time (s): cpu = 00:00:05 ; elapsed = 00:00:06 . Memory (MB): peak = 2733.168 ; gain = 2.016 ; free physical = 440134 ; free virtual = 612214
INFO: [IP_Flow 19-234] Refreshing IP repositories
INFO: [IP_Flow 19-1700] Loaded user IP repository '/ecel/UFAD/michael.logsdon/workspace/SDR/ip_repo'.
INFO: [IP_Flow 19-2313] Loaded Vivado IP repository '/apps/reconfig/tools/Xilinx/Vivado/2021.2/data/ip'.
Command: synth_design -top design_1_auto_us_0 -part xc7z020clg400-1 -mode out_of_context
Starting synth_design
Attempting to get a license for feature 'Synthesis' and/or device 'xc7z020'
INFO: [Common 17-349] Got license for feature 'Synthesis' and/or device 'xc7z020'
INFO: [Device 21-403] Loading part xc7z020clg400-1
INFO: [Synth 8-7079] Multithreading enabled for synth_design using a maximum of 4 processes.
INFO: [Synth 8-7078] Launching helper process for spawning children vivado processes
INFO: [Synth 8-7075] Helper process launched with PID 953523
---------------------------------------------------------------------------------
Starting RTL Elaboration : Time (s): cpu = 00:00:05 ; elapsed = 00:00:07 . Memory (MB): peak = 2737.344 ; gain = 0.000 ; free physical = 435755 ; free virtual = 607835
---------------------------------------------------------------------------------
INFO: [Synth 8-6157] synthesizing module 'design_1_auto_us_0' [/ecel/UFAD/michael.logsdon/workspace/SDR/vivado/SDR/SDR.gen/sources_1/bd/design_1/ip/design_1_auto_us_0/synth/design_1_auto_us_0.v:58]
INFO: [Synth 8-6157] synthesizing module 'axi_dwidth_converter_v2_1_25_top' [/ecel/UFAD/michael.logsdon/workspace/SDR/vivado/SDR/SDR.gen/sources_1/bd/design_1/ipshared/38b4/hdl/axi_dwidth_converter_v2_1_vlsyn_rfs.v:14462]
INFO: [Synth 8-6157] synthesizing module 'axi_dwidth_converter_v2_1_25_axi_upsizer' [/ecel/UFAD/michael.logsdon/workspace/SDR/vivado/SDR/SDR.gen/sources_1/bd/design_1/ipshared/38b4/hdl/axi_dwidth_converter_v2_1_vlsyn_rfs.v:7038]
INFO: [Synth 8-6157] synthesizing module 'axi_dwidth_converter_v2_1_25_w_upsizer' [/ecel/UFAD/michael.logsdon/workspace/SDR/vivado/SDR/SDR.gen/sources_1/bd/design_1/ipshared/38b4/hdl/axi_dwidth_converter_v2_1_vlsyn_rfs.v:5563]
INFO: [Synth 8-6155] done synthesizing module 'axi_dwidth_converter_v2_1_25_w_upsizer' (1#1) [/ecel/UFAD/michael.logsdon/workspace/SDR/vivado/SDR/SDR.gen/sources_1/bd/design_1/ipshared/38b4/hdl/axi_dwidth_converter_v2_1_vlsyn_rfs.v:5563]
INFO: [Synth 8-6157] synthesizing module 'axi_dwidth_converter_v2_1_25_a_upsizer' [/ecel/UFAD/michael.logsdon/workspace/SDR/vivado/SDR/SDR.gen/sources_1/bd/design_1/ipshared/38b4/hdl/axi_dwidth_converter_v2_1_vlsyn_rfs.v:3603]
INFO: [Synth 8-6157] synthesizing module 'generic_baseblocks_v2_1_0_command_fifo' [/ecel/UFAD/michael.logsdon/workspace/SDR/vivado/SDR/SDR.gen/sources_1/bd/design_1/ipshared/b752/hdl/generic_baseblocks_v2_1_vl_rfs.v:655]
INFO: [Synth 8-6155] done synthesizing module 'generic_baseblocks_v2_1_0_command_fifo' (2#1) [/ecel/UFAD/michael.logsdon/workspace/SDR/vivado/SDR/SDR.gen/sources_1/bd/design_1/ipshared/b752/hdl/generic_baseblocks_v2_1_vl_rfs.v:655]
INFO: [Synth 8-6155] done synthesizing module 'axi_dwidth_converter_v2_1_25_a_upsizer' (3#1) [/ecel/UFAD/michael.logsdon/workspace/SDR/vivado/SDR/SDR.gen/sources_1/bd/design_1/ipshared/38b4/hdl/axi_dwidth_converter_v2_1_vlsyn_rfs.v:3603]
INFO: [Synth 8-6157] synthesizing module 'axi_dwidth_converter_v2_1_25_r_upsizer' [/ecel/UFAD/michael.logsdon/workspace/SDR/vivado/SDR/SDR.gen/sources_1/bd/design_1/ipshared/38b4/hdl/axi_dwidth_converter_v2_1_vlsyn_rfs.v:4653]
INFO: [Synth 8-6155] done synthesizing module 'axi_dwidth_converter_v2_1_25_r_upsizer' (4#1) [/ecel/UFAD/michael.logsdon/workspace/SDR/vivado/SDR/SDR.gen/sources_1/bd/design_1/ipshared/38b4/hdl/axi_dwidth_converter_v2_1_vlsyn_rfs.v:4653]
INFO: [Synth 8-6157] synthesizing module 'axi_register_slice_v2_1_25_axi_register_slice' [/ecel/UFAD/michael.logsdon/workspace/SDR/vivado/SDR/SDR.gen/sources_1/bd/design_1/ipshared/e1e6/hdl/axi_register_slice_v2_1_vl_rfs.v:3726]
INFO: [Synth 8-6157] synthesizing module 'axi_infrastructure_v1_1_0_axi2vector' [/ecel/UFAD/michael.logsdon/workspace/SDR/vivado/SDR/SDR.gen/sources_1/bd/design_1/ipshared/ec67/hdl/axi_infrastructure_v1_1_vl_rfs.v:60]
INFO: [Synth 8-6155] done synthesizing module 'axi_infrastructure_v1_1_0_axi2vector' (5#1) [/ecel/UFAD/michael.logsdon/workspace/SDR/vivado/SDR/SDR.gen/sources_1/bd/design_1/ipshared/ec67/hdl/axi_infrastructure_v1_1_vl_rfs.v:60]
INFO: [Synth 8-6157] synthesizing module 'axi_infrastructure_v1_1_0_vector2axi' [/ecel/UFAD/michael.logsdon/workspace/SDR/vivado/SDR/SDR.gen/sources_1/bd/design_1/ipshared/ec67/hdl/axi_infrastructure_v1_1_vl_rfs.v:474]
INFO: [Synth 8-6155] done synthesizing module 'axi_infrastructure_v1_1_0_vector2axi' (6#1) [/ecel/UFAD/michael.logsdon/workspace/SDR/vivado/SDR/SDR.gen/sources_1/bd/design_1/ipshared/ec67/hdl/axi_infrastructure_v1_1_vl_rfs.v:474]
INFO: [Synth 8-6157] synthesizing module 'axi_register_slice_v2_1_25_axic_register_slice' [/ecel/UFAD/michael.logsdon/workspace/SDR/vivado/SDR/SDR.gen/sources_1/bd/design_1/ipshared/e1e6/hdl/axi_register_slice_v2_1_vl_rfs.v:1498]
INFO: [Synth 8-6155] done synthesizing module 'axi_register_slice_v2_1_25_axic_register_slice' (7#1) [/ecel/UFAD/michael.logsdon/workspace/SDR/vivado/SDR/SDR.gen/sources_1/bd/design_1/ipshared/e1e6/hdl/axi_register_slice_v2_1_vl_rfs.v:1498]
INFO: [Synth 8-6157] synthesizing module 'axi_register_slice_v2_1_25_axic_register_slice__parameterized0' [/ecel/UFAD/michael.logsdon/workspace/SDR/vivado/SDR/SDR.gen/sources_1/bd/design_1/ipshared/e1e6/hdl/axi_register_slice_v2_1_vl_rfs.v:1498]
INFO: [Synth 8-6155] done synthesizing module 'axi_register_slice_v2_1_25_axic_register_slice__parameterized0' (7#1) [/ecel/UFAD/michael.logsdon/workspace/SDR/vivado/SDR/SDR.gen/sources_1/bd/design_1/ipshared/e1e6/hdl/axi_register_slice_v2_1_vl_rfs.v:1498]
INFO: [Synth 8-6157] synthesizing module 'axi_register_slice_v2_1_25_axic_register_slice__parameterized1' [/ecel/UFAD/michael.logsdon/workspace/SDR/vivado/SDR/SDR.gen/sources_1/bd/design_1/ipshared/e1e6/hdl/axi_register_slice_v2_1_vl_rfs.v:1498]
INFO: [Synth 8-6155] done synthesizing module 'axi_register_slice_v2_1_25_axic_register_slice__parameterized1' (7#1) [/ecel/UFAD/michael.logsdon/workspace/SDR/vivado/SDR/SDR.gen/sources_1/bd/design_1/ipshared/e1e6/hdl/axi_register_slice_v2_1_vl_rfs.v:1498]
INFO: [Synth 8-6157] synthesizing module 'axi_register_slice_v2_1_25_axic_register_slice__parameterized2' [/ecel/UFAD/michael.logsdon/workspace/SDR/vivado/SDR/SDR.gen/sources_1/bd/design_1/ipshared/e1e6/hdl/axi_register_slice_v2_1_vl_rfs.v:1498]
INFO: [Synth 8-6155] done synthesizing module 'axi_register_slice_v2_1_25_axic_register_slice__parameterized2' (7#1) [/ecel/UFAD/michael.logsdon/workspace/SDR/vivado/SDR/SDR.gen/sources_1/bd/design_1/ipshared/e1e6/hdl/axi_register_slice_v2_1_vl_rfs.v:1498]
INFO: [Synth 8-6155] done synthesizing module 'axi_register_slice_v2_1_25_axi_register_slice' (8#1) [/ecel/UFAD/michael.logsdon/workspace/SDR/vivado/SDR/SDR.gen/sources_1/bd/design_1/ipshared/e1e6/hdl/axi_register_slice_v2_1_vl_rfs.v:3726]
WARNING: [Synth 8-7071] port 'aclk2x' of module 'axi_register_slice_v2_1_25_axi_register_slice' is unconnected for instance 'mi_register_slice_inst' [/ecel/UFAD/michael.logsdon/workspace/SDR/vivado/SDR/SDR.gen/sources_1/bd/design_1/ipshared/38b4/hdl/axi_dwidth_converter_v2_1_vlsyn_rfs.v:8475]
WARNING: [Synth 8-7023] instance 'mi_register_slice_inst' of module 'axi_register_slice_v2_1_25_axi_register_slice' has 93 connections declared, but only 92 given [/ecel/UFAD/michael.logsdon/workspace/SDR/vivado/SDR/SDR.gen/sources_1/bd/design_1/ipshared/38b4/hdl/axi_dwidth_converter_v2_1_vlsyn_rfs.v:8475]
INFO: [Synth 8-6157] synthesizing module 'axi_dwidth_converter_v2_1_25_a_upsizer__parameterized0' [/ecel/UFAD/michael.logsdon/workspace/SDR/vivado/SDR/SDR.gen/sources_1/bd/design_1/ipshared/38b4/hdl/axi_dwidth_converter_v2_1_vlsyn_rfs.v:3603]
INFO: [Synth 8-6155] done synthesizing module 'axi_dwidth_converter_v2_1_25_a_upsizer__parameterized0' (8#1) [/ecel/UFAD/michael.logsdon/workspace/SDR/vivado/SDR/SDR.gen/sources_1/bd/design_1/ipshared/38b4/hdl/axi_dwidth_converter_v2_1_vlsyn_rfs.v:3603]
INFO: [Synth 8-6157] synthesizing module 'axi_register_slice_v2_1_25_axi_register_slice__parameterized0' [/ecel/UFAD/michael.logsdon/workspace/SDR/vivado/SDR/SDR.gen/sources_1/bd/design_1/ipshared/e1e6/hdl/axi_register_slice_v2_1_vl_rfs.v:3726]
INFO: [Synth 8-6157] synthesizing module 'axi_infrastructure_v1_1_0_axi2vector__parameterized0' [/ecel/UFAD/michael.logsdon/workspace/SDR/vivado/SDR/SDR.gen/sources_1/bd/design_1/ipshared/ec67/hdl/axi_infrastructure_v1_1_vl_rfs.v:60]
INFO: [Synth 8-6155] done synthesizing module 'axi_infrastructure_v1_1_0_axi2vector__parameterized0' (8#1) [/ecel/UFAD/michael.logsdon/workspace/SDR/vivado/SDR/SDR.gen/sources_1/bd/design_1/ipshared/ec67/hdl/axi_infrastructure_v1_1_vl_rfs.v:60]
INFO: [Synth 8-6157] synthesizing module 'axi_infrastructure_v1_1_0_vector2axi__parameterized0' [/ecel/UFAD/michael.logsdon/workspace/SDR/vivado/SDR/SDR.gen/sources_1/bd/design_1/ipshared/ec67/hdl/axi_infrastructure_v1_1_vl_rfs.v:474]
INFO: [Synth 8-6155] done synthesizing module 'axi_infrastructure_v1_1_0_vector2axi__parameterized0' (8#1) [/ecel/UFAD/michael.logsdon/workspace/SDR/vivado/SDR/SDR.gen/sources_1/bd/design_1/ipshared/ec67/hdl/axi_infrastructure_v1_1_vl_rfs.v:474]
INFO: [Synth 8-6157] synthesizing module 'axi_register_slice_v2_1_25_axic_register_slice__parameterized3' [/ecel/UFAD/michael.logsdon/workspace/SDR/vivado/SDR/SDR.gen/sources_1/bd/design_1/ipshared/e1e6/hdl/axi_register_slice_v2_1_vl_rfs.v:1498]
INFO: [Synth 8-6155] done synthesizing module 'axi_register_slice_v2_1_25_axic_register_slice__parameterized3' (8#1) [/ecel/UFAD/michael.logsdon/workspace/SDR/vivado/SDR/SDR.gen/sources_1/bd/design_1/ipshared/e1e6/hdl/axi_register_slice_v2_1_vl_rfs.v:1498]
INFO: [Synth 8-6157] synthesizing module 'axi_register_slice_v2_1_25_axic_register_slice__parameterized4' [/ecel/UFAD/michael.logsdon/workspace/SDR/vivado/SDR/SDR.gen/sources_1/bd/design_1/ipshared/e1e6/hdl/axi_register_slice_v2_1_vl_rfs.v:1498]
INFO: [Synth 8-6155] done synthesizing module 'axi_register_slice_v2_1_25_axic_register_slice__parameterized4' (8#1) [/ecel/UFAD/michael.logsdon/workspace/SDR/vivado/SDR/SDR.gen/sources_1/bd/design_1/ipshared/e1e6/hdl/axi_register_slice_v2_1_vl_rfs.v:1498]
INFO: [Synth 8-6155] done synthesizing module 'axi_register_slice_v2_1_25_axi_register_slice__parameterized0' (8#1) [/ecel/UFAD/michael.logsdon/workspace/SDR/vivado/SDR/SDR.gen/sources_1/bd/design_1/ipshared/e1e6/hdl/axi_register_slice_v2_1_vl_rfs.v:3726]
WARNING: [Synth 8-7071] port 'aclk2x' of module 'axi_register_slice_v2_1_25_axi_register_slice' is unconnected for instance 'si_register_slice_inst' [/ecel/UFAD/michael.logsdon/workspace/SDR/vivado/SDR/SDR.gen/sources_1/bd/design_1/ipshared/38b4/hdl/axi_dwidth_converter_v2_1_vlsyn_rfs.v:7379]
WARNING: [Synth 8-7023] instance 'si_register_slice_inst' of module 'axi_register_slice_v2_1_25_axi_register_slice' has 93 connections declared, but only 92 given [/ecel/UFAD/michael.logsdon/workspace/SDR/vivado/SDR/SDR.gen/sources_1/bd/design_1/ipshared/38b4/hdl/axi_dwidth_converter_v2_1_vlsyn_rfs.v:7379]
INFO: [Synth 8-6155] done synthesizing module 'axi_dwidth_converter_v2_1_25_axi_upsizer' (9#1) [/ecel/UFAD/michael.logsdon/workspace/SDR/vivado/SDR/SDR.gen/sources_1/bd/design_1/ipshared/38b4/hdl/axi_dwidth_converter_v2_1_vlsyn_rfs.v:7038]
INFO: [Synth 8-6155] done synthesizing module 'axi_dwidth_converter_v2_1_25_top' (10#1) [/ecel/UFAD/michael.logsdon/workspace/SDR/vivado/SDR/SDR.gen/sources_1/bd/design_1/ipshared/38b4/hdl/axi_dwidth_converter_v2_1_vlsyn_rfs.v:14462]
INFO: [Synth 8-6155] done synthesizing module 'design_1_auto_us_0' (11#1) [/ecel/UFAD/michael.logsdon/workspace/SDR/vivado/SDR/SDR.gen/sources_1/bd/design_1/ip/design_1_auto_us_0/synth/design_1_auto_us_0.v:58]
WARNING: [Synth 8-7129] Port m_axi_buser[0] in module axi_infrastructure_v1_1_0_vector2axi__parameterized0 is either unconnected or has no load
WARNING: [Synth 8-7129] Port m_axi_ruser[0] in module axi_infrastructure_v1_1_0_vector2axi__parameterized0 is either unconnected or has no load
WARNING: [Synth 8-7129] Port s_axi_awuser[0] in module axi_infrastructure_v1_1_0_axi2vector__parameterized0 is either unconnected or has no load
WARNING: [Synth 8-7129] Port s_axi_wid[0] in module axi_infrastructure_v1_1_0_axi2vector__parameterized0 is either unconnected or has no load
WARNING: [Synth 8-7129] Port s_axi_wuser[0] in module axi_infrastructure_v1_1_0_axi2vector__parameterized0 is either unconnected or has no load
WARNING: [Synth 8-7129] Port s_axi_aruser[0] in module axi_infrastructure_v1_1_0_axi2vector__parameterized0 is either unconnected or has no load
WARNING: [Synth 8-7129] Port aclk2x in module axi_register_slice_v2_1_25_axi_register_slice__parameterized0 is either unconnected or has no load
WARNING: [Synth 8-7129] Port cmd_id_ready in module axi_dwidth_converter_v2_1_25_a_upsizer__parameterized0 is either unconnected or has no load
WARNING: [Synth 8-7129] Port S_AXI_AID[0] in module axi_dwidth_converter_v2_1_25_a_upsizer__parameterized0 is either unconnected or has no load
WARNING: [Synth 8-7129] Port m_axi_buser[0] in module axi_infrastructure_v1_1_0_vector2axi is either unconnected or has no load
WARNING: [Synth 8-7129] Port m_axi_ruser[0] in module axi_infrastructure_v1_1_0_vector2axi is either unconnected or has no load
WARNING: [Synth 8-7129] Port s_axi_awuser[0] in module axi_infrastructure_v1_1_0_axi2vector is either unconnected or has no load
WARNING: [Synth 8-7129] Port s_axi_wid[0] in module axi_infrastructure_v1_1_0_axi2vector is either unconnected or has no load
WARNING: [Synth 8-7129] Port s_axi_wuser[0] in module axi_infrastructure_v1_1_0_axi2vector is either unconnected or has no load
WARNING: [Synth 8-7129] Port s_axi_aruser[0] in module axi_infrastructure_v1_1_0_axi2vector is either unconnected or has no load
WARNING: [Synth 8-7129] Port aclk2x in module axi_register_slice_v2_1_25_axi_register_slice is either unconnected or has no load
WARNING: [Synth 8-7129] Port cmd_id_ready in module axi_dwidth_converter_v2_1_25_a_upsizer is either unconnected or has no load
WARNING: [Synth 8-7129] Port S_AXI_AID[0] in module axi_dwidth_converter_v2_1_25_a_upsizer is either unconnected or has no load
WARNING: [Synth 8-7129] Port s_axi_awlock[1] in module axi_dwidth_converter_v2_1_25_axi_upsizer is either unconnected or has no load
WARNING: [Synth 8-7129] Port s_axi_arlock[1] in module axi_dwidth_converter_v2_1_25_axi_upsizer is either unconnected or has no load
WARNING: [Synth 8-7129] Port m_axi_aresetn in module axi_dwidth_converter_v2_1_25_axi_upsizer is either unconnected or has no load
WARNING: [Synth 8-7129] Port m_axi_aclk in module axi_dwidth_converter_v2_1_25_axi_upsizer is either unconnected or has no load
---------------------------------------------------------------------------------
Finished RTL Elaboration : Time (s): cpu = 00:00:10 ; elapsed = 00:00:14 . Memory (MB): peak = 2737.344 ; gain = 0.000 ; free physical = 436244 ; free virtual = 608326
---------------------------------------------------------------------------------
---------------------------------------------------------------------------------
Start Handling Custom Attributes
---------------------------------------------------------------------------------
---------------------------------------------------------------------------------
Finished Handling Custom Attributes : Time (s): cpu = 00:00:11 ; elapsed = 00:00:15 . Memory (MB): peak = 2737.344 ; gain = 0.000 ; free physical = 436197 ; free virtual = 608278
---------------------------------------------------------------------------------
---------------------------------------------------------------------------------
Finished RTL Optimization Phase 1 : Time (s): cpu = 00:00:11 ; elapsed = 00:00:15 . Memory (MB): peak = 2737.344 ; gain = 0.000 ; free physical = 436197 ; free virtual = 608278
---------------------------------------------------------------------------------
Netlist sorting complete. Time (s): cpu = 00:00:00.05 ; elapsed = 00:00:00.05 . Memory (MB): peak = 2737.344 ; gain = 0.000 ; free physical = 436189 ; free virtual = 608270
INFO: [Project 1-570] Preparing netlist for logic optimization

Processing XDC Constraints
Initializing timing engine
Parsing XDC File [/ecel/UFAD/michael.logsdon/workspace/SDR/vivado/SDR/SDR.gen/sources_1/bd/design_1/ip/design_1_auto_us_0/design_1_auto_us_0_ooc.xdc] for cell 'inst'
Finished Parsing XDC File [/ecel/UFAD/michael.logsdon/workspace/SDR/vivado/SDR/SDR.gen/sources_1/bd/design_1/ip/design_1_auto_us_0/design_1_auto_us_0_ooc.xdc] for cell 'inst'
Parsing XDC File [/ecel/UFAD/michael.logsdon/workspace/SDR/vivado/SDR/SDR.runs/design_1_auto_us_0_synth_1/dont_touch.xdc]
Finished Parsing XDC File [/ecel/UFAD/michael.logsdon/workspace/SDR/vivado/SDR/SDR.runs/design_1_auto_us_0_synth_1/dont_touch.xdc]
Completed Processing XDC Constraints

Netlist sorting complete. Time (s): cpu = 00:00:00 ; elapsed = 00:00:00 . Memory (MB): peak = 2841.129 ; gain = 0.000 ; free physical = 436016 ; free virtual = 608133
INFO: [Project 1-111] Unisim Transformation Summary:
No Unisim elements were transformed.

Constraint Validation Runtime : Time (s): cpu = 00:00:00.20 ; elapsed = 00:00:00.08 . Memory (MB): peak = 2841.129 ; gain = 0.000 ; free physical = 436014 ; free virtual = 608137
---------------------------------------------------------------------------------
Finished Constraint Validation : Time (s): cpu = 00:00:17 ; elapsed = 00:00:22 . Memory (MB): peak = 2841.129 ; gain = 103.785 ; free physical = 436080 ; free virtual = 608198
---------------------------------------------------------------------------------
---------------------------------------------------------------------------------
Start Loading Part and Timing Information
---------------------------------------------------------------------------------
Loading part: xc7z020clg400-1
---------------------------------------------------------------------------------
Finished Loading Part and Timing Information : Time (s): cpu = 00:00:17 ; elapsed = 00:00:22 . Memory (MB): peak = 2841.129 ; gain = 103.785 ; free physical = 436080 ; free virtual = 608198
---------------------------------------------------------------------------------
---------------------------------------------------------------------------------
Start Applying 'set_property' XDC Constraints
---------------------------------------------------------------------------------
Applied set_property KEEP_HIERARCHY = SOFT for inst. (constraint file  /ecel/UFAD/michael.logsdon/workspace/SDR/vivado/SDR/SDR.runs/design_1_auto_us_0_synth_1/dont_touch.xdc, line 9).
---------------------------------------------------------------------------------
Finished applying 'set_property' XDC Constraints : Time (s): cpu = 00:00:17 ; elapsed = 00:00:22 . Memory (MB): peak = 2841.129 ; gain = 103.785 ; free physical = 436079 ; free virtual = 608197
---------------------------------------------------------------------------------
---------------------------------------------------------------------------------
Finished RTL Optimization Phase 2 : Time (s): cpu = 00:00:18 ; elapsed = 00:00:23 . Memory (MB): peak = 2841.129 ; gain = 103.785 ; free physical = 436054 ; free virtual = 608177
---------------------------------------------------------------------------------
---------------------------------------------------------------------------------
Start RTL Component Statistics 
---------------------------------------------------------------------------------
Detailed RTL Component Info : 
+---Adders : 
	   2 Input    8 Bit       Adders := 4     
	   2 Input    6 Bit       Adders := 1     
	   2 Input    5 Bit       Adders := 2     
	   2 Input    4 Bit       Adders := 2     
	   2 Input    3 Bit       Adders := 4     
+---Registers : 
	               73 Bit    Registers := 2     
	               68 Bit    Registers := 2     
	               64 Bit    Registers := 1     
	               62 Bit    Registers := 4     
	               37 Bit    Registers := 2     
	               36 Bit    Registers := 2     
	               30 Bit    Registers := 2     
	                8 Bit    Registers := 18    
	                5 Bit    Registers := 2     
	                3 Bit    Registers := 6     
	                2 Bit    Registers := 11    
	                1 Bit    Registers := 53    
+---Muxes : 
	   2 Input   73 Bit        Muxes := 2     
	   2 Input   68 Bit        Muxes := 2     
	   2 Input   37 Bit        Muxes := 2     
	   2 Input   36 Bit        Muxes := 2     
	   2 Input   32 Bit        Muxes := 9     
	   2 Input    8 Bit        Muxes := 22    
	   8 Input    8 Bit        Muxes := 4     
	   2 Input    3 Bit        Muxes := 11    
	   8 Input    3 Bit        Muxes := 6     
	   2 Input    2 Bit        Muxes := 7     
	   2 Input    1 Bit        Muxes := 59    
---------------------------------------------------------------------------------
Finished RTL Component Statistics 
---------------------------------------------------------------------------------
---------------------------------------------------------------------------------
Start Part Resource Summary
---------------------------------------------------------------------------------
Part Resources:
DSPs: 220 (col length:60)
BRAMs: 280 (col length: RAMB18 60 RAMB36 30)
---------------------------------------------------------------------------------
Finished Part Resource Summary
---------------------------------------------------------------------------------
---------------------------------------------------------------------------------
Start Cross Boundary and Area Optimization
---------------------------------------------------------------------------------
WARNING: [Synth 8-7080] Parallel synthesis criteria is not met
INFO: [Synth 8-3936] Found unconnected internal register 'gen_upsizer.gen_full_upsizer.axi_upsizer_inst/USE_READ.gen_non_fifo_r_upsizer.mi_register_slice_inst/r.r_pipe/m_payload_i_reg' and it is trimmed from '68' to '67' bits. [/ecel/UFAD/michael.logsdon/workspace/SDR/vivado/SDR/SDR.gen/sources_1/bd/design_1/ipshared/e1e6/hdl/axi_register_slice_v2_1_vl_rfs.v:1731]
---------------------------------------------------------------------------------
Finished Cross Boundary and Area Optimization : Time (s): cpu = 00:00:23 ; elapsed = 00:00:27 . Memory (MB): peak = 2841.129 ; gain = 103.785 ; free physical = 436018 ; free virtual = 608146
---------------------------------------------------------------------------------
---------------------------------------------------------------------------------
Start Applying XDC Timing Constraints
---------------------------------------------------------------------------------
---------------------------------------------------------------------------------
Finished Applying XDC Timing Constraints : Time (s): cpu = 00:00:28 ; elapsed = 00:00:32 . Memory (MB): peak = 2841.129 ; gain = 103.785 ; free physical = 435816 ; free virtual = 607948
---------------------------------------------------------------------------------
---------------------------------------------------------------------------------
Start Timing Optimization
---------------------------------------------------------------------------------
---------------------------------------------------------------------------------
Finished Timing Optimization : Time (s): cpu = 00:00:28 ; elapsed = 00:00:33 . Memory (MB): peak = 2841.129 ; gain = 103.785 ; free physical = 435796 ; free virtual = 607928
---------------------------------------------------------------------------------
---------------------------------------------------------------------------------
Start Technology Mapping
---------------------------------------------------------------------------------
---------------------------------------------------------------------------------
Finished Technology Mapping : Time (s): cpu = 00:00:28 ; elapsed = 00:00:34 . Memory (MB): peak = 2841.129 ; gain = 103.785 ; free physical = 435785 ; free virtual = 607917
---------------------------------------------------------------------------------
---------------------------------------------------------------------------------
Start IO Insertion
---------------------------------------------------------------------------------
---------------------------------------------------------------------------------
Start Flattening Before IO Insertion
---------------------------------------------------------------------------------
---------------------------------------------------------------------------------
Finished Flattening Before IO Insertion
---------------------------------------------------------------------------------
---------------------------------------------------------------------------------
Start Final Netlist Cleanup
---------------------------------------------------------------------------------
---------------------------------------------------------------------------------
Finished Final Netlist Cleanup
---------------------------------------------------------------------------------
---------------------------------------------------------------------------------
Finished IO Insertion : Time (s): cpu = 00:00:32 ; elapsed = 00:00:37 . Memory (MB): peak = 2841.129 ; gain = 103.785 ; free physical = 435859 ; free virtual = 608001
---------------------------------------------------------------------------------
---------------------------------------------------------------------------------
Start Renaming Generated Instances
---------------------------------------------------------------------------------
---------------------------------------------------------------------------------
Finished Renaming Generated Instances : Time (s): cpu = 00:00:32 ; elapsed = 00:00:37 . Memory (MB): peak = 2841.129 ; gain = 103.785 ; free physical = 435859 ; free virtual = 608001
---------------------------------------------------------------------------------
---------------------------------------------------------------------------------
Start Rebuilding User Hierarchy
---------------------------------------------------------------------------------
---------------------------------------------------------------------------------
Finished Rebuilding User Hierarchy : Time (s): cpu = 00:00:32 ; elapsed = 00:00:37 . Memory (MB): peak = 2841.129 ; gain = 103.785 ; free physical = 435863 ; free virtual = 608006
---------------------------------------------------------------------------------
---------------------------------------------------------------------------------
Start Renaming Generated Ports
---------------------------------------------------------------------------------
---------------------------------------------------------------------------------
Finished Renaming Generated Ports : Time (s): cpu = 00:00:32 ; elapsed = 00:00:37 . Memory (MB): peak = 2841.129 ; gain = 103.785 ; free physical = 435863 ; free virtual = 608006
---------------------------------------------------------------------------------
---------------------------------------------------------------------------------
Start Handling Custom Attributes
---------------------------------------------------------------------------------
---------------------------------------------------------------------------------
Finished Handling Custom Attributes : Time (s): cpu = 00:00:32 ; elapsed = 00:00:37 . Memory (MB): peak = 2841.129 ; gain = 103.785 ; free physical = 435863 ; free virtual = 608006
---------------------------------------------------------------------------------
---------------------------------------------------------------------------------
Start Renaming Generated Nets
---------------------------------------------------------------------------------
---------------------------------------------------------------------------------
Finished Renaming Generated Nets : Time (s): cpu = 00:00:32 ; elapsed = 00:00:37 . Memory (MB): peak = 2841.129 ; gain = 103.785 ; free physical = 435863 ; free virtual = 608006
---------------------------------------------------------------------------------
---------------------------------------------------------------------------------
Start ROM, RAM, DSP, Shift Register and Retiming Reporting
---------------------------------------------------------------------------------

Dynamic Shift Register Report:
+------------+-------------------------------+--------+------------+--------+---------+--------+--------+--------+
|Module Name | RTL Name                      | Length | Data Width | SRL16E | SRLC32E | Mux F7 | Mux F8 | Mux F9 | 
+------------+-------------------------------+--------+------------+--------+---------+--------+--------+--------+
|dsrl        | USE_RTL_FIFO.data_srl_reg[31] | 30     | 30         | 0      | 30      | 0      | 0      | 0      | 
|dsrl__2     | USE_RTL_FIFO.data_srl_reg[31] | 30     | 30         | 0      | 30      | 0      | 0      | 0      | 
+------------+-------------------------------+--------+------------+--------+---------+--------+--------+--------+

---------------------------------------------------------------------------------
Finished ROM, RAM, DSP, Shift Register and Retiming Reporting
---------------------------------------------------------------------------------
---------------------------------------------------------------------------------
Start Writing Synthesis Report
---------------------------------------------------------------------------------

Report BlackBoxes: 
+-+--------------+----------+
| |BlackBox name |Instances |
+-+--------------+----------+
+-+--------------+----------+

Report Cell Usage: 
+------+--------+------+
|      |Cell    |Count |
+------+--------+------+
|1     |LUT1    |     3|
|2     |LUT2    |    23|
|3     |LUT3    |   108|
|4     |LUT4    |    41|
|5     |LUT5    |   131|
|6     |LUT6    |   211|
|7     |SRLC32E |    56|
|8     |FDRE    |   581|
|9     |FDSE    |     4|
+------+--------+------+
---------------------------------------------------------------------------------
Finished Writing Synthesis Report : Time (s): cpu = 00:00:32 ; elapsed = 00:00:37 . Memory (MB): peak = 2841.129 ; gain = 103.785 ; free physical = 435863 ; free virtual = 608006
---------------------------------------------------------------------------------
Synthesis finished with 0 errors, 0 critical warnings and 1 warnings.
Synthesis Optimization Runtime : Time (s): cpu = 00:00:29 ; elapsed = 00:00:35 . Memory (MB): peak = 2841.129 ; gain = 0.000 ; free physical = 435915 ; free virtual = 608058
Synthesis Optimization Complete : Time (s): cpu = 00:00:32 ; elapsed = 00:00:37 . Memory (MB): peak = 2841.129 ; gain = 103.785 ; free physical = 435914 ; free virtual = 608058
INFO: [Project 1-571] Translating synthesized netlist
Netlist sorting complete. Time (s): cpu = 00:00:00.02 ; elapsed = 00:00:00.03 . Memory (MB): peak = 2841.129 ; gain = 0.000 ; free physical = 436014 ; free virtual = 608158
INFO: [Project 1-570] Preparing netlist for logic optimization
INFO: [Opt 31-138] Pushed 0 inverter(s) to 0 load pin(s).
Netlist sorting complete. Time (s): cpu = 00:00:00 ; elapsed = 00:00:00 . Memory (MB): peak = 2841.129 ; gain = 0.000 ; free physical = 435952 ; free virtual = 608097
INFO: [Project 1-111] Unisim Transformation Summary:
No Unisim elements were transformed.

Synth Design complete, checksum: dfa694d
INFO: [Common 17-83] Releasing license: Synthesis
56 Infos, 27 Warnings, 0 Critical Warnings and 0 Errors encountered.
synth_design completed successfully
synth_design: Time (s): cpu = 00:00:44 ; elapsed = 00:00:45 . Memory (MB): peak = 2841.129 ; gain = 107.961 ; free physical = 436027 ; free virtual = 608172
INFO: [Common 17-1381] The checkpoint '/ecel/UFAD/michael.logsdon/workspace/SDR/vivado/SDR/SDR.runs/design_1_auto_us_0_synth_1/design_1_auto_us_0.dcp' has been generated.
INFO: [Coretcl 2-1648] Added synthesis output to IP cache for IP design_1_auto_us_0, cache-ID = 12964e4ed32315db
INFO: [Coretcl 2-1174] Renamed 13 cell refs.
INFO: [Common 17-1381] The checkpoint '/ecel/UFAD/michael.logsdon/workspace/SDR/vivado/SDR/SDR.runs/design_1_auto_us_0_synth_1/design_1_auto_us_0.dcp' has been generated.
INFO: [runtcl-4] Executing : report_utilization -file design_1_auto_us_0_utilization_synth.rpt -pb design_1_auto_us_0_utilization_synth.pb
INFO: [Common 17-206] Exiting Vivado at Fri Aug 21 18:03:24 2026...
