Copyright 1986-2021 Xilinx, Inc. All Rights Reserved.
-----------------------------------------------------------------------------------------
| Tool Version : Vivado v.2021.2 (lin64) Build 3367213 Tue Oct 19 02:47:39 MDT 2021
| Date         : Fri Aug 21 14:05:38 2026
| Host         : ece-lnx-10 running 64-bit Red Hat Enterprise Linux release 8.10 (Ootpa)
| Command      : upgrade_ip
| Device       : xc7z020clg400-1
-----------------------------------------------------------------------------------------

Upgrade Log for IP 'design_1_top_0_0'

1. Summary
----------

SUCCESS in the upgrade of design_1_top_0_0 (user.org:user:top:1.0) from (Rev. 9) to (Rev. 10)






Copyright 1986-2021 Xilinx, Inc. All Rights Reserved.
-----------------------------------------------------------------------------------------
| Tool Version : Vivado v.2021.2 (lin64) Build 3367213 Tue Oct 19 02:47:39 MDT 2021
| Date         : Fri Aug 21 12:39:14 2026
| Host         : ece-lnx-10 running 64-bit Red Hat Enterprise Linux release 8.10 (Ootpa)
| Command      : upgrade_ip
| Device       : xc7z020clg400-1
-----------------------------------------------------------------------------------------

Upgrade Log for IP 'design_1_top_0_0'

1. Summary
----------

SUCCESS in the upgrade of design_1_top_0_0 (user.org:user:top:1.0) from (Rev. 8) to (Rev. 9)






Copyright 1986-2021 Xilinx, Inc. All Rights Reserved.
-----------------------------------------------------------------------------------------
| Tool Version : Vivado v.2021.2 (lin64) Build 3367213 Tue Oct 19 02:47:39 MDT 2021
| Date         : Fri Aug 21 11:34:45 2026
| Host         : ece-lnx-10 running 64-bit Red Hat Enterprise Linux release 8.10 (Ootpa)
| Command      : upgrade_ip
| Device       : xc7z020clg400-1
-----------------------------------------------------------------------------------------

Upgrade Log for IP 'design_1_top_0_0'

1. Summary
----------

CAUTION (success, with warnings) in the upgrade of design_1_top_0_0 (user.org:user:top:1.0) from (Rev. 7) to (Rev. 8)

After upgrade, an IP may have parameter and port differences compared to the original customization. Please review the parameters within the IP customization GUI to ensure proper functionality. Also, please review the updated IP instantiation template to ensure proper connectivity, and update your design if required.

2. Connection Warnings
----------------------

Detected external port differences while upgrading 'design_1_top_0_0'. These changes may impact your design.


-Upgrade has removed port 'adc'

-Upgrade has added port 'adc_cdcs_o'

-Upgrade has added port 'adc_clk_o'

-Upgrade has added port 'adc_dat_i'







Copyright 1986-2021 Xilinx, Inc. All Rights Reserved.
-----------------------------------------------------------------------------------------
| Tool Version : Vivado v.2021.2 (lin64) Build 3367213 Tue Oct 19 02:47:39 MDT 2021
| Date         : Fri Aug 21 09:40:31 2026
| Host         : ece-lnx-10 running 64-bit Red Hat Enterprise Linux release 8.10 (Ootpa)
| Command      : upgrade_ip
| Device       : xc7z020clg400-1
-----------------------------------------------------------------------------------------

Upgrade Log for IP 'design_1_top_0_0'

1. Summary
----------

SUCCESS in the upgrade of design_1_top_0_0 (user.org:user:top:1.0) from (Rev. 6) to (Rev. 7)






Copyright 1986-2021 Xilinx, Inc. All Rights Reserved.
-----------------------------------------------------------------------------------------
| Tool Version : Vivado v.2021.2 (lin64) Build 3367213 Tue Oct 19 02:47:39 MDT 2021
| Date         : Thu Aug 20 21:58:08 2026
| Host         : ece-lnx-10 running 64-bit Red Hat Enterprise Linux release 8.10 (Ootpa)
| Command      : upgrade_ip
| Device       : xc7z020clg400-1
-----------------------------------------------------------------------------------------

Upgrade Log for IP 'design_1_top_0_0'

1. Summary
----------

SUCCESS in the upgrade of design_1_top_0_0 (user.org:user:top:1.0) from (Rev. 5) to (Rev. 6)






Copyright 1986-2021 Xilinx, Inc. All Rights Reserved.
-----------------------------------------------------------------------------------------
| Tool Version : Vivado v.2021.2 (lin64) Build 3367213 Tue Oct 19 02:47:39 MDT 2021
| Date         : Thu Aug 20 20:07:27 2026
| Host         : ece-lnx-10 running 64-bit Red Hat Enterprise Linux release 8.10 (Ootpa)
| Command      : upgrade_ip
| Device       : xc7z020clg400-1
-----------------------------------------------------------------------------------------

Upgrade Log for IP 'design_1_top_0_0'

1. Summary
----------

SUCCESS in the conversion of design_1_top_0_0 (user.org:user:top:1.0 (Rev. 5)) to Vivado generation flows.






Copyright 1986-2021 Xilinx, Inc. All Rights Reserved.
-----------------------------------------------------------------------------------------
| Tool Version : Vivado v.2021.2 (lin64) Build 3367213 Tue Oct 19 02:47:39 MDT 2021
| Date         : Thu Aug 20 19:55:39 2026
| Host         : ece-lnx-10 running 64-bit Red Hat Enterprise Linux release 8.10 (Ootpa)
| Command      : upgrade_ip
| Device       : xc7z020clg400-1
-----------------------------------------------------------------------------------------

Upgrade Log for IP 'design_1_top_0_0'

1. Summary
----------

SUCCESS in the conversion of design_1_top_0_0 (user.org:user:top:1.0 (Rev. 5)) to Vivado generation flows.






Copyright 1986-2021 Xilinx, Inc. All Rights Reserved.
-----------------------------------------------------------------------------------------
| Tool Version : Vivado v.2021.2 (lin64) Build 3367213 Tue Oct 19 02:47:39 MDT 2021
| Date         : Thu Aug 20 19:39:55 2026
| Host         : ece-lnx-10 running 64-bit Red Hat Enterprise Linux release 8.10 (Ootpa)
| Command      : upgrade_ip
| Device       : xc7z020clg400-1
-----------------------------------------------------------------------------------------

Upgrade Log for IP 'design_1_top_0_0'

1. Summary
----------

SUCCESS in the upgrade of design_1_top_0_0 (user.org:user:top:1.0) from (Rev. 4) to (Rev. 5)






Copyright 1986-2021 Xilinx, Inc. All Rights Reserved.
-----------------------------------------------------------------------------------------
| Tool Version : Vivado v.2021.2 (lin64) Build 3367213 Tue Oct 19 02:47:39 MDT 2021
| Date         : Thu Aug 20 19:20:45 2026
| Host         : ece-lnx-10 running 64-bit Red Hat Enterprise Linux release 8.10 (Ootpa)
| Command      : upgrade_ip
| Device       : xc7z020clg400-1
-----------------------------------------------------------------------------------------

Upgrade Log for IP 'design_1_top_0_0'

1. Summary
----------

SUCCESS in the upgrade of design_1_top_0_0 (user.org:user:top:1.0) from (Rev. 3) to (Rev. 4)






Copyright 1986-2021 Xilinx, Inc. All Rights Reserved.
-----------------------------------------------------------------------------------------
| Tool Version : Vivado v.2021.2 (lin64) Build 3367213 Tue Oct 19 02:47:39 MDT 2021
| Date         : Thu Aug 20 18:49:14 2026
| Host         : ece-lnx-10 running 64-bit Red Hat Enterprise Linux release 8.10 (Ootpa)
| Command      : upgrade_ip
| Device       : xc7z020clg400-1
-----------------------------------------------------------------------------------------

Upgrade Log for IP 'design_1_top_0_0'

1. Summary
----------

SUCCESS in the upgrade of design_1_top_0_0 (user.org:user:top:1.0) from (Rev. 2) to (Rev. 3)

