
*** Running vivado
    with args -log design_1_xbar_1.vds -m64 -product Vivado -mode batch -messageDb vivado.pb -notrace -source design_1_xbar_1.tcl


****** Vivado v2021.2 (64-bit)
  **** SW Build 3367213 on Tue Oct 19 02:47:39 MDT 2021
  **** IP Build 3369179 on Thu Oct 21 08:25:16 MDT 2021
    ** Copyright 1986-2021 Xilinx, Inc. All Rights Reserved.

source design_1_xbar_1.tcl -notrace
create_project: Time (s): cpu = 00:00:05 ; elapsed = 00:00:05 . Memory (MB): peak = 2733.164 ; gain = 2.016 ; free physical = 440195 ; free virtual = 612275
INFO: [IP_Flow 19-234] Refreshing IP repositories
INFO: [IP_Flow 19-1700] Loaded user IP repository '/ecel/UFAD/michael.logsdon/workspace/SDR/ip_repo'.
INFO: [IP_Flow 19-2313] Loaded Vivado IP repository '/apps/reconfig/tools/Xilinx/Vivado/2021.2/data/ip'.
Command: synth_design -top design_1_xbar_1 -part xc7z020clg400-1 -mode out_of_context
Starting synth_design
Attempting to get a license for feature 'Synthesis' and/or device 'xc7z020'
INFO: [Common 17-349] Got license for feature 'Synthesis' and/or device 'xc7z020'
INFO: [Device 21-403] Loading part xc7z020clg400-1
INFO: [Synth 8-7079] Multithreading enabled for synth_design using a maximum of 4 processes.
INFO: [Synth 8-7078] Launching helper process for spawning children vivado processes
INFO: [Synth 8-7075] Helper process launched with PID 953825
---------------------------------------------------------------------------------
Starting RTL Elaboration : Time (s): cpu = 00:00:06 ; elapsed = 00:00:08 . Memory (MB): peak = 2737.340 ; gain = 0.000 ; free physical = 436486 ; free virtual = 608566
---------------------------------------------------------------------------------
INFO: [Synth 8-6157] synthesizing module 'design_1_xbar_1' [/ecel/UFAD/michael.logsdon/workspace/SDR/vivado/SDR/SDR.gen/sources_1/bd/design_1/ip/design_1_xbar_1/synth/design_1_xbar_1.v:59]
INFO: [Synth 8-6157] synthesizing module 'axi_crossbar_v2_1_26_axi_crossbar' [/ecel/UFAD/michael.logsdon/workspace/SDR/vivado/SDR/SDR.gen/sources_1/bd/design_1/ipshared/ac57/hdl/axi_crossbar_v2_1_vl_rfs.v:4884]
INFO: [Synth 8-6157] synthesizing module 'axi_crossbar_v2_1_26_crossbar' [/ecel/UFAD/michael.logsdon/workspace/SDR/vivado/SDR/SDR.gen/sources_1/bd/design_1/ipshared/ac57/hdl/axi_crossbar_v2_1_vl_rfs.v:2239]
INFO: [Synth 8-6157] synthesizing module 'axi_crossbar_v2_1_26_si_transactor' [/ecel/UFAD/michael.logsdon/workspace/SDR/vivado/SDR/SDR.gen/sources_1/bd/design_1/ipshared/ac57/hdl/axi_crossbar_v2_1_vl_rfs.v:3800]
INFO: [Synth 8-6157] synthesizing module 'axi_crossbar_v2_1_26_addr_decoder' [/ecel/UFAD/michael.logsdon/workspace/SDR/vivado/SDR/SDR.gen/sources_1/bd/design_1/ipshared/ac57/hdl/axi_crossbar_v2_1_vl_rfs.v:794]
INFO: [Synth 8-6157] synthesizing module 'generic_baseblocks_v2_1_0_comparator_static' [/ecel/UFAD/michael.logsdon/workspace/SDR/vivado/SDR/SDR.gen/sources_1/bd/design_1/ipshared/b752/hdl/generic_baseblocks_v2_1_vl_rfs.v:2133]
INFO: [Synth 8-6157] synthesizing module 'generic_baseblocks_v2_1_0_carry_and' [/ecel/UFAD/michael.logsdon/workspace/SDR/vivado/SDR/SDR.gen/sources_1/bd/design_1/ipshared/b752/hdl/generic_baseblocks_v2_1_vl_rfs.v:62]
INFO: [Synth 8-6155] done synthesizing module 'generic_baseblocks_v2_1_0_carry_and' (1#1) [/ecel/UFAD/michael.logsdon/workspace/SDR/vivado/SDR/SDR.gen/sources_1/bd/design_1/ipshared/b752/hdl/generic_baseblocks_v2_1_vl_rfs.v:62]
INFO: [Synth 8-6155] done synthesizing module 'generic_baseblocks_v2_1_0_comparator_static' (2#1) [/ecel/UFAD/michael.logsdon/workspace/SDR/vivado/SDR/SDR.gen/sources_1/bd/design_1/ipshared/b752/hdl/generic_baseblocks_v2_1_vl_rfs.v:2133]
INFO: [Synth 8-6155] done synthesizing module 'axi_crossbar_v2_1_26_addr_decoder' (3#1) [/ecel/UFAD/michael.logsdon/workspace/SDR/vivado/SDR/SDR.gen/sources_1/bd/design_1/ipshared/ac57/hdl/axi_crossbar_v2_1_vl_rfs.v:794]
INFO: [Synth 8-6157] synthesizing module 'axi_data_fifo_v2_1_24_axic_srl_fifo' [/ecel/UFAD/michael.logsdon/workspace/SDR/vivado/SDR/SDR.gen/sources_1/bd/design_1/ipshared/fa53/hdl/axi_data_fifo_v2_1_vl_rfs.v:698]
INFO: [Synth 8-6157] synthesizing module 'axi_data_fifo_v2_1_24_ndeep_srl' [/ecel/UFAD/michael.logsdon/workspace/SDR/vivado/SDR/SDR.gen/sources_1/bd/design_1/ipshared/fa53/hdl/axi_data_fifo_v2_1_vl_rfs.v:1135]
INFO: [Synth 8-6157] synthesizing module 'SRLC32E' [/apps/reconfig/tools/Xilinx/Vivado/2021.2/scripts/rt/data/unisim_comp.v:106149]
INFO: [Synth 8-6155] done synthesizing module 'SRLC32E' (4#1) [/apps/reconfig/tools/Xilinx/Vivado/2021.2/scripts/rt/data/unisim_comp.v:106149]
INFO: [Synth 8-6155] done synthesizing module 'axi_data_fifo_v2_1_24_ndeep_srl' (5#1) [/ecel/UFAD/michael.logsdon/workspace/SDR/vivado/SDR/SDR.gen/sources_1/bd/design_1/ipshared/fa53/hdl/axi_data_fifo_v2_1_vl_rfs.v:1135]
WARNING: [Synth 8-6014] Unused sequential element areset_d1_reg was removed.  [/ecel/UFAD/michael.logsdon/workspace/SDR/vivado/SDR/SDR.gen/sources_1/bd/design_1/ipshared/fa53/hdl/axi_data_fifo_v2_1_vl_rfs.v:750]
WARNING: [Synth 8-6014] Unused sequential element S_READY_i_reg was removed.  [/ecel/UFAD/michael.logsdon/workspace/SDR/vivado/SDR/SDR.gen/sources_1/bd/design_1/ipshared/fa53/hdl/axi_data_fifo_v2_1_vl_rfs.v:789]
INFO: [Synth 8-6155] done synthesizing module 'axi_data_fifo_v2_1_24_axic_srl_fifo' (6#1) [/ecel/UFAD/michael.logsdon/workspace/SDR/vivado/SDR/SDR.gen/sources_1/bd/design_1/ipshared/fa53/hdl/axi_data_fifo_v2_1_vl_rfs.v:698]
INFO: [Synth 8-6157] synthesizing module 'generic_baseblocks_v2_1_0_mux_enc' [/ecel/UFAD/michael.logsdon/workspace/SDR/vivado/SDR/SDR.gen/sources_1/bd/design_1/ipshared/b752/hdl/generic_baseblocks_v2_1_vl_rfs.v:2452]
INFO: [Synth 8-6155] done synthesizing module 'generic_baseblocks_v2_1_0_mux_enc' (7#1) [/ecel/UFAD/michael.logsdon/workspace/SDR/vivado/SDR/SDR.gen/sources_1/bd/design_1/ipshared/b752/hdl/generic_baseblocks_v2_1_vl_rfs.v:2452]
WARNING: [Synth 8-6014] Unused sequential element gen_single_thread.debug_r_beat_cnt_i_reg was removed.  [/ecel/UFAD/michael.logsdon/workspace/SDR/vivado/SDR/SDR.gen/sources_1/bd/design_1/ipshared/ac57/hdl/axi_crossbar_v2_1_vl_rfs.v:4192]
WARNING: [Synth 8-6014] Unused sequential element gen_single_thread.active_id_reg was removed.  [/ecel/UFAD/michael.logsdon/workspace/SDR/vivado/SDR/SDR.gen/sources_1/bd/design_1/ipshared/ac57/hdl/axi_crossbar_v2_1_vl_rfs.v:4150]
INFO: [Synth 8-6155] done synthesizing module 'axi_crossbar_v2_1_26_si_transactor' (8#1) [/ecel/UFAD/michael.logsdon/workspace/SDR/vivado/SDR/SDR.gen/sources_1/bd/design_1/ipshared/ac57/hdl/axi_crossbar_v2_1_vl_rfs.v:3800]
INFO: [Synth 8-6157] synthesizing module 'axi_crossbar_v2_1_26_splitter' [/ecel/UFAD/michael.logsdon/workspace/SDR/vivado/SDR/SDR.gen/sources_1/bd/design_1/ipshared/ac57/hdl/axi_crossbar_v2_1_vl_rfs.v:4461]
INFO: [Synth 8-6155] done synthesizing module 'axi_crossbar_v2_1_26_splitter' (9#1) [/ecel/UFAD/michael.logsdon/workspace/SDR/vivado/SDR/SDR.gen/sources_1/bd/design_1/ipshared/ac57/hdl/axi_crossbar_v2_1_vl_rfs.v:4461]
INFO: [Synth 8-6157] synthesizing module 'axi_crossbar_v2_1_26_wdata_router' [/ecel/UFAD/michael.logsdon/workspace/SDR/vivado/SDR/SDR.gen/sources_1/bd/design_1/ipshared/ac57/hdl/axi_crossbar_v2_1_vl_rfs.v:4736]
INFO: [Synth 8-6157] synthesizing module 'axi_data_fifo_v2_1_24_axic_reg_srl_fifo' [/ecel/UFAD/michael.logsdon/workspace/SDR/vivado/SDR/SDR.gen/sources_1/bd/design_1/ipshared/fa53/hdl/axi_data_fifo_v2_1_vl_rfs.v:889]
INFO: [Synth 8-6157] synthesizing module 'axi_data_fifo_v2_1_24_ndeep_srl__parameterized0' [/ecel/UFAD/michael.logsdon/workspace/SDR/vivado/SDR/SDR.gen/sources_1/bd/design_1/ipshared/fa53/hdl/axi_data_fifo_v2_1_vl_rfs.v:1135]
INFO: [Synth 8-6155] done synthesizing module 'axi_data_fifo_v2_1_24_ndeep_srl__parameterized0' (9#1) [/ecel/UFAD/michael.logsdon/workspace/SDR/vivado/SDR/SDR.gen/sources_1/bd/design_1/ipshared/fa53/hdl/axi_data_fifo_v2_1_vl_rfs.v:1135]
INFO: [Synth 8-155] case statement is not full and has no default [/ecel/UFAD/michael.logsdon/workspace/SDR/vivado/SDR/SDR.gen/sources_1/bd/design_1/ipshared/fa53/hdl/axi_data_fifo_v2_1_vl_rfs.v:986]
INFO: [Synth 8-6155] done synthesizing module 'axi_data_fifo_v2_1_24_axic_reg_srl_fifo' (10#1) [/ecel/UFAD/michael.logsdon/workspace/SDR/vivado/SDR/SDR.gen/sources_1/bd/design_1/ipshared/fa53/hdl/axi_data_fifo_v2_1_vl_rfs.v:889]
INFO: [Synth 8-6155] done synthesizing module 'axi_crossbar_v2_1_26_wdata_router' (11#1) [/ecel/UFAD/michael.logsdon/workspace/SDR/vivado/SDR/SDR.gen/sources_1/bd/design_1/ipshared/ac57/hdl/axi_crossbar_v2_1_vl_rfs.v:4736]
INFO: [Synth 8-6157] synthesizing module 'axi_crossbar_v2_1_26_si_transactor__parameterized0' [/ecel/UFAD/michael.logsdon/workspace/SDR/vivado/SDR/SDR.gen/sources_1/bd/design_1/ipshared/ac57/hdl/axi_crossbar_v2_1_vl_rfs.v:3800]
INFO: [Synth 8-6157] synthesizing module 'axi_data_fifo_v2_1_24_axic_srl_fifo__parameterized0' [/ecel/UFAD/michael.logsdon/workspace/SDR/vivado/SDR/SDR.gen/sources_1/bd/design_1/ipshared/fa53/hdl/axi_data_fifo_v2_1_vl_rfs.v:698]
INFO: [Synth 8-6157] synthesizing module 'axi_data_fifo_v2_1_24_ndeep_srl__parameterized1' [/ecel/UFAD/michael.logsdon/workspace/SDR/vivado/SDR/SDR.gen/sources_1/bd/design_1/ipshared/fa53/hdl/axi_data_fifo_v2_1_vl_rfs.v:1135]
INFO: [Synth 8-6155] done synthesizing module 'axi_data_fifo_v2_1_24_ndeep_srl__parameterized1' (11#1) [/ecel/UFAD/michael.logsdon/workspace/SDR/vivado/SDR/SDR.gen/sources_1/bd/design_1/ipshared/fa53/hdl/axi_data_fifo_v2_1_vl_rfs.v:1135]
WARNING: [Synth 8-6014] Unused sequential element areset_d1_reg was removed.  [/ecel/UFAD/michael.logsdon/workspace/SDR/vivado/SDR/SDR.gen/sources_1/bd/design_1/ipshared/fa53/hdl/axi_data_fifo_v2_1_vl_rfs.v:750]
WARNING: [Synth 8-6014] Unused sequential element S_READY_i_reg was removed.  [/ecel/UFAD/michael.logsdon/workspace/SDR/vivado/SDR/SDR.gen/sources_1/bd/design_1/ipshared/fa53/hdl/axi_data_fifo_v2_1_vl_rfs.v:789]
INFO: [Synth 8-6155] done synthesizing module 'axi_data_fifo_v2_1_24_axic_srl_fifo__parameterized0' (11#1) [/ecel/UFAD/michael.logsdon/workspace/SDR/vivado/SDR/SDR.gen/sources_1/bd/design_1/ipshared/fa53/hdl/axi_data_fifo_v2_1_vl_rfs.v:698]
INFO: [Synth 8-6157] synthesizing module 'generic_baseblocks_v2_1_0_mux_enc__parameterized0' [/ecel/UFAD/michael.logsdon/workspace/SDR/vivado/SDR/SDR.gen/sources_1/bd/design_1/ipshared/b752/hdl/generic_baseblocks_v2_1_vl_rfs.v:2452]
INFO: [Synth 8-6155] done synthesizing module 'generic_baseblocks_v2_1_0_mux_enc__parameterized0' (11#1) [/ecel/UFAD/michael.logsdon/workspace/SDR/vivado/SDR/SDR.gen/sources_1/bd/design_1/ipshared/b752/hdl/generic_baseblocks_v2_1_vl_rfs.v:2452]
WARNING: [Synth 8-6014] Unused sequential element gen_single_thread.debug_r_beat_cnt_i_reg was removed.  [/ecel/UFAD/michael.logsdon/workspace/SDR/vivado/SDR/SDR.gen/sources_1/bd/design_1/ipshared/ac57/hdl/axi_crossbar_v2_1_vl_rfs.v:4192]
WARNING: [Synth 8-6014] Unused sequential element gen_single_thread.active_id_reg was removed.  [/ecel/UFAD/michael.logsdon/workspace/SDR/vivado/SDR/SDR.gen/sources_1/bd/design_1/ipshared/ac57/hdl/axi_crossbar_v2_1_vl_rfs.v:4150]
INFO: [Synth 8-6155] done synthesizing module 'axi_crossbar_v2_1_26_si_transactor__parameterized0' (11#1) [/ecel/UFAD/michael.logsdon/workspace/SDR/vivado/SDR/SDR.gen/sources_1/bd/design_1/ipshared/ac57/hdl/axi_crossbar_v2_1_vl_rfs.v:3800]
INFO: [Synth 8-6157] synthesizing module 'axi_crossbar_v2_1_26_si_transactor__parameterized1' [/ecel/UFAD/michael.logsdon/workspace/SDR/vivado/SDR/SDR.gen/sources_1/bd/design_1/ipshared/ac57/hdl/axi_crossbar_v2_1_vl_rfs.v:3800]
WARNING: [Synth 8-6014] Unused sequential element gen_single_thread.debug_r_beat_cnt_i_reg was removed.  [/ecel/UFAD/michael.logsdon/workspace/SDR/vivado/SDR/SDR.gen/sources_1/bd/design_1/ipshared/ac57/hdl/axi_crossbar_v2_1_vl_rfs.v:4192]
WARNING: [Synth 8-6014] Unused sequential element gen_single_thread.active_id_reg was removed.  [/ecel/UFAD/michael.logsdon/workspace/SDR/vivado/SDR/SDR.gen/sources_1/bd/design_1/ipshared/ac57/hdl/axi_crossbar_v2_1_vl_rfs.v:4150]
INFO: [Synth 8-6155] done synthesizing module 'axi_crossbar_v2_1_26_si_transactor__parameterized1' (11#1) [/ecel/UFAD/michael.logsdon/workspace/SDR/vivado/SDR/SDR.gen/sources_1/bd/design_1/ipshared/ac57/hdl/axi_crossbar_v2_1_vl_rfs.v:3800]
INFO: [Synth 8-6157] synthesizing module 'axi_crossbar_v2_1_26_wdata_router__parameterized0' [/ecel/UFAD/michael.logsdon/workspace/SDR/vivado/SDR/SDR.gen/sources_1/bd/design_1/ipshared/ac57/hdl/axi_crossbar_v2_1_vl_rfs.v:4736]
INFO: [Synth 8-6157] synthesizing module 'axi_data_fifo_v2_1_24_axic_reg_srl_fifo__parameterized0' [/ecel/UFAD/michael.logsdon/workspace/SDR/vivado/SDR/SDR.gen/sources_1/bd/design_1/ipshared/fa53/hdl/axi_data_fifo_v2_1_vl_rfs.v:889]
INFO: [Synth 8-155] case statement is not full and has no default [/ecel/UFAD/michael.logsdon/workspace/SDR/vivado/SDR/SDR.gen/sources_1/bd/design_1/ipshared/fa53/hdl/axi_data_fifo_v2_1_vl_rfs.v:986]
INFO: [Synth 8-6155] done synthesizing module 'axi_data_fifo_v2_1_24_axic_reg_srl_fifo__parameterized0' (11#1) [/ecel/UFAD/michael.logsdon/workspace/SDR/vivado/SDR/SDR.gen/sources_1/bd/design_1/ipshared/fa53/hdl/axi_data_fifo_v2_1_vl_rfs.v:889]
INFO: [Synth 8-6155] done synthesizing module 'axi_crossbar_v2_1_26_wdata_router__parameterized0' (11#1) [/ecel/UFAD/michael.logsdon/workspace/SDR/vivado/SDR/SDR.gen/sources_1/bd/design_1/ipshared/ac57/hdl/axi_crossbar_v2_1_vl_rfs.v:4736]
INFO: [Synth 8-6157] synthesizing module 'axi_crossbar_v2_1_26_addr_decoder__parameterized0' [/ecel/UFAD/michael.logsdon/workspace/SDR/vivado/SDR/SDR.gen/sources_1/bd/design_1/ipshared/ac57/hdl/axi_crossbar_v2_1_vl_rfs.v:794]
INFO: [Synth 8-6155] done synthesizing module 'axi_crossbar_v2_1_26_addr_decoder__parameterized0' (11#1) [/ecel/UFAD/michael.logsdon/workspace/SDR/vivado/SDR/SDR.gen/sources_1/bd/design_1/ipshared/ac57/hdl/axi_crossbar_v2_1_vl_rfs.v:794]
INFO: [Synth 8-6157] synthesizing module 'axi_crossbar_v2_1_26_addr_decoder__parameterized1' [/ecel/UFAD/michael.logsdon/workspace/SDR/vivado/SDR/SDR.gen/sources_1/bd/design_1/ipshared/ac57/hdl/axi_crossbar_v2_1_vl_rfs.v:794]
INFO: [Synth 8-6155] done synthesizing module 'axi_crossbar_v2_1_26_addr_decoder__parameterized1' (11#1) [/ecel/UFAD/michael.logsdon/workspace/SDR/vivado/SDR/SDR.gen/sources_1/bd/design_1/ipshared/ac57/hdl/axi_crossbar_v2_1_vl_rfs.v:794]
INFO: [Synth 8-6157] synthesizing module 'axi_data_fifo_v2_1_24_axic_srl_fifo__parameterized1' [/ecel/UFAD/michael.logsdon/workspace/SDR/vivado/SDR/SDR.gen/sources_1/bd/design_1/ipshared/fa53/hdl/axi_data_fifo_v2_1_vl_rfs.v:698]
WARNING: [Synth 8-6014] Unused sequential element areset_d1_reg was removed.  [/ecel/UFAD/michael.logsdon/workspace/SDR/vivado/SDR/SDR.gen/sources_1/bd/design_1/ipshared/fa53/hdl/axi_data_fifo_v2_1_vl_rfs.v:750]
WARNING: [Synth 8-6014] Unused sequential element S_READY_i_reg was removed.  [/ecel/UFAD/michael.logsdon/workspace/SDR/vivado/SDR/SDR.gen/sources_1/bd/design_1/ipshared/fa53/hdl/axi_data_fifo_v2_1_vl_rfs.v:789]
INFO: [Synth 8-6155] done synthesizing module 'axi_data_fifo_v2_1_24_axic_srl_fifo__parameterized1' (11#1) [/ecel/UFAD/michael.logsdon/workspace/SDR/vivado/SDR/SDR.gen/sources_1/bd/design_1/ipshared/fa53/hdl/axi_data_fifo_v2_1_vl_rfs.v:698]
INFO: [Synth 8-6157] synthesizing module 'axi_crossbar_v2_1_26_wdata_mux' [/ecel/UFAD/michael.logsdon/workspace/SDR/vivado/SDR/SDR.gen/sources_1/bd/design_1/ipshared/ac57/hdl/axi_crossbar_v2_1_vl_rfs.v:4561]
INFO: [Synth 8-6157] synthesizing module 'axi_data_fifo_v2_1_24_axic_reg_srl_fifo__parameterized1' [/ecel/UFAD/michael.logsdon/workspace/SDR/vivado/SDR/SDR.gen/sources_1/bd/design_1/ipshared/fa53/hdl/axi_data_fifo_v2_1_vl_rfs.v:889]
INFO: [Synth 8-155] case statement is not full and has no default [/ecel/UFAD/michael.logsdon/workspace/SDR/vivado/SDR/SDR.gen/sources_1/bd/design_1/ipshared/fa53/hdl/axi_data_fifo_v2_1_vl_rfs.v:986]
WARNING: [Synth 8-6014] Unused sequential element s_ready_i_reg was removed.  [/ecel/UFAD/michael.logsdon/workspace/SDR/vivado/SDR/SDR.gen/sources_1/bd/design_1/ipshared/fa53/hdl/axi_data_fifo_v2_1_vl_rfs.v:1038]
INFO: [Synth 8-6155] done synthesizing module 'axi_data_fifo_v2_1_24_axic_reg_srl_fifo__parameterized1' (11#1) [/ecel/UFAD/michael.logsdon/workspace/SDR/vivado/SDR/SDR.gen/sources_1/bd/design_1/ipshared/fa53/hdl/axi_data_fifo_v2_1_vl_rfs.v:889]
INFO: [Synth 8-6157] synthesizing module 'generic_baseblocks_v2_1_0_mux_enc__parameterized1' [/ecel/UFAD/michael.logsdon/workspace/SDR/vivado/SDR/SDR.gen/sources_1/bd/design_1/ipshared/b752/hdl/generic_baseblocks_v2_1_vl_rfs.v:2452]
INFO: [Synth 8-6155] done synthesizing module 'generic_baseblocks_v2_1_0_mux_enc__parameterized1' (11#1) [/ecel/UFAD/michael.logsdon/workspace/SDR/vivado/SDR/SDR.gen/sources_1/bd/design_1/ipshared/b752/hdl/generic_baseblocks_v2_1_vl_rfs.v:2452]
INFO: [Synth 8-6155] done synthesizing module 'axi_crossbar_v2_1_26_wdata_mux' (12#1) [/ecel/UFAD/michael.logsdon/workspace/SDR/vivado/SDR/SDR.gen/sources_1/bd/design_1/ipshared/ac57/hdl/axi_crossbar_v2_1_vl_rfs.v:4561]
INFO: [Synth 8-6157] synthesizing module 'axi_register_slice_v2_1_25_axi_register_slice' [/ecel/UFAD/michael.logsdon/workspace/SDR/vivado/SDR/SDR.gen/sources_1/bd/design_1/ipshared/e1e6/hdl/axi_register_slice_v2_1_vl_rfs.v:3726]
INFO: [Synth 8-6157] synthesizing module 'axi_infrastructure_v1_1_0_axi2vector' [/ecel/UFAD/michael.logsdon/workspace/SDR/vivado/SDR/SDR.gen/sources_1/bd/design_1/ipshared/ec67/hdl/axi_infrastructure_v1_1_vl_rfs.v:60]
INFO: [Synth 8-6155] done synthesizing module 'axi_infrastructure_v1_1_0_axi2vector' (13#1) [/ecel/UFAD/michael.logsdon/workspace/SDR/vivado/SDR/SDR.gen/sources_1/bd/design_1/ipshared/ec67/hdl/axi_infrastructure_v1_1_vl_rfs.v:60]
INFO: [Synth 8-6157] synthesizing module 'axi_infrastructure_v1_1_0_vector2axi' [/ecel/UFAD/michael.logsdon/workspace/SDR/vivado/SDR/SDR.gen/sources_1/bd/design_1/ipshared/ec67/hdl/axi_infrastructure_v1_1_vl_rfs.v:474]
INFO: [Synth 8-6155] done synthesizing module 'axi_infrastructure_v1_1_0_vector2axi' (14#1) [/ecel/UFAD/michael.logsdon/workspace/SDR/vivado/SDR/SDR.gen/sources_1/bd/design_1/ipshared/ec67/hdl/axi_infrastructure_v1_1_vl_rfs.v:474]
INFO: [Synth 8-6157] synthesizing module 'axi_register_slice_v2_1_25_axic_register_slice' [/ecel/UFAD/michael.logsdon/workspace/SDR/vivado/SDR/SDR.gen/sources_1/bd/design_1/ipshared/e1e6/hdl/axi_register_slice_v2_1_vl_rfs.v:1498]
INFO: [Synth 8-6155] done synthesizing module 'axi_register_slice_v2_1_25_axic_register_slice' (15#1) [/ecel/UFAD/michael.logsdon/workspace/SDR/vivado/SDR/SDR.gen/sources_1/bd/design_1/ipshared/e1e6/hdl/axi_register_slice_v2_1_vl_rfs.v:1498]
INFO: [Synth 8-6157] synthesizing module 'axi_register_slice_v2_1_25_axic_register_slice__parameterized0' [/ecel/UFAD/michael.logsdon/workspace/SDR/vivado/SDR/SDR.gen/sources_1/bd/design_1/ipshared/e1e6/hdl/axi_register_slice_v2_1_vl_rfs.v:1498]
INFO: [Synth 8-6155] done synthesizing module 'axi_register_slice_v2_1_25_axic_register_slice__parameterized0' (15#1) [/ecel/UFAD/michael.logsdon/workspace/SDR/vivado/SDR/SDR.gen/sources_1/bd/design_1/ipshared/e1e6/hdl/axi_register_slice_v2_1_vl_rfs.v:1498]
INFO: [Synth 8-6157] synthesizing module 'axi_register_slice_v2_1_25_axic_register_slice__parameterized1' [/ecel/UFAD/michael.logsdon/workspace/SDR/vivado/SDR/SDR.gen/sources_1/bd/design_1/ipshared/e1e6/hdl/axi_register_slice_v2_1_vl_rfs.v:1498]
INFO: [Synth 8-6155] done synthesizing module 'axi_register_slice_v2_1_25_axic_register_slice__parameterized1' (15#1) [/ecel/UFAD/michael.logsdon/workspace/SDR/vivado/SDR/SDR.gen/sources_1/bd/design_1/ipshared/e1e6/hdl/axi_register_slice_v2_1_vl_rfs.v:1498]
INFO: [Synth 8-6157] synthesizing module 'axi_register_slice_v2_1_25_axic_register_slice__parameterized2' [/ecel/UFAD/michael.logsdon/workspace/SDR/vivado/SDR/SDR.gen/sources_1/bd/design_1/ipshared/e1e6/hdl/axi_register_slice_v2_1_vl_rfs.v:1498]
INFO: [Synth 8-6155] done synthesizing module 'axi_register_slice_v2_1_25_axic_register_slice__parameterized2' (15#1) [/ecel/UFAD/michael.logsdon/workspace/SDR/vivado/SDR/SDR.gen/sources_1/bd/design_1/ipshared/e1e6/hdl/axi_register_slice_v2_1_vl_rfs.v:1498]
INFO: [Synth 8-6155] done synthesizing module 'axi_register_slice_v2_1_25_axi_register_slice' (16#1) [/ecel/UFAD/michael.logsdon/workspace/SDR/vivado/SDR/SDR.gen/sources_1/bd/design_1/ipshared/e1e6/hdl/axi_register_slice_v2_1_vl_rfs.v:3726]
WARNING: [Synth 8-7071] port 'aclk2x' of module 'axi_register_slice_v2_1_25_axi_register_slice' is unconnected for instance 'reg_slice_mi' [/ecel/UFAD/michael.logsdon/workspace/SDR/vivado/SDR/SDR.gen/sources_1/bd/design_1/ipshared/ac57/hdl/axi_crossbar_v2_1_vl_rfs.v:3122]
WARNING: [Synth 8-7023] instance 'reg_slice_mi' of module 'axi_register_slice_v2_1_25_axi_register_slice' has 93 connections declared, but only 92 given [/ecel/UFAD/michael.logsdon/workspace/SDR/vivado/SDR/SDR.gen/sources_1/bd/design_1/ipshared/ac57/hdl/axi_crossbar_v2_1_vl_rfs.v:3122]
INFO: [Synth 8-6157] synthesizing module 'axi_data_fifo_v2_1_24_axic_srl_fifo__parameterized2' [/ecel/UFAD/michael.logsdon/workspace/SDR/vivado/SDR/SDR.gen/sources_1/bd/design_1/ipshared/fa53/hdl/axi_data_fifo_v2_1_vl_rfs.v:698]
WARNING: [Synth 8-6014] Unused sequential element areset_d1_reg was removed.  [/ecel/UFAD/michael.logsdon/workspace/SDR/vivado/SDR/SDR.gen/sources_1/bd/design_1/ipshared/fa53/hdl/axi_data_fifo_v2_1_vl_rfs.v:750]
WARNING: [Synth 8-6014] Unused sequential element S_READY_i_reg was removed.  [/ecel/UFAD/michael.logsdon/workspace/SDR/vivado/SDR/SDR.gen/sources_1/bd/design_1/ipshared/fa53/hdl/axi_data_fifo_v2_1_vl_rfs.v:789]
INFO: [Synth 8-6155] done synthesizing module 'axi_data_fifo_v2_1_24_axic_srl_fifo__parameterized2' (16#1) [/ecel/UFAD/michael.logsdon/workspace/SDR/vivado/SDR/SDR.gen/sources_1/bd/design_1/ipshared/fa53/hdl/axi_data_fifo_v2_1_vl_rfs.v:698]
INFO: [Synth 8-6157] synthesizing module 'axi_crossbar_v2_1_26_wdata_mux__parameterized0' [/ecel/UFAD/michael.logsdon/workspace/SDR/vivado/SDR/SDR.gen/sources_1/bd/design_1/ipshared/ac57/hdl/axi_crossbar_v2_1_vl_rfs.v:4561]
INFO: [Synth 8-6157] synthesizing module 'axi_data_fifo_v2_1_24_axic_reg_srl_fifo__parameterized2' [/ecel/UFAD/michael.logsdon/workspace/SDR/vivado/SDR/SDR.gen/sources_1/bd/design_1/ipshared/fa53/hdl/axi_data_fifo_v2_1_vl_rfs.v:889]
INFO: [Synth 8-155] case statement is not full and has no default [/ecel/UFAD/michael.logsdon/workspace/SDR/vivado/SDR/SDR.gen/sources_1/bd/design_1/ipshared/fa53/hdl/axi_data_fifo_v2_1_vl_rfs.v:986]
WARNING: [Synth 8-6014] Unused sequential element s_ready_i_reg was removed.  [/ecel/UFAD/michael.logsdon/workspace/SDR/vivado/SDR/SDR.gen/sources_1/bd/design_1/ipshared/fa53/hdl/axi_data_fifo_v2_1_vl_rfs.v:1038]
INFO: [Synth 8-6155] done synthesizing module 'axi_data_fifo_v2_1_24_axic_reg_srl_fifo__parameterized2' (16#1) [/ecel/UFAD/michael.logsdon/workspace/SDR/vivado/SDR/SDR.gen/sources_1/bd/design_1/ipshared/fa53/hdl/axi_data_fifo_v2_1_vl_rfs.v:889]
INFO: [Synth 8-6155] done synthesizing module 'axi_crossbar_v2_1_26_wdata_mux__parameterized0' (16#1) [/ecel/UFAD/michael.logsdon/workspace/SDR/vivado/SDR/SDR.gen/sources_1/bd/design_1/ipshared/ac57/hdl/axi_crossbar_v2_1_vl_rfs.v:4561]
WARNING: [Synth 8-7071] port 'aclk2x' of module 'axi_register_slice_v2_1_25_axi_register_slice' is unconnected for instance 'reg_slice_mi' [/ecel/UFAD/michael.logsdon/workspace/SDR/vivado/SDR/SDR.gen/sources_1/bd/design_1/ipshared/ac57/hdl/axi_crossbar_v2_1_vl_rfs.v:3122]
WARNING: [Synth 8-7023] instance 'reg_slice_mi' of module 'axi_register_slice_v2_1_25_axi_register_slice' has 93 connections declared, but only 92 given [/ecel/UFAD/michael.logsdon/workspace/SDR/vivado/SDR/SDR.gen/sources_1/bd/design_1/ipshared/ac57/hdl/axi_crossbar_v2_1_vl_rfs.v:3122]
INFO: [Synth 8-6157] synthesizing module 'axi_crossbar_v2_1_26_decerr_slave' [/ecel/UFAD/michael.logsdon/workspace/SDR/vivado/SDR/SDR.gen/sources_1/bd/design_1/ipshared/ac57/hdl/axi_crossbar_v2_1_vl_rfs.v:3501]
INFO: [Synth 8-155] case statement is not full and has no default [/ecel/UFAD/michael.logsdon/workspace/SDR/vivado/SDR/SDR.gen/sources_1/bd/design_1/ipshared/ac57/hdl/axi_crossbar_v2_1_vl_rfs.v:3633]
INFO: [Synth 8-6155] done synthesizing module 'axi_crossbar_v2_1_26_decerr_slave' (17#1) [/ecel/UFAD/michael.logsdon/workspace/SDR/vivado/SDR/SDR.gen/sources_1/bd/design_1/ipshared/ac57/hdl/axi_crossbar_v2_1_vl_rfs.v:3501]
INFO: [Synth 8-6157] synthesizing module 'axi_crossbar_v2_1_26_addr_arbiter' [/ecel/UFAD/michael.logsdon/workspace/SDR/vivado/SDR/SDR.gen/sources_1/bd/design_1/ipshared/ac57/hdl/axi_crossbar_v2_1_vl_rfs.v:423]
INFO: [Synth 8-6157] synthesizing module 'generic_baseblocks_v2_1_0_mux_enc__parameterized2' [/ecel/UFAD/michael.logsdon/workspace/SDR/vivado/SDR/SDR.gen/sources_1/bd/design_1/ipshared/b752/hdl/generic_baseblocks_v2_1_vl_rfs.v:2452]
INFO: [Synth 8-6155] done synthesizing module 'generic_baseblocks_v2_1_0_mux_enc__parameterized2' (17#1) [/ecel/UFAD/michael.logsdon/workspace/SDR/vivado/SDR/SDR.gen/sources_1/bd/design_1/ipshared/b752/hdl/generic_baseblocks_v2_1_vl_rfs.v:2452]
INFO: [Synth 8-6157] synthesizing module 'generic_baseblocks_v2_1_0_mux_enc__parameterized3' [/ecel/UFAD/michael.logsdon/workspace/SDR/vivado/SDR/SDR.gen/sources_1/bd/design_1/ipshared/b752/hdl/generic_baseblocks_v2_1_vl_rfs.v:2452]
INFO: [Synth 8-6155] done synthesizing module 'generic_baseblocks_v2_1_0_mux_enc__parameterized3' (17#1) [/ecel/UFAD/michael.logsdon/workspace/SDR/vivado/SDR/SDR.gen/sources_1/bd/design_1/ipshared/b752/hdl/generic_baseblocks_v2_1_vl_rfs.v:2452]
INFO: [Synth 8-6155] done synthesizing module 'axi_crossbar_v2_1_26_addr_arbiter' (18#1) [/ecel/UFAD/michael.logsdon/workspace/SDR/vivado/SDR/SDR.gen/sources_1/bd/design_1/ipshared/ac57/hdl/axi_crossbar_v2_1_vl_rfs.v:423]
WARNING: [Synth 8-6014] Unused sequential element gen_master_slots[0].gen_mi_write.gen_debug_w.debug_w_beat_cnt_i_reg was removed.  [/ecel/UFAD/michael.logsdon/workspace/SDR/vivado/SDR/SDR.gen/sources_1/bd/design_1/ipshared/ac57/hdl/axi_crossbar_v2_1_vl_rfs.v:2997]
WARNING: [Synth 8-6014] Unused sequential element gen_master_slots[1].gen_mi_write.gen_debug_w.debug_w_beat_cnt_i_reg was removed.  [/ecel/UFAD/michael.logsdon/workspace/SDR/vivado/SDR/SDR.gen/sources_1/bd/design_1/ipshared/ac57/hdl/axi_crossbar_v2_1_vl_rfs.v:2997]
INFO: [Synth 8-6155] done synthesizing module 'axi_crossbar_v2_1_26_crossbar' (19#1) [/ecel/UFAD/michael.logsdon/workspace/SDR/vivado/SDR/SDR.gen/sources_1/bd/design_1/ipshared/ac57/hdl/axi_crossbar_v2_1_vl_rfs.v:2239]
INFO: [Synth 8-6155] done synthesizing module 'axi_crossbar_v2_1_26_axi_crossbar' (20#1) [/ecel/UFAD/michael.logsdon/workspace/SDR/vivado/SDR/SDR.gen/sources_1/bd/design_1/ipshared/ac57/hdl/axi_crossbar_v2_1_vl_rfs.v:4884]
INFO: [Synth 8-6155] done synthesizing module 'design_1_xbar_1' (21#1) [/ecel/UFAD/michael.logsdon/workspace/SDR/vivado/SDR/SDR.gen/sources_1/bd/design_1/ip/design_1_xbar_1/synth/design_1_xbar_1.v:59]
WARNING: [Synth 8-7129] Port ACLK in module axi_register_slice_v2_1_25_axic_register_slice is either unconnected or has no load
WARNING: [Synth 8-7129] Port ARESET in module axi_register_slice_v2_1_25_axic_register_slice is either unconnected or has no load
WARNING: [Synth 8-7129] Port ACLK in module axi_register_slice_v2_1_25_axic_register_slice__parameterized0 is either unconnected or has no load
WARNING: [Synth 8-7129] Port ARESET in module axi_register_slice_v2_1_25_axic_register_slice__parameterized0 is either unconnected or has no load
WARNING: [Synth 8-7129] Port m_axi_buser[0] in module axi_infrastructure_v1_1_0_vector2axi is either unconnected or has no load
WARNING: [Synth 8-7129] Port m_axi_ruser[0] in module axi_infrastructure_v1_1_0_vector2axi is either unconnected or has no load
WARNING: [Synth 8-7129] Port s_axi_awuser[0] in module axi_infrastructure_v1_1_0_axi2vector is either unconnected or has no load
WARNING: [Synth 8-7129] Port s_axi_wid[0] in module axi_infrastructure_v1_1_0_axi2vector is either unconnected or has no load
WARNING: [Synth 8-7129] Port s_axi_wuser[0] in module axi_infrastructure_v1_1_0_axi2vector is either unconnected or has no load
WARNING: [Synth 8-7129] Port s_axi_aruser[0] in module axi_infrastructure_v1_1_0_axi2vector is either unconnected or has no load
WARNING: [Synth 8-7129] Port aclk2x in module axi_register_slice_v2_1_25_axi_register_slice is either unconnected or has no load
WARNING: [Synth 8-7129] Port ADDR[1] in module axi_crossbar_v2_1_26_addr_decoder is either unconnected or has no load
WARNING: [Synth 8-7129] Port ADDR[0] in module axi_crossbar_v2_1_26_addr_decoder is either unconnected or has no load
WARNING: [Synth 8-7129] Port S_ABURST[1] in module axi_crossbar_v2_1_26_si_transactor__parameterized1 is either unconnected or has no load
WARNING: [Synth 8-7129] Port S_ABURST[0] in module axi_crossbar_v2_1_26_si_transactor__parameterized1 is either unconnected or has no load
WARNING: [Synth 8-7129] Port S_ABURST[1] in module axi_crossbar_v2_1_26_si_transactor__parameterized0 is either unconnected or has no load
WARNING: [Synth 8-7129] Port S_ABURST[0] in module axi_crossbar_v2_1_26_si_transactor__parameterized0 is either unconnected or has no load
WARNING: [Synth 8-7129] Port S_ABURST[1] in module axi_crossbar_v2_1_26_si_transactor is either unconnected or has no load
WARNING: [Synth 8-7129] Port S_ABURST[0] in module axi_crossbar_v2_1_26_si_transactor is either unconnected or has no load
WARNING: [Synth 8-7129] Port S_AXI_AWID[1] in module axi_crossbar_v2_1_26_crossbar is either unconnected or has no load
WARNING: [Synth 8-7129] Port S_AXI_AWID[0] in module axi_crossbar_v2_1_26_crossbar is either unconnected or has no load
WARNING: [Synth 8-7129] Port S_AXI_WID[1] in module axi_crossbar_v2_1_26_crossbar is either unconnected or has no load
WARNING: [Synth 8-7129] Port S_AXI_WID[0] in module axi_crossbar_v2_1_26_crossbar is either unconnected or has no load
WARNING: [Synth 8-7129] Port S_AXI_ARID[1] in module axi_crossbar_v2_1_26_crossbar is either unconnected or has no load
WARNING: [Synth 8-7129] Port S_AXI_ARID[0] in module axi_crossbar_v2_1_26_crossbar is either unconnected or has no load
WARNING: [Synth 8-7129] Port S_AXI_ARADDR[31] in module axi_crossbar_v2_1_26_crossbar is either unconnected or has no load
WARNING: [Synth 8-7129] Port S_AXI_ARADDR[30] in module axi_crossbar_v2_1_26_crossbar is either unconnected or has no load
WARNING: [Synth 8-7129] Port S_AXI_ARADDR[29] in module axi_crossbar_v2_1_26_crossbar is either unconnected or has no load
WARNING: [Synth 8-7129] Port S_AXI_ARADDR[28] in module axi_crossbar_v2_1_26_crossbar is either unconnected or has no load
WARNING: [Synth 8-7129] Port S_AXI_ARADDR[27] in module axi_crossbar_v2_1_26_crossbar is either unconnected or has no load
WARNING: [Synth 8-7129] Port S_AXI_ARADDR[26] in module axi_crossbar_v2_1_26_crossbar is either unconnected or has no load
WARNING: [Synth 8-7129] Port S_AXI_ARADDR[25] in module axi_crossbar_v2_1_26_crossbar is either unconnected or has no load
WARNING: [Synth 8-7129] Port S_AXI_ARADDR[24] in module axi_crossbar_v2_1_26_crossbar is either unconnected or has no load
WARNING: [Synth 8-7129] Port S_AXI_ARADDR[23] in module axi_crossbar_v2_1_26_crossbar is either unconnected or has no load
WARNING: [Synth 8-7129] Port S_AXI_ARADDR[22] in module axi_crossbar_v2_1_26_crossbar is either unconnected or has no load
WARNING: [Synth 8-7129] Port S_AXI_ARADDR[21] in module axi_crossbar_v2_1_26_crossbar is either unconnected or has no load
WARNING: [Synth 8-7129] Port S_AXI_ARADDR[20] in module axi_crossbar_v2_1_26_crossbar is either unconnected or has no load
WARNING: [Synth 8-7129] Port S_AXI_ARADDR[19] in module axi_crossbar_v2_1_26_crossbar is either unconnected or has no load
WARNING: [Synth 8-7129] Port S_AXI_ARADDR[18] in module axi_crossbar_v2_1_26_crossbar is either unconnected or has no load
WARNING: [Synth 8-7129] Port S_AXI_ARADDR[17] in module axi_crossbar_v2_1_26_crossbar is either unconnected or has no load
WARNING: [Synth 8-7129] Port S_AXI_ARADDR[16] in module axi_crossbar_v2_1_26_crossbar is either unconnected or has no load
WARNING: [Synth 8-7129] Port S_AXI_ARADDR[15] in module axi_crossbar_v2_1_26_crossbar is either unconnected or has no load
WARNING: [Synth 8-7129] Port S_AXI_ARADDR[14] in module axi_crossbar_v2_1_26_crossbar is either unconnected or has no load
WARNING: [Synth 8-7129] Port S_AXI_ARADDR[13] in module axi_crossbar_v2_1_26_crossbar is either unconnected or has no load
WARNING: [Synth 8-7129] Port S_AXI_ARADDR[12] in module axi_crossbar_v2_1_26_crossbar is either unconnected or has no load
WARNING: [Synth 8-7129] Port S_AXI_ARADDR[11] in module axi_crossbar_v2_1_26_crossbar is either unconnected or has no load
WARNING: [Synth 8-7129] Port S_AXI_ARADDR[10] in module axi_crossbar_v2_1_26_crossbar is either unconnected or has no load
WARNING: [Synth 8-7129] Port S_AXI_ARADDR[9] in module axi_crossbar_v2_1_26_crossbar is either unconnected or has no load
WARNING: [Synth 8-7129] Port S_AXI_ARADDR[8] in module axi_crossbar_v2_1_26_crossbar is either unconnected or has no load
WARNING: [Synth 8-7129] Port S_AXI_ARADDR[7] in module axi_crossbar_v2_1_26_crossbar is either unconnected or has no load
WARNING: [Synth 8-7129] Port S_AXI_ARADDR[6] in module axi_crossbar_v2_1_26_crossbar is either unconnected or has no load
WARNING: [Synth 8-7129] Port S_AXI_ARADDR[5] in module axi_crossbar_v2_1_26_crossbar is either unconnected or has no load
WARNING: [Synth 8-7129] Port S_AXI_ARADDR[4] in module axi_crossbar_v2_1_26_crossbar is either unconnected or has no load
WARNING: [Synth 8-7129] Port S_AXI_ARADDR[3] in module axi_crossbar_v2_1_26_crossbar is either unconnected or has no load
WARNING: [Synth 8-7129] Port S_AXI_ARADDR[2] in module axi_crossbar_v2_1_26_crossbar is either unconnected or has no load
WARNING: [Synth 8-7129] Port S_AXI_ARADDR[1] in module axi_crossbar_v2_1_26_crossbar is either unconnected or has no load
WARNING: [Synth 8-7129] Port S_AXI_ARADDR[0] in module axi_crossbar_v2_1_26_crossbar is either unconnected or has no load
WARNING: [Synth 8-7129] Port S_AXI_ARLEN[7] in module axi_crossbar_v2_1_26_crossbar is either unconnected or has no load
WARNING: [Synth 8-7129] Port S_AXI_ARLEN[6] in module axi_crossbar_v2_1_26_crossbar is either unconnected or has no load
WARNING: [Synth 8-7129] Port S_AXI_ARLEN[5] in module axi_crossbar_v2_1_26_crossbar is either unconnected or has no load
WARNING: [Synth 8-7129] Port S_AXI_ARLEN[4] in module axi_crossbar_v2_1_26_crossbar is either unconnected or has no load
WARNING: [Synth 8-7129] Port S_AXI_ARLEN[3] in module axi_crossbar_v2_1_26_crossbar is either unconnected or has no load
WARNING: [Synth 8-7129] Port S_AXI_ARLEN[2] in module axi_crossbar_v2_1_26_crossbar is either unconnected or has no load
WARNING: [Synth 8-7129] Port S_AXI_ARLEN[1] in module axi_crossbar_v2_1_26_crossbar is either unconnected or has no load
WARNING: [Synth 8-7129] Port S_AXI_ARLEN[0] in module axi_crossbar_v2_1_26_crossbar is either unconnected or has no load
WARNING: [Synth 8-7129] Port S_AXI_ARSIZE[2] in module axi_crossbar_v2_1_26_crossbar is either unconnected or has no load
WARNING: [Synth 8-7129] Port S_AXI_ARSIZE[1] in module axi_crossbar_v2_1_26_crossbar is either unconnected or has no load
WARNING: [Synth 8-7129] Port S_AXI_ARSIZE[0] in module axi_crossbar_v2_1_26_crossbar is either unconnected or has no load
WARNING: [Synth 8-7129] Port S_AXI_ARBURST[1] in module axi_crossbar_v2_1_26_crossbar is either unconnected or has no load
WARNING: [Synth 8-7129] Port S_AXI_ARBURST[0] in module axi_crossbar_v2_1_26_crossbar is either unconnected or has no load
WARNING: [Synth 8-7129] Port S_AXI_ARLOCK[1] in module axi_crossbar_v2_1_26_crossbar is either unconnected or has no load
WARNING: [Synth 8-7129] Port S_AXI_ARLOCK[0] in module axi_crossbar_v2_1_26_crossbar is either unconnected or has no load
WARNING: [Synth 8-7129] Port S_AXI_ARCACHE[3] in module axi_crossbar_v2_1_26_crossbar is either unconnected or has no load
WARNING: [Synth 8-7129] Port S_AXI_ARCACHE[2] in module axi_crossbar_v2_1_26_crossbar is either unconnected or has no load
WARNING: [Synth 8-7129] Port S_AXI_ARCACHE[1] in module axi_crossbar_v2_1_26_crossbar is either unconnected or has no load
WARNING: [Synth 8-7129] Port S_AXI_ARCACHE[0] in module axi_crossbar_v2_1_26_crossbar is either unconnected or has no load
WARNING: [Synth 8-7129] Port S_AXI_ARPROT[2] in module axi_crossbar_v2_1_26_crossbar is either unconnected or has no load
WARNING: [Synth 8-7129] Port S_AXI_ARPROT[1] in module axi_crossbar_v2_1_26_crossbar is either unconnected or has no load
WARNING: [Synth 8-7129] Port S_AXI_ARPROT[0] in module axi_crossbar_v2_1_26_crossbar is either unconnected or has no load
WARNING: [Synth 8-7129] Port S_AXI_ARQOS[3] in module axi_crossbar_v2_1_26_crossbar is either unconnected or has no load
WARNING: [Synth 8-7129] Port S_AXI_ARQOS[2] in module axi_crossbar_v2_1_26_crossbar is either unconnected or has no load
WARNING: [Synth 8-7129] Port S_AXI_ARQOS[1] in module axi_crossbar_v2_1_26_crossbar is either unconnected or has no load
WARNING: [Synth 8-7129] Port S_AXI_ARQOS[0] in module axi_crossbar_v2_1_26_crossbar is either unconnected or has no load
WARNING: [Synth 8-7129] Port S_AXI_ARUSER[0] in module axi_crossbar_v2_1_26_crossbar is either unconnected or has no load
WARNING: [Synth 8-7129] Port S_AXI_ARVALID[0] in module axi_crossbar_v2_1_26_crossbar is either unconnected or has no load
WARNING: [Synth 8-7129] Port S_AXI_RREADY[0] in module axi_crossbar_v2_1_26_crossbar is either unconnected or has no load
WARNING: [Synth 8-7129] Port s_axi_awid[1] in module axi_crossbar_v2_1_26_axi_crossbar is either unconnected or has no load
WARNING: [Synth 8-7129] Port s_axi_awid[0] in module axi_crossbar_v2_1_26_axi_crossbar is either unconnected or has no load
WARNING: [Synth 8-7129] Port s_axi_awuser[1] in module axi_crossbar_v2_1_26_axi_crossbar is either unconnected or has no load
WARNING: [Synth 8-7129] Port s_axi_awuser[0] in module axi_crossbar_v2_1_26_axi_crossbar is either unconnected or has no load
WARNING: [Synth 8-7129] Port s_axi_wid[1] in module axi_crossbar_v2_1_26_axi_crossbar is either unconnected or has no load
WARNING: [Synth 8-7129] Port s_axi_wid[0] in module axi_crossbar_v2_1_26_axi_crossbar is either unconnected or has no load
WARNING: [Synth 8-7129] Port s_axi_wuser[1] in module axi_crossbar_v2_1_26_axi_crossbar is either unconnected or has no load
WARNING: [Synth 8-7129] Port s_axi_wuser[0] in module axi_crossbar_v2_1_26_axi_crossbar is either unconnected or has no load
WARNING: [Synth 8-7129] Port s_axi_arid[1] in module axi_crossbar_v2_1_26_axi_crossbar is either unconnected or has no load
WARNING: [Synth 8-7129] Port s_axi_arid[0] in module axi_crossbar_v2_1_26_axi_crossbar is either unconnected or has no load
WARNING: [Synth 8-7129] Port s_axi_araddr[31] in module axi_crossbar_v2_1_26_axi_crossbar is either unconnected or has no load
WARNING: [Synth 8-7129] Port s_axi_araddr[30] in module axi_crossbar_v2_1_26_axi_crossbar is either unconnected or has no load
WARNING: [Synth 8-7129] Port s_axi_araddr[29] in module axi_crossbar_v2_1_26_axi_crossbar is either unconnected or has no load
WARNING: [Synth 8-7129] Port s_axi_araddr[28] in module axi_crossbar_v2_1_26_axi_crossbar is either unconnected or has no load
INFO: [Common 17-14] Message 'Synth 8-7129' appears 100 times and further instances of the messages will be disabled. Use the Tcl command set_msg_config to change the current settings.
---------------------------------------------------------------------------------
Finished RTL Elaboration : Time (s): cpu = 00:00:11 ; elapsed = 00:00:15 . Memory (MB): peak = 2737.340 ; gain = 0.000 ; free physical = 436109 ; free virtual = 608222
---------------------------------------------------------------------------------
---------------------------------------------------------------------------------
Start Handling Custom Attributes
---------------------------------------------------------------------------------
---------------------------------------------------------------------------------
Finished Handling Custom Attributes : Time (s): cpu = 00:00:12 ; elapsed = 00:00:16 . Memory (MB): peak = 2737.340 ; gain = 0.000 ; free physical = 436140 ; free virtual = 608263
---------------------------------------------------------------------------------
---------------------------------------------------------------------------------
Finished RTL Optimization Phase 1 : Time (s): cpu = 00:00:12 ; elapsed = 00:00:16 . Memory (MB): peak = 2737.340 ; gain = 0.000 ; free physical = 436140 ; free virtual = 608263
---------------------------------------------------------------------------------
Netlist sorting complete. Time (s): cpu = 00:00:00.05 ; elapsed = 00:00:00.06 . Memory (MB): peak = 2737.340 ; gain = 0.000 ; free physical = 436120 ; free virtual = 608236
INFO: [Project 1-570] Preparing netlist for logic optimization

Processing XDC Constraints
Initializing timing engine
Parsing XDC File [/ecel/UFAD/michael.logsdon/workspace/SDR/vivado/SDR/SDR.gen/sources_1/bd/design_1/ip/design_1_xbar_1/design_1_xbar_1_ooc.xdc] for cell 'inst'
Finished Parsing XDC File [/ecel/UFAD/michael.logsdon/workspace/SDR/vivado/SDR/SDR.gen/sources_1/bd/design_1/ip/design_1_xbar_1/design_1_xbar_1_ooc.xdc] for cell 'inst'
Parsing XDC File [/ecel/UFAD/michael.logsdon/workspace/SDR/vivado/SDR/SDR.runs/design_1_xbar_1_synth_1/dont_touch.xdc]
Finished Parsing XDC File [/ecel/UFAD/michael.logsdon/workspace/SDR/vivado/SDR/SDR.runs/design_1_xbar_1_synth_1/dont_touch.xdc]
Completed Processing XDC Constraints

Netlist sorting complete. Time (s): cpu = 00:00:00 ; elapsed = 00:00:00 . Memory (MB): peak = 2847.125 ; gain = 0.000 ; free physical = 435995 ; free virtual = 608112
INFO: [Project 1-111] Unisim Transformation Summary:
No Unisim elements were transformed.

Constraint Validation Runtime : Time (s): cpu = 00:00:00.11 ; elapsed = 00:00:00.06 . Memory (MB): peak = 2847.125 ; gain = 0.000 ; free physical = 435991 ; free virtual = 608109
---------------------------------------------------------------------------------
Finished Constraint Validation : Time (s): cpu = 00:00:20 ; elapsed = 00:00:24 . Memory (MB): peak = 2847.125 ; gain = 109.785 ; free physical = 436008 ; free virtual = 608136
---------------------------------------------------------------------------------
---------------------------------------------------------------------------------
Start Loading Part and Timing Information
---------------------------------------------------------------------------------
Loading part: xc7z020clg400-1
---------------------------------------------------------------------------------
Finished Loading Part and Timing Information : Time (s): cpu = 00:00:20 ; elapsed = 00:00:24 . Memory (MB): peak = 2847.125 ; gain = 109.785 ; free physical = 436008 ; free virtual = 608136
---------------------------------------------------------------------------------
---------------------------------------------------------------------------------
Start Applying 'set_property' XDC Constraints
---------------------------------------------------------------------------------
Applied set_property KEEP_HIERARCHY = SOFT for inst. (constraint file  /ecel/UFAD/michael.logsdon/workspace/SDR/vivado/SDR/SDR.runs/design_1_xbar_1_synth_1/dont_touch.xdc, line 9).
---------------------------------------------------------------------------------
Finished applying 'set_property' XDC Constraints : Time (s): cpu = 00:00:20 ; elapsed = 00:00:24 . Memory (MB): peak = 2847.125 ; gain = 109.785 ; free physical = 436009 ; free virtual = 608136
---------------------------------------------------------------------------------
INFO: [Synth 8-802] inferred FSM for state register 'state_reg' in module 'axi_data_fifo_v2_1_24_axic_reg_srl_fifo'
INFO: [Synth 8-802] inferred FSM for state register 'state_reg' in module 'axi_data_fifo_v2_1_24_axic_reg_srl_fifo__parameterized0'
INFO: [Synth 8-802] inferred FSM for state register 'state_reg' in module 'axi_data_fifo_v2_1_24_axic_reg_srl_fifo__parameterized1'
INFO: [Synth 8-802] inferred FSM for state register 'state_reg' in module 'axi_data_fifo_v2_1_24_axic_reg_srl_fifo__parameterized2'
INFO: [Synth 8-802] inferred FSM for state register 'gen_axi.write_cs_reg' in module 'axi_crossbar_v2_1_26_decerr_slave'
---------------------------------------------------------------------------------------------------
                   State |                     New Encoding |                Previous Encoding 
---------------------------------------------------------------------------------------------------
                    ZERO |                             1000 |                               10
                     ONE |                             0010 |                               11
                     TWO |                             0001 |                               01
                  iSTATE |                             0100 |                               00
---------------------------------------------------------------------------------------------------
INFO: [Synth 8-3354] encoded FSM with state register 'state_reg' using encoding 'one-hot' in module 'axi_data_fifo_v2_1_24_axic_reg_srl_fifo'
---------------------------------------------------------------------------------------------------
                   State |                     New Encoding |                Previous Encoding 
---------------------------------------------------------------------------------------------------
                    ZERO |                             1000 |                               10
                     ONE |                             0010 |                               11
                     TWO |                             0001 |                               01
                  iSTATE |                             0100 |                               00
---------------------------------------------------------------------------------------------------
INFO: [Synth 8-3354] encoded FSM with state register 'state_reg' using encoding 'one-hot' in module 'axi_data_fifo_v2_1_24_axic_reg_srl_fifo__parameterized0'
---------------------------------------------------------------------------------------------------
                   State |                     New Encoding |                Previous Encoding 
---------------------------------------------------------------------------------------------------
                    ZERO |                             1000 |                               10
                     ONE |                             0010 |                               11
                     TWO |                             0001 |                               01
                  iSTATE |                             0100 |                               00
---------------------------------------------------------------------------------------------------
INFO: [Synth 8-3354] encoded FSM with state register 'state_reg' using encoding 'one-hot' in module 'axi_data_fifo_v2_1_24_axic_reg_srl_fifo__parameterized1'
---------------------------------------------------------------------------------------------------
                   State |                     New Encoding |                Previous Encoding 
---------------------------------------------------------------------------------------------------
                    ZERO |                             1000 |                               10
                     ONE |                             0010 |                               11
                     TWO |                             0001 |                               01
                  iSTATE |                             0100 |                               00
---------------------------------------------------------------------------------------------------
INFO: [Synth 8-3354] encoded FSM with state register 'state_reg' using encoding 'one-hot' in module 'axi_data_fifo_v2_1_24_axic_reg_srl_fifo__parameterized2'
---------------------------------------------------------------------------------------------------
                   State |                     New Encoding |                Previous Encoding 
---------------------------------------------------------------------------------------------------
            P_WRITE_IDLE |                              001 |                               00
            P_WRITE_DATA |                              010 |                               01
            P_WRITE_RESP |                              100 |                               10
---------------------------------------------------------------------------------------------------
INFO: [Synth 8-3354] encoded FSM with state register 'gen_axi.write_cs_reg' using encoding 'one-hot' in module 'axi_crossbar_v2_1_26_decerr_slave'
---------------------------------------------------------------------------------
Finished RTL Optimization Phase 2 : Time (s): cpu = 00:00:21 ; elapsed = 00:00:26 . Memory (MB): peak = 2847.125 ; gain = 109.785 ; free physical = 436012 ; free virtual = 608139
---------------------------------------------------------------------------------
---------------------------------------------------------------------------------
Start RTL Component Statistics 
---------------------------------------------------------------------------------
Detailed RTL Component Info : 
+---Adders : 
	   2 Input    8 Bit       Adders := 3     
	   2 Input    4 Bit       Adders := 4     
	   2 Input    3 Bit       Adders := 5     
	   2 Input    2 Bit       Adders := 9     
	   2 Input    1 Bit       Adders := 2     
+---XORs : 
	   2 Input      1 Bit         XORs := 9     
+---Registers : 
	               68 Bit    Registers := 4     
	               64 Bit    Registers := 2     
	                8 Bit    Registers := 3     
	                4 Bit    Registers := 5     
	                3 Bit    Registers := 5     
	                2 Bit    Registers := 27    
	                1 Bit    Registers := 45    
+---Muxes : 
	   2 Input   68 Bit        Muxes := 4     
	   2 Input   16 Bit        Muxes := 4     
	   2 Input    8 Bit        Muxes := 1     
	   3 Input    4 Bit        Muxes := 4     
	   2 Input    4 Bit        Muxes := 14    
	   2 Input    3 Bit        Muxes := 2     
	   2 Input    2 Bit        Muxes := 21    
	   2 Input    1 Bit        Muxes := 59    
	   4 Input    1 Bit        Muxes := 12    
	   3 Input    1 Bit        Muxes := 9     
---------------------------------------------------------------------------------
Finished RTL Component Statistics 
---------------------------------------------------------------------------------
---------------------------------------------------------------------------------
Start Part Resource Summary
---------------------------------------------------------------------------------
Part Resources:
DSPs: 220 (col length:60)
BRAMs: 280 (col length: RAMB18 60 RAMB36 30)
---------------------------------------------------------------------------------
Finished Part Resource Summary
---------------------------------------------------------------------------------
---------------------------------------------------------------------------------
Start Cross Boundary and Area Optimization
---------------------------------------------------------------------------------
WARNING: [Synth 8-7080] Parallel synthesis criteria is not met
INFO: [Synth 8-3332] Sequential element (gen_samd.crossbar_samd/gen_slave_slots[0].gen_si_write.wdata_router_w/wrouter_aw_fifo/FSM_onehot_state_reg[2]) is unused and will be removed from module axi_crossbar_v2_1_26_axi_crossbar.
INFO: [Synth 8-3332] Sequential element (gen_samd.crossbar_samd/gen_slave_slots[1].gen_si_write.wdata_router_w/wrouter_aw_fifo/FSM_onehot_state_reg[2]) is unused and will be removed from module axi_crossbar_v2_1_26_axi_crossbar.
INFO: [Synth 8-3332] Sequential element (gen_samd.crossbar_samd/gen_master_slots[0].gen_mi_write.wdata_mux_w/gen_wmux.wmux_aw_fifo/FSM_onehot_state_reg[2]) is unused and will be removed from module axi_crossbar_v2_1_26_axi_crossbar.
INFO: [Synth 8-3332] Sequential element (gen_samd.crossbar_samd/gen_master_slots[1].gen_mi_write.wdata_mux_w/gen_wmux.wmux_aw_fifo/FSM_onehot_state_reg[2]) is unused and will be removed from module axi_crossbar_v2_1_26_axi_crossbar.
---------------------------------------------------------------------------------
Finished Cross Boundary and Area Optimization : Time (s): cpu = 00:00:24 ; elapsed = 00:00:29 . Memory (MB): peak = 2847.125 ; gain = 109.785 ; free physical = 435920 ; free virtual = 608052
---------------------------------------------------------------------------------
---------------------------------------------------------------------------------
Start Applying XDC Timing Constraints
---------------------------------------------------------------------------------
---------------------------------------------------------------------------------
Finished Applying XDC Timing Constraints : Time (s): cpu = 00:00:29 ; elapsed = 00:00:34 . Memory (MB): peak = 2847.125 ; gain = 109.785 ; free physical = 435787 ; free virtual = 607929
---------------------------------------------------------------------------------
---------------------------------------------------------------------------------
Start Timing Optimization
---------------------------------------------------------------------------------
---------------------------------------------------------------------------------
Finished Timing Optimization : Time (s): cpu = 00:00:30 ; elapsed = 00:00:36 . Memory (MB): peak = 2847.125 ; gain = 109.785 ; free physical = 435859 ; free virtual = 608002
---------------------------------------------------------------------------------
---------------------------------------------------------------------------------
Start Technology Mapping
---------------------------------------------------------------------------------
---------------------------------------------------------------------------------
Finished Technology Mapping : Time (s): cpu = 00:00:30 ; elapsed = 00:00:36 . Memory (MB): peak = 2847.125 ; gain = 109.785 ; free physical = 435878 ; free virtual = 608021
---------------------------------------------------------------------------------
---------------------------------------------------------------------------------
Start IO Insertion
---------------------------------------------------------------------------------
---------------------------------------------------------------------------------
Start Flattening Before IO Insertion
---------------------------------------------------------------------------------
---------------------------------------------------------------------------------
Finished Flattening Before IO Insertion
---------------------------------------------------------------------------------
---------------------------------------------------------------------------------
Start Final Netlist Cleanup
---------------------------------------------------------------------------------
---------------------------------------------------------------------------------
Finished Final Netlist Cleanup
---------------------------------------------------------------------------------
---------------------------------------------------------------------------------
Finished IO Insertion : Time (s): cpu = 00:00:34 ; elapsed = 00:00:40 . Memory (MB): peak = 2847.125 ; gain = 109.785 ; free physical = 436001 ; free virtual = 608146
---------------------------------------------------------------------------------
---------------------------------------------------------------------------------
Start Renaming Generated Instances
---------------------------------------------------------------------------------
---------------------------------------------------------------------------------
Finished Renaming Generated Instances : Time (s): cpu = 00:00:34 ; elapsed = 00:00:40 . Memory (MB): peak = 2847.125 ; gain = 109.785 ; free physical = 436001 ; free virtual = 608146
---------------------------------------------------------------------------------
---------------------------------------------------------------------------------
Start Rebuilding User Hierarchy
---------------------------------------------------------------------------------
---------------------------------------------------------------------------------
Finished Rebuilding User Hierarchy : Time (s): cpu = 00:00:34 ; elapsed = 00:00:40 . Memory (MB): peak = 2847.125 ; gain = 109.785 ; free physical = 435999 ; free virtual = 608144
---------------------------------------------------------------------------------
---------------------------------------------------------------------------------
Start Renaming Generated Ports
---------------------------------------------------------------------------------
---------------------------------------------------------------------------------
Finished Renaming Generated Ports : Time (s): cpu = 00:00:34 ; elapsed = 00:00:40 . Memory (MB): peak = 2847.125 ; gain = 109.785 ; free physical = 435999 ; free virtual = 608144
---------------------------------------------------------------------------------
---------------------------------------------------------------------------------
Start Handling Custom Attributes
---------------------------------------------------------------------------------
---------------------------------------------------------------------------------
Finished Handling Custom Attributes : Time (s): cpu = 00:00:34 ; elapsed = 00:00:40 . Memory (MB): peak = 2847.125 ; gain = 109.785 ; free physical = 436000 ; free virtual = 608144
---------------------------------------------------------------------------------
---------------------------------------------------------------------------------
Start Renaming Generated Nets
---------------------------------------------------------------------------------
---------------------------------------------------------------------------------
Finished Renaming Generated Nets : Time (s): cpu = 00:00:34 ; elapsed = 00:00:40 . Memory (MB): peak = 2847.125 ; gain = 109.785 ; free physical = 436000 ; free virtual = 608144
---------------------------------------------------------------------------------
---------------------------------------------------------------------------------
Start Writing Synthesis Report
---------------------------------------------------------------------------------

Report BlackBoxes: 
+-+--------------+----------+
| |BlackBox name |Instances |
+-+--------------+----------+
+-+--------------+----------+

Report Cell Usage: 
+------+--------+------+
|      |Cell    |Count |
+------+--------+------+
|1     |LUT1    |     6|
|2     |LUT2    |   135|
|3     |LUT3    |   241|
|4     |LUT4    |    45|
|5     |LUT5    |    54|
|6     |LUT6    |    76|
|7     |SRLC32E |     4|
|8     |FDRE    |   356|
|9     |FDSE    |    19|
+------+--------+------+
---------------------------------------------------------------------------------
Finished Writing Synthesis Report : Time (s): cpu = 00:00:34 ; elapsed = 00:00:40 . Memory (MB): peak = 2847.125 ; gain = 109.785 ; free physical = 435999 ; free virtual = 608144
---------------------------------------------------------------------------------
Synthesis finished with 0 errors, 0 critical warnings and 154 warnings.
Synthesis Optimization Runtime : Time (s): cpu = 00:00:31 ; elapsed = 00:00:37 . Memory (MB): peak = 2847.125 ; gain = 0.000 ; free physical = 436051 ; free virtual = 608195
Synthesis Optimization Complete : Time (s): cpu = 00:00:34 ; elapsed = 00:00:40 . Memory (MB): peak = 2847.125 ; gain = 109.785 ; free physical = 436051 ; free virtual = 608195
INFO: [Project 1-571] Translating synthesized netlist
Netlist sorting complete. Time (s): cpu = 00:00:00.02 ; elapsed = 00:00:00.02 . Memory (MB): peak = 2847.125 ; gain = 0.000 ; free physical = 436148 ; free virtual = 608291
INFO: [Project 1-570] Preparing netlist for logic optimization
INFO: [Opt 31-138] Pushed 0 inverter(s) to 0 load pin(s).
Netlist sorting complete. Time (s): cpu = 00:00:00 ; elapsed = 00:00:00 . Memory (MB): peak = 2847.125 ; gain = 0.000 ; free physical = 436077 ; free virtual = 608219
INFO: [Project 1-111] Unisim Transformation Summary:
No Unisim elements were transformed.

Synth Design complete, checksum: 7c0d0aba
INFO: [Common 17-83] Releasing license: Synthesis
119 Infos, 123 Warnings, 0 Critical Warnings and 0 Errors encountered.
synth_design completed successfully
synth_design: Time (s): cpu = 00:00:47 ; elapsed = 00:00:48 . Memory (MB): peak = 2847.125 ; gain = 113.961 ; free physical = 436177 ; free virtual = 608320
INFO: [Common 17-1381] The checkpoint '/ecel/UFAD/michael.logsdon/workspace/SDR/vivado/SDR/SDR.runs/design_1_xbar_1_synth_1/design_1_xbar_1.dcp' has been generated.
INFO: [Coretcl 2-1648] Added synthesis output to IP cache for IP design_1_xbar_1, cache-ID = e26e15e75114859f
INFO: [Coretcl 2-1174] Renamed 29 cell refs.
INFO: [Common 17-1381] The checkpoint '/ecel/UFAD/michael.logsdon/workspace/SDR/vivado/SDR/SDR.runs/design_1_xbar_1_synth_1/design_1_xbar_1.dcp' has been generated.
INFO: [runtcl-4] Executing : report_utilization -file design_1_xbar_1_utilization_synth.rpt -pb design_1_xbar_1_utilization_synth.pb
INFO: [Common 17-206] Exiting Vivado at Fri Aug 21 18:03:28 2026...
