Passband Flatness: 0.09991902178563428
Expected sweep iterations: 512
Sweep Iteration: 0
Logging maximums: Max Amplitude: 0.0
Sweep Iteration: 1
Logging maximums: Max Amplitude: 378589941420.1496
Sweep Iteration: 2
Logging maximums: Max Amplitude: 348087120567.9494
Sweep Iteration: 3
Logging maximums: Max Amplitude: 2799357028279.1084
Sweep Iteration: 4
Logging maximums: Max Amplitude: 11535495706457.1
Sweep Iteration: 5
Logging maximums: Max Amplitude: 34597017166232.77
Sweep Iteration: 6
Logging maximums: Max Amplitude: 85247763328421.22
Sweep Iteration: 7
Logging maximums: Max Amplitude: 182485371100781.47
Sweep Iteration: 8
Logging maximums: Max Amplitude: 352840118571850.7
Sweep Iteration: 9
Logging maximums: Max Amplitude: 630043391898021.5
Sweep Iteration: 10
Logging maximums: Max Amplitude: 1057211031633356.5
Sweep Iteration: 11
Logging maximums: Max Amplitude: 1686044127564148.8
Sweep Iteration: 12
Logging maximums: Max Amplitude: 2580262220845882.5
Sweep Iteration: 13
Logging maximums: Max Amplitude: 3814210814092766.0
Sweep Iteration: 14
Logging maximums: Max Amplitude: 5472375131898206.0
Sweep Iteration: 15
Logging maximums: Max Amplitude: 7652916809691457.0
Sweep Iteration: 16
Logging maximums: Max Amplitude: 1.046709902478632e+16
Sweep Iteration: 17
Logging maximums: Max Amplitude: 1.404186275354953e+16
Sweep Iteration: 18
Logging maximums: Max Amplitude: 1.8512521037430052e+16
Sweep Iteration: 19
Logging maximums: Max Amplitude: 2.40312819581404e+16
Sweep Iteration: 20
Logging maximums: Max Amplitude: 3.0763006977469348e+16
Sweep Iteration: 21
Logging maximums: Max Amplitude: 3.889357800458623e+16
Sweep Iteration: 22
Logging maximums: Max Amplitude: 4.862325633679039e+16
Sweep Iteration: 23
Logging maximums: Max Amplitude: 6.016607461456468e+16
Sweep Iteration: 24
Logging maximums: Max Amplitude: 7.374353141148576e+16
Sweep Iteration: 25
Logging maximums: Max Amplitude: 8.95949062554947e+16
Sweep Iteration: 26
Logging maximums: Max Amplitude: 1.0798656401434512e+17
Sweep Iteration: 27
Logging maximums: Max Amplitude: 1.2921046837078227e+17
Sweep Iteration: 28
Logging maximums: Max Amplitude: 1.535656402513665e+17
Sweep Iteration: 29
Logging maximums: Max Amplitude: 1.813440646348683e+17
Sweep Iteration: 30
Logging maximums: Max Amplitude: 2.128523957595269e+17
Sweep Iteration: 31
Logging maximums: Max Amplitude: 2.484416809960278e+17
Sweep Iteration: 32
Logging maximums: Max Amplitude: 2.885098474292307e+17
Sweep Iteration: 33
Logging maximums: Max Amplitude: 3.3345991297697645e+17
Sweep Iteration: 34
Logging maximums: Max Amplitude: 3.836505731626995e+17
Sweep Iteration: 35
Logging maximums: Max Amplitude: 4.3943061041428275e+17
Sweep Iteration: 36
Logging maximums: Max Amplitude: 5.012233381162483e+17
Sweep Iteration: 37
Logging maximums: Max Amplitude: 5.6955556179966246e+17
Sweep Iteration: 38
Logging maximums: Max Amplitude: 6.449663523019583e+17
Sweep Iteration: 39
Logging maximums: Max Amplitude: 7.278893674384982e+17
Sweep Iteration: 40
Logging maximums: Max Amplitude: 8.18671165723468e+17
Sweep Iteration: 41
Logging maximums: Max Amplitude: 9.17757090919615e+17
Sweep Iteration: 42
Logging maximums: Max Amplitude: 1.0258142738937838e+18
Sweep Iteration: 43
Logging maximums: Max Amplitude: 1.1435997515421257e+18
Sweep Iteration: 44
Logging maximums: Max Amplitude: 1.2716626747496965e+18
Sweep Iteration: 45
Logging maximums: Max Amplitude: 1.410284460775212e+18
Sweep Iteration: 46
Logging maximums: Max Amplitude: 1.5598059012393938e+18
Sweep Iteration: 47
Logging maximums: Max Amplitude: 1.721015633691455e+18
Sweep Iteration: 48
Logging maximums: Max Amplitude: 1.8950176088286559e+18
Sweep Iteration: 49
Logging maximums: Max Amplitude: 2.0826267304172065e+18
Sweep Iteration: 50
Logging maximums: Max Amplitude: 2.283995694596606e+18
Sweep Iteration: 51
Logging maximums: Max Amplitude: 2.499115335629461e+18
Sweep Iteration: 52
Logging maximums: Max Amplitude: 2.7287333492614697e+18
Sweep Iteration: 53
Logging maximums: Max Amplitude: 2.974496724316739e+18
Sweep Iteration: 54
Logging maximums: Max Amplitude: 3.2378556446149233e+18
Sweep Iteration: 55
Logging maximums: Max Amplitude: 3.5189029154787866e+18
Sweep Iteration: 56
Logging maximums: Max Amplitude: 3.8168111380712986e+18
Sweep Iteration: 57
Logging maximums: Max Amplitude: 4.1317687982023946e+18
Sweep Iteration: 58
Logging maximums: Max Amplitude: 4.4660987757316337e+18
Sweep Iteration: 59
Logging maximums: Max Amplitude: 4.822512688841599e+18
Sweep Iteration: 60
Logging maximums: Max Amplitude: 5.200691312168235e+18
Sweep Iteration: 61
Logging maximums: Max Amplitude: 5.596134830688394e+18
Sweep Iteration: 62
Logging maximums: Max Amplitude: 6.003597998558151e+18
Sweep Iteration: 63
Logging maximums: Max Amplitude: 6.421492036858231e+18
Sweep Iteration: 64
Logging maximums: Max Amplitude: 1.2807992486709387e+19
Sweep Iteration: 65
Logging maximums: Max Amplitude: 7.289148372512322e+18
Sweep Iteration: 66
Logging maximums: Max Amplitude: 7.730066186408807e+18
Sweep Iteration: 67
Logging maximums: Max Amplitude: 8.169993940539298e+18
Sweep Iteration: 68
Logging maximums: Max Amplitude: 8.614221630953773e+18
Sweep Iteration: 69
Logging maximums: Max Amplitude: 9.072344621440046e+18
Sweep Iteration: 70
Logging maximums: Max Amplitude: 9.548686163825811e+18
Sweep Iteration: 71
Logging maximums: Max Amplitude: 1.0039276464307747e+19
Sweep Iteration: 72
Logging maximums: Max Amplitude: 1.0538197268903637e+19
Sweep Iteration: 73
Logging maximums: Max Amplitude: 1.1045147948525933e+19
Sweep Iteration: 74
Logging maximums: Max Amplitude: 1.1565562139850222e+19
Sweep Iteration: 75
Logging maximums: Max Amplitude: 1.2103664896718537e+19
Sweep Iteration: 76
Logging maximums: Max Amplitude: 1.2657018672181772e+19
Sweep Iteration: 77
Logging maximums: Max Amplitude: 1.3219179885893763e+19
Sweep Iteration: 78
Logging maximums: Max Amplitude: 1.3787196083199906e+19
Sweep Iteration: 79
Logging maximums: Max Amplitude: 1.4364827042296785e+19
Sweep Iteration: 80
Logging maximums: Max Amplitude: 1.4957548182562415e+19
Sweep Iteration: 81
Logging maximums: Max Amplitude: 1.5565388389460214e+19
Sweep Iteration: 82
Logging maximums: Max Amplitude: 1.6182347179934718e+19
Sweep Iteration: 83
Logging maximums: Max Amplitude: 1.6803173126782863e+19
Sweep Iteration: 84
Logging maximums: Max Amplitude: 1.7429277200766325e+19
Sweep Iteration: 85
Logging maximums: Max Amplitude: 1.8066515276136958e+19
Sweep Iteration: 86
Logging maximums: Max Amplitude: 1.8717443483873018e+19
Sweep Iteration: 87
Logging maximums: Max Amplitude: 1.9377464483630567e+19
Sweep Iteration: 88
Logging maximums: Max Amplitude: 2.003969640036722e+19
Sweep Iteration: 89
Logging maximums: Max Amplitude: 2.0702722171565986e+19
Sweep Iteration: 90
Logging maximums: Max Amplitude: 2.137173849535813e+19
Sweep Iteration: 91
Logging maximums: Max Amplitude: 2.205155091803942e+19
Sweep Iteration: 92
Logging maximums: Max Amplitude: 2.273985287073455e+19
Sweep Iteration: 93
Logging maximums: Max Amplitude: 2.342910820277793e+19
Sweep Iteration: 94
Logging maximums: Max Amplitude: 2.4114922449705796e+19
Sweep Iteration: 95
Logging maximums: Max Amplitude: 2.480073216993178e+19
Sweep Iteration: 96
Logging maximums: Max Amplitude: 2.5492911427955274e+19
Sweep Iteration: 97
Logging maximums: Max Amplitude: 2.61920870747381e+19
Sweep Iteration: 98
Logging maximums: Max Amplitude: 2.6891282380187595e+19
Sweep Iteration: 99
Logging maximums: Max Amplitude: 2.758343118801192e+19
Sweep Iteration: 100
Logging maximums: Max Amplitude: 2.8269210864161636e+19
Sweep Iteration: 101
Logging maximums: Max Amplitude: 2.895550724368859e+19
Sweep Iteration: 102
Logging maximums: Max Amplitude: 2.9646101448666755e+19
Sweep Iteration: 103
Logging maximums: Max Amplitude: 3.033587928978504e+19
Sweep Iteration: 104
Logging maximums: Max Amplitude: 3.101590177296569e+19
Sweep Iteration: 105
Logging maximums: Max Amplitude: 3.168340875491942e+19
Sweep Iteration: 106
Logging maximums: Max Amplitude: 3.2344456457806905e+19
Sweep Iteration: 107
Logging maximums: Max Amplitude: 3.3005671265028157e+19
Sweep Iteration: 108
Logging maximums: Max Amplitude: 3.3664966565413188e+19
Sweep Iteration: 109
Logging maximums: Max Amplitude: 3.4312795485307232e+19
Sweep Iteration: 110
Logging maximums: Max Amplitude: 3.4942772044096623e+19
Sweep Iteration: 111
Logging maximums: Max Amplitude: 3.555870677291599e+19
Sweep Iteration: 112
Logging maximums: Max Amplitude: 3.6169172945974735e+19
Sweep Iteration: 113
Logging maximums: Max Amplitude: 3.677591227025796e+19
Sweep Iteration: 114
Logging maximums: Max Amplitude: 3.7370352991957565e+19
Sweep Iteration: 115
Logging maximums: Max Amplitude: 3.7942929417220055e+19
Sweep Iteration: 116
Logging maximums: Max Amplitude: 3.849395370426821e+19
Sweep Iteration: 117
Logging maximums: Max Amplitude: 3.9032526376462705e+19
Sweep Iteration: 118
Logging maximums: Max Amplitude: 3.956443011898572e+19
Sweep Iteration: 119
Logging maximums: Max Amplitude: 4.008373848803286e+19
Sweep Iteration: 120
Logging maximums: Max Amplitude: 4.057883139773191e+19
Sweep Iteration: 121
Logging maximums: Max Amplitude: 4.10457063912609e+19
Sweep Iteration: 122
Logging maximums: Max Amplitude: 4.149221524125734e+19
Sweep Iteration: 123
Logging maximums: Max Amplitude: 4.192765833764754e+19
Sweep Iteration: 124
Logging maximums: Max Amplitude: 4.2350219857560396e+19
Sweep Iteration: 125
Logging maximums: Max Amplitude: 4.274794551444575e+19
Sweep Iteration: 126
Logging maximums: Max Amplitude: 4.311239788789366e+19
Sweep Iteration: 127
Logging maximums: Max Amplitude: 4.344829777021602e+19
Sweep Iteration: 128
Logging maximums: Max Amplitude: 5.992083375370101e+19
Sweep Iteration: 129
Logging maximums: Max Amplitude: 4.407226219441336e+19
Sweep Iteration: 130
Logging maximums: Max Amplitude: 4.4353410899861864e+19
Sweep Iteration: 131
Logging maximums: Max Amplitude: 4.459842154379785e+19
Sweep Iteration: 132
Logging maximums: Max Amplitude: 4.480734597469093e+19
Sweep Iteration: 133
Logging maximums: Max Amplitude: 4.499188797107822e+19
Sweep Iteration: 134
Logging maximums: Max Amplitude: 4.516048075378065e+19
Sweep Iteration: 135
Logging maximums: Max Amplitude: 4.5306974132750565e+19
Sweep Iteration: 136
Logging maximums: Max Amplitude: 4.541708828045915e+19
Sweep Iteration: 137
Logging maximums: Max Amplitude: 4.548514059925679e+19
Sweep Iteration: 138
Logging maximums: Max Amplitude: 4.5520608356106895e+19
Sweep Iteration: 139
Logging maximums: Max Amplitude: 4.5536233032106385e+19
Sweep Iteration: 140
Logging maximums: Max Amplitude: 4.553176399732295e+19
Sweep Iteration: 141
Logging maximums: Max Amplitude: 4.549324655150752e+19
Sweep Iteration: 142
Logging maximums: Max Amplitude: 4.540923573371482e+19
Sweep Iteration: 143
Logging maximums: Max Amplitude: 4.528443741444734e+19
Sweep Iteration: 144
Logging maximums: Max Amplitude: 4.51339636313623e+19
Sweep Iteration: 145
Logging maximums: Max Amplitude: 4.496460374682825e+19
Sweep Iteration: 146
Logging maximums: Max Amplitude: 4.4765680157285286e+19
Sweep Iteration: 147
Logging maximums: Max Amplitude: 4.4521129807532966e+19
Sweep Iteration: 148
Logging maximums: Max Amplitude: 4.42287284849657e+19
Sweep Iteration: 149
Logging maximums: Max Amplitude: 4.390306673819406e+19
Sweep Iteration: 150
Logging maximums: Max Amplitude: 4.355797238368682e+19
Sweep Iteration: 151
Logging maximums: Max Amplitude: 4.318907787329564e+19
Sweep Iteration: 152
Logging maximums: Max Amplitude: 4.277812642173201e+19
Sweep Iteration: 153
Logging maximums: Max Amplitude: 4.231470253302305e+19
Sweep Iteration: 154
Logging maximums: Max Amplitude: 4.180935040822499e+19
Sweep Iteration: 155
Logging maximums: Max Amplitude: 4.128146494453582e+19
Sweep Iteration: 156
Logging maximums: Max Amplitude: 4.073556647969419e+19
Sweep Iteration: 157
Logging maximums: Max Amplitude: 4.015478587252551e+19
Sweep Iteration: 158
Logging maximums: Max Amplitude: 3.952065844952132e+19
Sweep Iteration: 159
Logging maximums: Max Amplitude: 3.883601935073793e+19
Sweep Iteration: 160
Logging maximums: Max Amplitude: 3.812276759528821e+19
Sweep Iteration: 161
Logging maximums: Max Amplitude: 3.739576712935503e+19
Sweep Iteration: 162
Logging maximums: Max Amplitude: 3.6643953449593025e+19
Sweep Iteration: 163
Logging maximums: Max Amplitude: 3.584276870014395e+19
Sweep Iteration: 164
Logging maximums: Max Amplitude: 3.498422471056148e+19
Sweep Iteration: 165
Logging maximums: Max Amplitude: 3.408812849854216e+19
Sweep Iteration: 166
Logging maximums: Max Amplitude: 3.3179362772435423e+19
Sweep Iteration: 167
Logging maximums: Max Amplitude: 3.2257338281279353e+19
Sweep Iteration: 168
Logging maximums: Max Amplitude: 3.129546742254683e+19
Sweep Iteration: 169
Logging maximums: Max Amplitude: 3.0273184394433315e+19
Sweep Iteration: 170
Logging maximums: Max Amplitude: 2.920240005159e+19
Sweep Iteration: 171
Logging maximums: Max Amplitude: 2.8115231025605427e+19
Sweep Iteration: 172
Logging maximums: Max Amplitude: 2.7025681163676635e+19
Sweep Iteration: 173
Logging maximums: Max Amplitude: 2.5911437964444316e+19
Sweep Iteration: 174
Logging maximums: Max Amplitude: 2.4739941648535613e+19
Sweep Iteration: 175
Logging maximums: Max Amplitude: 2.3508762477438448e+19
Sweep Iteration: 176
Logging maximums: Max Amplitude: 2.2251311351069753e+19
Sweep Iteration: 177
Logging maximums: Max Amplitude: 2.0998619451555156e+19
Sweep Iteration: 178
Logging maximums: Max Amplitude: 1.9741278248750993e+19
Sweep Iteration: 179
Logging maximums: Max Amplitude: 1.8438972467621964e+19
Sweep Iteration: 180
Logging maximums: Max Amplitude: 1.7068662260537491e+19
Sweep Iteration: 181
Logging maximums: Max Amplitude: 1.565488055320036e+19
Sweep Iteration: 182
Logging maximums: Max Amplitude: 1.4244712240560128e+19
Sweep Iteration: 183
Logging maximums: Max Amplitude: 1.2853190413249878e+19
Sweep Iteration: 184
Logging maximums: Max Amplitude: 1.1442908761603273e+19
Sweep Iteration: 185
Logging maximums: Max Amplitude: 9.964920653543027e+18
Sweep Iteration: 186
Logging maximums: Max Amplitude: 8.41627636653262e+18
Sweep Iteration: 187
Logging maximums: Max Amplitude: 6.852813923472233e+18
Sweep Iteration: 188
Logging maximums: Max Amplitude: 5.346932259525966e+18
Sweep Iteration: 189
Logging maximums: Max Amplitude: 3.9396062954296914e+18
Sweep Iteration: 190
Logging maximums: Max Amplitude: 2.64853082554237e+18
Sweep Iteration: 191
Logging maximums: Max Amplitude: 1.5295729263063188e+18
Sweep Iteration: 192
Logging maximums: Max Amplitude: 6.132215465451466e+17
Sweep Iteration: 193
Logging maximums: Max Amplitude: 2.3775403680312323e+17
Sweep Iteration: 194
Logging maximums: Max Amplitude: 1.0874921256607386e+17
Sweep Iteration: 195
Logging maximums: Max Amplitude: 9.85389087108111e+16
Sweep Iteration: 196
Logging maximums: Max Amplitude: 1.0868713429194101e+17
Sweep Iteration: 197
Logging maximums: Max Amplitude: 9.24720518161046e+16
Sweep Iteration: 198
Logging maximums: Max Amplitude: 5.641842892281938e+16
Sweep Iteration: 199
Logging maximums: Max Amplitude: 1.3832546307581216e+16
Sweep Iteration: 200
Logging maximums: Max Amplitude: 3.685390808929487e+16
Sweep Iteration: 201
Logging maximums: Max Amplitude: 5.896137877866892e+16
Sweep Iteration: 202
Logging maximums: Max Amplitude: 6.8353859142681544e+16
Sweep Iteration: 203
Logging maximums: Max Amplitude: 5.836979402061131e+16
Sweep Iteration: 204
Logging maximums: Max Amplitude: 3.383247282963166e+16
Sweep Iteration: 205
Logging maximums: Max Amplitude: 1.3402143156654516e+16
Sweep Iteration: 206
Logging maximums: Max Amplitude: 2.8341656591910116e+16
Sweep Iteration: 207
Logging maximums: Max Amplitude: 4.3640679808955064e+16
Sweep Iteration: 208
Logging maximums: Max Amplitude: 4.794037574238616e+16
Sweep Iteration: 209
Logging maximums: Max Amplitude: 3.854660131546902e+16
Sweep Iteration: 210
Logging maximums: Max Amplitude: 1.9442669814603744e+16
Sweep Iteration: 211
Logging maximums: Max Amplitude: 1.1766739798833472e+16
Sweep Iteration: 212
Logging maximums: Max Amplitude: 2.3753832829219016e+16
Sweep Iteration: 213
Logging maximums: Max Amplitude: 3.3758977852886736e+16
Sweep Iteration: 214
Logging maximums: Max Amplitude: 3.445569648252113e+16
Sweep Iteration: 215
Logging maximums: Max Amplitude: 2.5470659717323652e+16
Sweep Iteration: 216
Logging maximums: Max Amplitude: 1.0251264274073614e+16
Sweep Iteration: 217
Logging maximums: Max Amplitude: 1.1172241802622734e+16
Sweep Iteration: 218
Logging maximums: Max Amplitude: 1.9870175138056684e+16
Sweep Iteration: 219
Logging maximums: Max Amplitude: 2.606011907410252e+16
Sweep Iteration: 220
Logging maximums: Max Amplitude: 2.4646072643055296e+16
Sweep Iteration: 221
Logging maximums: Max Amplitude: 1.649694740841939e+16
Sweep Iteration: 222
Logging maximums: Max Amplitude: 4541084784214062.0
Sweep Iteration: 223
Logging maximums: Max Amplitude: 1.0171549651973594e+16
Sweep Iteration: 224
Logging maximums: Max Amplitude: 1.6318418296336302e+16
Sweep Iteration: 225
Logging maximums: Max Amplitude: 1.9728139507597356e+16
Sweep Iteration: 226
Logging maximums: Max Amplitude: 1.733902705187112e+16
Sweep Iteration: 227
Logging maximums: Max Amplitude: 1.0393583953204872e+16
Sweep Iteration: 228
Logging maximums: Max Amplitude: 4465704870832880.0
Sweep Iteration: 229
Logging maximums: Max Amplitude: 8713648331849023.0
Sweep Iteration: 230
Logging maximums: Max Amplitude: 1.2966120490696556e+16
Sweep Iteration: 231
Logging maximums: Max Amplitude: 1.452416694717792e+16
Sweep Iteration: 232
Logging maximums: Max Amplitude: 1.1962498908697624e+16
Sweep Iteration: 233
Logging maximums: Max Amplitude: 6423145414507914.0
Sweep Iteration: 234
Logging maximums: Max Amplitude: 4162864861111475.0
Sweep Iteration: 235
Logging maximums: Max Amplitude: 6927877977699829.0
Sweep Iteration: 236
Logging maximums: Max Amplitude: 9747653635008728.0
Sweep Iteration: 237
Logging maximums: Max Amplitude: 1.034883391050619e+16
Sweep Iteration: 238
Logging maximums: Max Amplitude: 8147620845722920.0
Sweep Iteration: 239
Logging maximums: Max Amplitude: 4065984292122819.0
Sweep Iteration: 240
Logging maximums: Max Amplitude: 3457159639995478.0
Sweep Iteration: 241
Logging maximums: Max Amplitude: 4946334855546939.0
Sweep Iteration: 242
Logging maximums: Max Amplitude: 6829022582394889.0
Sweep Iteration: 243
Logging maximums: Max Amplitude: 7121460030216005.0
Sweep Iteration: 244
Logging maximums: Max Amplitude: 5610952922298546.0
Sweep Iteration: 245
Logging maximums: Max Amplitude: 2930901583211202.5
Sweep Iteration: 246
Logging maximums: Max Amplitude: 2550313649228749.0
Sweep Iteration: 247
Logging maximums: Max Amplitude: 2910188747614392.0
Sweep Iteration: 248
Logging maximums: Max Amplitude: 4308283166052597.0
Sweep Iteration: 249
Logging maximums: Max Amplitude: 4756827685034856.0
Sweep Iteration: 250
Logging maximums: Max Amplitude: 4125937887190874.5
Sweep Iteration: 251
Logging maximums: Max Amplitude: 2726427062234932.0
Sweep Iteration: 252
Logging maximums: Max Amplitude: 1337434605715963.8
Sweep Iteration: 253
Logging maximums: Max Amplitude: 920683746649501.1
Sweep Iteration: 254
Logging maximums: Max Amplitude: 2233651506834474.0
Sweep Iteration: 255
Logging maximums: Max Amplitude: 3175294817275488.0
Sweep Iteration: 256
Logging maximums: Max Amplitude: 3521527247574612.5
Sweep Iteration: 257
Logging maximums: Max Amplitude: 3246605769996202.5
Sweep Iteration: 258
Logging maximums: Max Amplitude: 2382989206912162.0
Sweep Iteration: 259
Logging maximums: Max Amplitude: 1029195441608110.6
Sweep Iteration: 260
Logging maximums: Max Amplitude: 1235174923827539.8
Sweep Iteration: 261
Logging maximums: Max Amplitude: 2320408515297873.5
Sweep Iteration: 262
Logging maximums: Max Amplitude: 3683893869774237.0
Sweep Iteration: 263
Logging maximums: Max Amplitude: 4355786878173396.5
Sweep Iteration: 264
Logging maximums: Max Amplitude: 4055927337737820.0
Sweep Iteration: 265
Logging maximums: Max Amplitude: 2753828717673213.5
Sweep Iteration: 266
Logging maximums: Max Amplitude: 2260888339028613.0
Sweep Iteration: 267
Logging maximums: Max Amplitude: 2172238581190204.0
Sweep Iteration: 268
Logging maximums: Max Amplitude: 4552043389364748.0
Sweep Iteration: 269
Logging maximums: Max Amplitude: 5968214990525868.0
Sweep Iteration: 270
Logging maximums: Max Amplitude: 5886124862479882.0
Sweep Iteration: 271
Logging maximums: Max Amplitude: 4305016524748544.0
Sweep Iteration: 272
Logging maximums: Max Amplitude: 2999467011418550.5
Sweep Iteration: 273
Logging maximums: Max Amplitude: 2751366127744529.0
Sweep Iteration: 274
Logging maximums: Max Amplitude: 6105968219047236.0
Sweep Iteration: 275
Logging maximums: Max Amplitude: 8025246626711673.0
Sweep Iteration: 276
Logging maximums: Max Amplitude: 7785717842695304.0
Sweep Iteration: 277
Logging maximums: Max Amplitude: 5613164098071749.0
Sweep Iteration: 278
Logging maximums: Max Amplitude: 3435073372003131.0
Sweep Iteration: 279
Logging maximums: Max Amplitude: 4114574794793490.0
Sweep Iteration: 280
Logging maximums: Max Amplitude: 8351918747038012.0
Sweep Iteration: 281
Logging maximums: Max Amplitude: 1.0475834990811392e+16
Sweep Iteration: 282
Logging maximums: Max Amplitude: 9654322253151098.0
Sweep Iteration: 283
Logging maximums: Max Amplitude: 6605692673637883.0
Sweep Iteration: 284
Logging maximums: Max Amplitude: 3505720190848829.0
Sweep Iteration: 285
Logging maximums: Max Amplitude: 6347965046137954.0
Sweep Iteration: 286
Logging maximums: Max Amplitude: 1.1312779636782014e+16
Sweep Iteration: 287
Logging maximums: Max Amplitude: 1.3269418446493168e+16
Sweep Iteration: 288
Logging maximums: Max Amplitude: 1.137669443108892e+16
Sweep Iteration: 289
Logging maximums: Max Amplitude: 7233399078965755.0
Sweep Iteration: 290
Logging maximums: Max Amplitude: 3253405168519218.0
Sweep Iteration: 291
Logging maximums: Max Amplitude: 9568186981938532.0
Sweep Iteration: 292
Logging maximums: Max Amplitude: 1.503727440470124e+16
Sweep Iteration: 293
Logging maximums: Max Amplitude: 1.6372455706859458e+16
Sweep Iteration: 294
Logging maximums: Max Amplitude: 1.2880293849777236e+16
Sweep Iteration: 295
Logging maximums: Max Amplitude: 7502721869148482.0
Sweep Iteration: 296
Logging maximums: Max Amplitude: 4740937892040594.0
Sweep Iteration: 297
Logging maximums: Max Amplitude: 1.3952971126596836e+16
Sweep Iteration: 298
Logging maximums: Max Amplitude: 1.9653992897571276e+16
Sweep Iteration: 299
Logging maximums: Max Amplitude: 1.9835008356578332e+16
Sweep Iteration: 300
Logging maximums: Max Amplitude: 1.438803571053283e+16
Sweep Iteration: 301
Logging maximums: Max Amplitude: 7455938170960085.0
Sweep Iteration: 302
Logging maximums: Max Amplitude: 9058325552052208.0
Sweep Iteration: 303
Logging maximums: Max Amplitude: 1.985016763644671e+16
Sweep Iteration: 304
Logging maximums: Max Amplitude: 2.5546260918218224e+16
Sweep Iteration: 305
Logging maximums: Max Amplitude: 2.399840075472232e+16
Sweep Iteration: 306
Logging maximums: Max Amplitude: 1.6104116256894718e+16
Sweep Iteration: 307
Logging maximums: Max Amplitude: 8020633373056894.0
Sweep Iteration: 308
Logging maximums: Max Amplitude: 1.5203700892952984e+16
Sweep Iteration: 309
Logging maximums: Max Amplitude: 2.8129486904742256e+16
Sweep Iteration: 310
Logging maximums: Max Amplitude: 3.3964275638547684e+16
Sweep Iteration: 311
Logging maximums: Max Amplitude: 3.030773316511305e+16
Sweep Iteration: 312
Logging maximums: Max Amplitude: 1.934153047197974e+16
Sweep Iteration: 313
Logging maximums: Max Amplitude: 7761993172075500.0
Sweep Iteration: 314
Logging maximums: Max Amplitude: 2.383015143089698e+16
Sweep Iteration: 315
Logging maximums: Max Amplitude: 4.137153399450502e+16
Sweep Iteration: 316
Logging maximums: Max Amplitude: 4.997291926295035e+16
Sweep Iteration: 317
Logging maximums: Max Amplitude: 4.664889987682078e+16
Sweep Iteration: 318
Logging maximums: Max Amplitude: 5.26189886948993e+16
Sweep Iteration: 319
Logging maximums: Max Amplitude: 1.0664595886488875e+17
Sweep Iteration: 320
Logging maximums: Max Amplitude: 2.2088158411784045e+17
Sweep Iteration: 321
Logging maximums: Max Amplitude: 6.503815370893475e+17
Sweep Iteration: 322
Logging maximums: Max Amplitude: 1.118568096635511e+18
Sweep Iteration: 323
Logging maximums: Max Amplitude: 1.6464137580666775e+18
Sweep Iteration: 324
Logging maximums: Max Amplitude: 2.2039606658082583e+18
Sweep Iteration: 325
Logging maximums: Max Amplitude: 2.7833370556142735e+18
Sweep Iteration: 326
Logging maximums: Max Amplitude: 3.371319797629388e+18
Sweep Iteration: 327
Logging maximums: Max Amplitude: 3.9411611238728074e+18
Sweep Iteration: 328
Logging maximums: Max Amplitude: 4.4698647887301883e+18
Sweep Iteration: 329
Logging maximums: Max Amplitude: 4.956510608609669e+18
Sweep Iteration: 330
Logging maximums: Max Amplitude: 5.419713004701999e+18
Sweep Iteration: 331
Logging maximums: Max Amplitude: 5.876039063073806e+18
Sweep Iteration: 332
Logging maximums: Max Amplitude: 6.322605138311242e+18
Sweep Iteration: 333
Logging maximums: Max Amplitude: 6.742737945845663e+18
Sweep Iteration: 334
Logging maximums: Max Amplitude: 7.126361606555024e+18
Sweep Iteration: 335
Logging maximums: Max Amplitude: 7.480946622237893e+18
Sweep Iteration: 336
Logging maximums: Max Amplitude: 7.821867583812072e+18
Sweep Iteration: 337
Logging maximums: Max Amplitude: 8.154686671899835e+18
Sweep Iteration: 338
Logging maximums: Max Amplitude: 8.470151824988322e+18
Sweep Iteration: 339
Logging maximums: Max Amplitude: 8.756658560306063e+18
Sweep Iteration: 340
Logging maximums: Max Amplitude: 9.014227331757707e+18
Sweep Iteration: 341
Logging maximums: Max Amplitude: 9.253916644477657e+18
Sweep Iteration: 342
Logging maximums: Max Amplitude: 9.484629677525936e+18
Sweep Iteration: 343
Logging maximums: Max Amplitude: 9.70350166075699e+18
Sweep Iteration: 344
Logging maximums: Max Amplitude: 9.900763814197279e+18
Sweep Iteration: 345
Logging maximums: Max Amplitude: 1.0072171731063679e+19
Sweep Iteration: 346
Logging maximums: Max Amplitude: 1.0223934295149656e+19
Sweep Iteration: 347
Logging maximums: Max Amplitude: 1.0365152906453891e+19
Sweep Iteration: 348
Logging maximums: Max Amplitude: 1.049752552205368e+19
Sweep Iteration: 349
Logging maximums: Max Amplitude: 1.061452378969971e+19
Sweep Iteration: 350
Logging maximums: Max Amplitude: 1.0710205601982177e+19
Sweep Iteration: 351
Logging maximums: Max Amplitude: 1.0786575516628726e+19
Sweep Iteration: 352
Logging maximums: Max Amplitude: 1.0851115555422038e+19
Sweep Iteration: 353
Logging maximums: Max Amplitude: 1.0908162317535734e+19
Sweep Iteration: 354
Logging maximums: Max Amplitude: 1.0954638576642273e+19
Sweep Iteration: 355
Logging maximums: Max Amplitude: 1.0984759246941063e+19
Sweep Iteration: 356
Logging maximums: Max Amplitude: 1.0997486915847582e+19
Sweep Iteration: 357
Logging maximums: Max Amplitude: 1.099786538172275e+19
Sweep Iteration: 358
Logging maximums: Max Amplitude: 1.099119575496525e+19
Sweep Iteration: 359
Logging maximums: Max Amplitude: 1.0977351931644998e+19
Sweep Iteration: 360
Logging maximums: Max Amplitude: 1.0951846782041344e+19
Sweep Iteration: 361
Logging maximums: Max Amplitude: 1.0911884388007692e+19
Sweep Iteration: 362
Logging maximums: Max Amplitude: 1.0859977004681079e+19
Sweep Iteration: 363
Logging maximums: Max Amplitude: 1.0801131685537782e+19
Sweep Iteration: 364
Logging maximums: Max Amplitude: 1.0737320328661758e+19
Sweep Iteration: 365
Logging maximums: Max Amplitude: 1.0665867043707689e+19
Sweep Iteration: 366
Logging maximums: Max Amplitude: 1.0583368142331234e+19
Sweep Iteration: 367
Logging maximums: Max Amplitude: 1.0490183362086113e+19
Sweep Iteration: 368
Logging maximums: Max Amplitude: 1.0390236383862372e+19
Sweep Iteration: 369
Logging maximums: Max Amplitude: 1.0286652297226117e+19
Sweep Iteration: 370
Logging maximums: Max Amplitude: 1.0178589462594955e+19
Sweep Iteration: 371
Logging maximums: Max Amplitude: 1.006291648889067e+19
Sweep Iteration: 372
Logging maximums: Max Amplitude: 9.938464153110198e+18
Sweep Iteration: 373
Logging maximums: Max Amplitude: 9.807721918888854e+18
Sweep Iteration: 374
Logging maximums: Max Amplitude: 9.67411636811124e+18
Sweep Iteration: 375
Logging maximums: Max Amplitude: 9.5383293092144e+18
Sweep Iteration: 376
Logging maximums: Max Amplitude: 9.398052991067367e+18
Sweep Iteration: 377
Logging maximums: Max Amplitude: 9.251285425862447e+18
Sweep Iteration: 378
Logging maximums: Max Amplitude: 9.099076271842196e+18
Sweep Iteration: 379
Logging maximums: Max Amplitude: 8.944506294404855e+18
Sweep Iteration: 380
Logging maximums: Max Amplitude: 8.789293813455082e+18
Sweep Iteration: 381
Logging maximums: Max Amplitude: 8.632191416669941e+18
Sweep Iteration: 382
Logging maximums: Max Amplitude: 8.470988800226586e+18
Sweep Iteration: 383
Logging maximums: Max Amplitude: 8.305538024330063e+18
Sweep Iteration: 384
Logging maximums: Max Amplitude: 1.2004128321983396e+19
Sweep Iteration: 385
Logging maximums: Max Amplitude: 7.971108553971746e+18
Sweep Iteration: 386
Logging maximums: Max Amplitude: 7.804148751068954e+18
Sweep Iteration: 387
Logging maximums: Max Amplitude: 7.635338172529394e+18
Sweep Iteration: 388
Logging maximums: Max Amplitude: 7.463716733027029e+18
Sweep Iteration: 389
Logging maximums: Max Amplitude: 7.290691739382375e+18
Sweep Iteration: 390
Logging maximums: Max Amplitude: 7.118517322348303e+18
Sweep Iteration: 391
Logging maximums: Max Amplitude: 6.947827056927886e+18
Sweep Iteration: 392
Logging maximums: Max Amplitude: 6.777231136484424e+18
Sweep Iteration: 393
Logging maximums: Max Amplitude: 6.60534933535522e+18
Sweep Iteration: 394
Logging maximums: Max Amplitude: 6.432701686466493e+18
Sweep Iteration: 395
Logging maximums: Max Amplitude: 6.261215685969711e+18
Sweep Iteration: 396
Logging maximums: Max Amplitude: 6.092068670787302e+18
Sweep Iteration: 397
Logging maximums: Max Amplitude: 5.924543933773785e+18
Sweep Iteration: 398
Logging maximums: Max Amplitude: 5.757202801447874e+18
Sweep Iteration: 399
Logging maximums: Max Amplitude: 5.589844783502044e+18
Sweep Iteration: 400
Logging maximums: Max Amplitude: 5.423856824287998e+18
Sweep Iteration: 401
Logging maximums: Max Amplitude: 5.260648682665063e+18
Sweep Iteration: 402
Logging maximums: Max Amplitude: 5.100136806411951e+18
Sweep Iteration: 403
Logging maximums: Max Amplitude: 4.941098941411532e+18
Sweep Iteration: 404
Logging maximums: Max Amplitude: 4.78284885393582e+18
Sweep Iteration: 405
Logging maximums: Max Amplitude: 4.626162809774202e+18
Sweep Iteration: 406
Logging maximums: Max Amplitude: 4.4724025603034307e+18
Sweep Iteration: 407
Logging maximums: Max Amplitude: 4.3219852555193196e+18
Sweep Iteration: 408
Logging maximums: Max Amplitude: 4.1740632805541903e+18
Sweep Iteration: 409
Logging maximums: Max Amplitude: 4.0277162794059515e+18
Sweep Iteration: 410
Logging maximums: Max Amplitude: 3.8831499096151977e+18
Sweep Iteration: 411
Logging maximums: Max Amplitude: 3.741476647109002e+18
Sweep Iteration: 412
Logging maximums: Max Amplitude: 3.603426610453779e+18
Sweep Iteration: 413
Logging maximums: Max Amplitude: 3.468580253290548e+18
Sweep Iteration: 414
Logging maximums: Max Amplitude: 3.3360034166805473e+18
Sweep Iteration: 415
Logging maximums: Max Amplitude: 3.2054492837041306e+18
Sweep Iteration: 416
Logging maximums: Max Amplitude: 3.0776672496253614e+18
Sweep Iteration: 417
Logging maximums: Max Amplitude: 2.9535055088129935e+18
Sweep Iteration: 418
Logging maximums: Max Amplitude: 2.8329404320220544e+18
Sweep Iteration: 419
Logging maximums: Max Amplitude: 2.7151861202904556e+18
Sweep Iteration: 420
Logging maximums: Max Amplitude: 2.599700739498061e+18
Sweep Iteration: 421
Logging maximums: Max Amplitude: 2.486838195342172e+18
Sweep Iteration: 422
Logging maximums: Max Amplitude: 2.377398465630838e+18
Sweep Iteration: 423
Logging maximums: Max Amplitude: 2.2716627768702945e+18
Sweep Iteration: 424
Logging maximums: Max Amplitude: 2.1690896450747136e+18
Sweep Iteration: 425
Logging maximums: Max Amplitude: 2.0690019126877402e+18
Sweep Iteration: 426
Logging maximums: Max Amplitude: 1.9713925470336822e+18
Sweep Iteration: 427
Logging maximums: Max Amplitude: 1.8768924672930253e+18
Sweep Iteration: 428
Logging maximums: Max Amplitude: 1.7859724654368742e+18
Sweep Iteration: 429
Logging maximums: Max Amplitude: 1.698366235198611e+18
Sweep Iteration: 430
Logging maximums: Max Amplitude: 1.6133987225678538e+18
Sweep Iteration: 431
Logging maximums: Max Amplitude: 1.53078017910114e+18
Sweep Iteration: 432
Logging maximums: Max Amplitude: 1.4509042687002796e+18
Sweep Iteration: 433
Logging maximums: Max Amplitude: 1.3743149338746488e+18
Sweep Iteration: 434
Logging maximums: Max Amplitude: 1.301002516708265e+18
Sweep Iteration: 435
Logging maximums: Max Amplitude: 1.2303977822406062e+18
Sweep Iteration: 436
Logging maximums: Max Amplitude: 1.1620230630735414e+18
Sweep Iteration: 437
Logging maximums: Max Amplitude: 1.0960144870033318e+18
Sweep Iteration: 438
Logging maximums: Max Amplitude: 1.0328853045870149e+18
Sweep Iteration: 439
Logging maximums: Max Amplitude: 9.728408212289778e+17
Sweep Iteration: 440
Logging maximums: Max Amplitude: 9.154794209281172e+17
Sweep Iteration: 441
Logging maximums: Max Amplitude: 8.602327274348196e+17
Sweep Iteration: 442
Logging maximums: Max Amplitude: 8.069900033551382e+17
Sweep Iteration: 443
Logging maximums: Max Amplitude: 7.561567793921638e+17
Sweep Iteration: 444
Logging maximums: Max Amplitude: 7.080402325298399e+17
Sweep Iteration: 445
Logging maximums: Max Amplitude: 6.622803162215571e+17
Sweep Iteration: 446
Logging maximums: Max Amplitude: 6.180451976190342e+17
Sweep Iteration: 447
Logging maximums: Max Amplitude: 5.74807897360565e+17
Sweep Iteration: 448
Logging maximums: Max Amplitude: 9.645407437812428e+17
Sweep Iteration: 449
Logging maximums: Max Amplitude: 4.924471739392546e+17
Sweep Iteration: 450
Logging maximums: Max Amplitude: 4.5402386595091955e+17
Sweep Iteration: 451
Logging maximums: Max Amplitude: 4.1738835373384134e+17
Sweep Iteration: 452
Logging maximums: Max Amplitude: 3.825637434368073e+17
Sweep Iteration: 453
Logging maximums: Max Amplitude: 3.498367339273733e+17
Sweep Iteration: 454
Logging maximums: Max Amplitude: 3.1947377948403994e+17
Sweep Iteration: 455
Logging maximums: Max Amplitude: 2.914480608872509e+17
Sweep Iteration: 456
Logging maximums: Max Amplitude: 2.6550392345394067e+17
Sweep Iteration: 457
Logging maximums: Max Amplitude: 2.4139950626749446e+17
Sweep Iteration: 458
Logging maximums: Max Amplitude: 2.1903995811264006e+17
Sweep Iteration: 459
Logging maximums: Max Amplitude: 1.984208238671649e+17
Sweep Iteration: 460
Logging maximums: Max Amplitude: 1.794866134480198e+17
Sweep Iteration: 461
Logging maximums: Max Amplitude: 1.6209540137659274e+17
Sweep Iteration: 462
Logging maximums: Max Amplitude: 1.460849753023602e+17
Sweep Iteration: 463
Logging maximums: Max Amplitude: 1.3135292286002818e+17
Sweep Iteration: 464
Logging maximums: Max Amplitude: 1.1785089987492414e+17
Sweep Iteration: 465
Logging maximums: Max Amplitude: 1.0553255875504602e+17
Sweep Iteration: 466
Logging maximums: Max Amplitude: 9.430976382338693e+16
Sweep Iteration: 467
Logging maximums: Max Amplitude: 8.40792945412101e+16
Sweep Iteration: 468
Logging maximums: Max Amplitude: 7.475635668443514e+16
Sweep Iteration: 469
Logging maximums: Max Amplitude: 6.628663987504522e+16
Sweep Iteration: 470
Logging maximums: Max Amplitude: 5.862492770819389e+16
Sweep Iteration: 471
Logging maximums: Max Amplitude: 5.171290113921948e+16
Sweep Iteration: 472
Logging maximums: Max Amplitude: 4.548249189409377e+16
Sweep Iteration: 473
Logging maximums: Max Amplitude: 3.987223150857013e+16
Sweep Iteration: 474
Logging maximums: Max Amplitude: 3.4833631233120096e+16
Sweep Iteration: 475
Logging maximums: Max Amplitude: 3.032746974027113e+16
Sweep Iteration: 476
Logging maximums: Max Amplitude: 2.631240967184272e+16
Sweep Iteration: 477
Logging maximums: Max Amplitude: 2.274382315674764e+16
Sweep Iteration: 478
Logging maximums: Max Amplitude: 1.9577102173586524e+16
Sweep Iteration: 479
Logging maximums: Max Amplitude: 1.677586944682227e+16
Sweep Iteration: 480
Logging maximums: Max Amplitude: 1.4309810423738762e+16
Sweep Iteration: 481
Logging maximums: Max Amplitude: 1.2147652102967002e+16
Sweep Iteration: 482
Logging maximums: Max Amplitude: 1.0260588936841448e+16
Sweep Iteration: 483
Logging maximums: Max Amplitude: 8617820343338513.0
Sweep Iteration: 484
Logging maximums: Max Amplitude: 7194631800609521.0
Sweep Iteration: 485
Logging maximums: Max Amplitude: 5967676541548766.0
Sweep Iteration: 486
Logging maximums: Max Amplitude: 4916364163990195.0
Sweep Iteration: 487
Logging maximums: Max Amplitude: 4021052311104892.5
Sweep Iteration: 488
Logging maximums: Max Amplitude: 3262648163361015.0
Sweep Iteration: 489
Logging maximums: Max Amplitude: 2624413663526691.5
Sweep Iteration: 490
Logging maximums: Max Amplitude: 2090397982603619.2
Sweep Iteration: 491
Logging maximums: Max Amplitude: 1647993007257123.5
Sweep Iteration: 492
Logging maximums: Max Amplitude: 1285550793955346.0
Sweep Iteration: 493
Logging maximums: Max Amplitude: 989547011556568.4
Sweep Iteration: 494
Logging maximums: Max Amplitude: 751431295471103.1
Sweep Iteration: 495
Logging maximums: Max Amplitude: 561941449486564.75
Sweep Iteration: 496
Logging maximums: Max Amplitude: 412825469572566.25
Sweep Iteration: 497
Logging maximums: Max Amplitude: 297289920168835.2
Sweep Iteration: 498
Logging maximums: Max Amplitude: 209663169085816.25
Sweep Iteration: 499
Logging maximums: Max Amplitude: 143892486703924.47
Sweep Iteration: 500
Logging maximums: Max Amplitude: 95999922185999.81
Sweep Iteration: 501
Logging maximums: Max Amplitude: 61792498666745.47
Sweep Iteration: 502
Logging maximums: Max Amplitude: 38063014123493.44
Sweep Iteration: 503
Logging maximums: Max Amplitude: 22463396359310.465
Sweep Iteration: 504
Logging maximums: Max Amplitude: 12792334186795.375
Sweep Iteration: 505
Logging maximums: Max Amplitude: 6343566590128.023
Sweep Iteration: 506
Logging maximums: Max Amplitude: 3241034363493.0347
Sweep Iteration: 507
Logging maximums: Max Amplitude: 1245947987099.6785
Sweep Iteration: 508
Logging maximums: Max Amplitude: 628330770976.5116
Sweep Iteration: 509
Logging maximums: Max Amplitude: 399618188384.80554
Sweep Iteration: 510
Logging maximums: Max Amplitude: 529653879795.2631
Sweep Iteration: 511
Logging maximums: Max Amplitude: 327531004478.88727
Max Droop between first two Nulls: -76.69564200701177
