Passband Flatness: 0.09930396550334741
Expected sweep iterations: 512
Sweep Iteration: 0
Logging maximums: Max Amplitude: 0.0010217028517745244
Sweep Iteration: 1
Logging maximums: Max Amplitude: 1.8088385836781369
Sweep Iteration: 2
Logging maximums: Max Amplitude: 14.385353648027673
Sweep Iteration: 3
Logging maximums: Max Amplitude: 48.27110286508883
Sweep Iteration: 4
Logging maximums: Max Amplitude: 113.74907769997009
Sweep Iteration: 5
Logging maximums: Max Amplitude: 220.8882235853016
Sweep Iteration: 6
Logging maximums: Max Amplitude: 379.471018353408
Sweep Iteration: 7
Logging maximums: Max Amplitude: 599.1225467133673
Sweep Iteration: 8
Logging maximums: Max Amplitude: 889.1571223709436
Sweep Iteration: 9
Logging maximums: Max Amplitude: 1258.7381634459643
Sweep Iteration: 10
Logging maximums: Max Amplitude: 1716.8024993223248
Sweep Iteration: 11
Logging maximums: Max Amplitude: 2271.9179517210114
Sweep Iteration: 12
Logging maximums: Max Amplitude: 2932.8425535866163
Sweep Iteration: 13
Logging maximums: Max Amplitude: 3707.3272638195654
Sweep Iteration: 14
Logging maximums: Max Amplitude: 4604.312342920585
Sweep Iteration: 15
Logging maximums: Max Amplitude: 5630.4503147688365
Sweep Iteration: 16
Logging maximums: Max Amplitude: 6795.194682284973
Sweep Iteration: 17
Logging maximums: Max Amplitude: 8103.737631461127
Sweep Iteration: 18
Logging maximums: Max Amplitude: 9566.231503883
Sweep Iteration: 19
Logging maximums: Max Amplitude: 11186.28808474255
Sweep Iteration: 20
Logging maximums: Max Amplitude: 12974.789962332457
Sweep Iteration: 21
Logging maximums: Max Amplitude: 14934.229928290553
Sweep Iteration: 22
Logging maximums: Max Amplitude: 17075.72583079219
Sweep Iteration: 23
Logging maximums: Max Amplitude: 19401.55295400414
Sweep Iteration: 24
Logging maximums: Max Amplitude: 21921.559228470804
Sweep Iteration: 25
Logging maximums: Max Amplitude: 24639.304235905787
Sweep Iteration: 26
Logging maximums: Max Amplitude: 27561.243443126685
Sweep Iteration: 27
Logging maximums: Max Amplitude: 30694.832902210783
Sweep Iteration: 28
Logging maximums: Max Amplitude: 34040.89028077441
Sweep Iteration: 29
Logging maximums: Max Amplitude: 37613.75841909028
Sweep Iteration: 30
Logging maximums: Max Amplitude: 41405.89967397083
Sweep Iteration: 31
Logging maximums: Max Amplitude: 45440.4873651683
Sweep Iteration: 32
Logging maximums: Max Amplitude: 49699.27716349728
Sweep Iteration: 33
Logging maximums: Max Amplitude: 54215.07205512228
Sweep Iteration: 34
Logging maximums: Max Amplitude: 58959.41665859431
Sweep Iteration: 35
Logging maximums: Max Amplitude: 63973.932236553235
Sweep Iteration: 36
Logging maximums: Max Amplitude: 69223.86317026257
Sweep Iteration: 37
Logging maximums: Max Amplitude: 74754.5121391524
Sweep Iteration: 38
Logging maximums: Max Amplitude: 80531.28953365277
Sweep Iteration: 39
Logging maximums: Max Amplitude: 86592.73319582388
Sweep Iteration: 40
Logging maximums: Max Amplitude: 92915.26467897532
Sweep Iteration: 41
Logging maximums: Max Amplitude: 99517.75613798715
Sweep Iteration: 42
Logging maximums: Max Amplitude: 106403.7209605828
Sweep Iteration: 43
Logging maximums: Max Amplitude: 113558.15219563157
Sweep Iteration: 44
Logging maximums: Max Amplitude: 121027.77490031724
Sweep Iteration: 45
Logging maximums: Max Amplitude: 128747.68656118798
Sweep Iteration: 46
Logging maximums: Max Amplitude: 136818.92349020657
Sweep Iteration: 47
Logging maximums: Max Amplitude: 145115.32745911283
Sweep Iteration: 48
Logging maximums: Max Amplitude: 153797.64024190474
Sweep Iteration: 49
Logging maximums: Max Amplitude: 162681.35902541663
Sweep Iteration: 50
Logging maximums: Max Amplitude: 171980.94640353625
Sweep Iteration: 51
Logging maximums: Max Amplitude: 181472.19198792905
Sweep Iteration: 52
Logging maximums: Max Amplitude: 191394.68257541533
Sweep Iteration: 53
Logging maximums: Max Amplitude: 201520.3922655735
Sweep Iteration: 54
Logging maximums: Max Amplitude: 212060.9804553341
Sweep Iteration: 55
Logging maximums: Max Amplitude: 222847.21752547534
Sweep Iteration: 56
Logging maximums: Max Amplitude: 233988.9723963642
Sweep Iteration: 57
Logging maximums: Max Amplitude: 245460.0304658604
Sweep Iteration: 58
Logging maximums: Max Amplitude: 257164.57267006996
Sweep Iteration: 59
Logging maximums: Max Amplitude: 269297.4933757616
Sweep Iteration: 60
Logging maximums: Max Amplitude: 281430.0685074515
Sweep Iteration: 61
Logging maximums: Max Amplitude: 294033.84836977423
Sweep Iteration: 62
Logging maximums: Max Amplitude: 306277.2914207863
Sweep Iteration: 63
Logging maximums: Max Amplitude: 318933.75453125435
Sweep Iteration: 64
Logging maximums: Max Amplitude: 661933.4654394179
Sweep Iteration: 65
Logging maximums: Max Amplitude: 343107.1516240567
Sweep Iteration: 66
Logging maximums: Max Amplitude: 354486.8955689485
Sweep Iteration: 67
Logging maximums: Max Amplitude: 366069.90031685756
Sweep Iteration: 68
Logging maximums: Max Amplitude: 376978.6144392454
Sweep Iteration: 69
Logging maximums: Max Amplitude: 388009.24267384526
Sweep Iteration: 70
Logging maximums: Max Amplitude: 398735.1721365527
Sweep Iteration: 71
Logging maximums: Max Amplitude: 409449.3064888341
Sweep Iteration: 72
Logging maximums: Max Amplitude: 420207.92035088805
Sweep Iteration: 73
Logging maximums: Max Amplitude: 430752.5039922899
Sweep Iteration: 74
Logging maximums: Max Amplitude: 441575.1310983411
Sweep Iteration: 75
Logging maximums: Max Amplitude: 451983.00401009445
Sweep Iteration: 76
Logging maximums: Max Amplitude: 462799.0376744231
Sweep Iteration: 77
Logging maximums: Max Amplitude: 473076.5169168115
Sweep Iteration: 78
Logging maximums: Max Amplitude: 483803.65419406287
Sweep Iteration: 79
Logging maximums: Max Amplitude: 493965.6965971539
Sweep Iteration: 80
Logging maximums: Max Amplitude: 504524.1663880473
Sweep Iteration: 81
Logging maximums: Max Amplitude: 514577.4398257325
Sweep Iteration: 82
Logging maximums: Max Amplitude: 524889.8393055866
Sweep Iteration: 83
Logging maximums: Max Amplitude: 534830.1186017678
Sweep Iteration: 84
Logging maximums: Max Amplitude: 544838.1023135367
Sweep Iteration: 85
Logging maximums: Max Amplitude: 554654.0513796872
Sweep Iteration: 86
Logging maximums: Max Amplitude: 564321.1724346515
Sweep Iteration: 87
Logging maximums: Max Amplitude: 573982.0100456482
Sweep Iteration: 88
Logging maximums: Max Amplitude: 583283.2288692422
Sweep Iteration: 89
Logging maximums: Max Amplitude: 592733.8950674835
Sweep Iteration: 90
Logging maximums: Max Amplitude: 601657.9582092296
Sweep Iteration: 91
Logging maximums: Max Amplitude: 610833.3676992998
Sweep Iteration: 92
Logging maximums: Max Amplitude: 619388.4573881292
Sweep Iteration: 93
Logging maximums: Max Amplitude: 628222.2280979794
Sweep Iteration: 94
Logging maximums: Max Amplitude: 636424.0151105073
Sweep Iteration: 95
Logging maximums: Max Amplitude: 644845.3874026181
Sweep Iteration: 96
Logging maximums: Max Amplitude: 652701.1873637724
Sweep Iteration: 97
Logging maximums: Max Amplitude: 660640.8203228813
Sweep Iteration: 98
Logging maximums: Max Amplitude: 668148.7245803864
Sweep Iteration: 99
Logging maximums: Max Amplitude: 675554.5001444668
Sweep Iteration: 100
Logging maximums: Max Amplitude: 682705.6565207716
Sweep Iteration: 101
Logging maximums: Max Amplitude: 689547.7757678082
Sweep Iteration: 102
Logging maximums: Max Amplitude: 696317.5235291604
Sweep Iteration: 103
Logging maximums: Max Amplitude: 702580.7323081907
Sweep Iteration: 104
Logging maximums: Max Amplitude: 708921.7148053951
Sweep Iteration: 105
Logging maximums: Max Amplitude: 714603.1067699955
Sweep Iteration: 106
Logging maximums: Max Amplitude: 720454.9079100778
Sweep Iteration: 107
Logging maximums: Max Amplitude: 725569.0970143151
Sweep Iteration: 108
Logging maximums: Max Amplitude: 730871.0998397123
Sweep Iteration: 109
Logging maximums: Max Amplitude: 735443.8623589787
Sweep Iteration: 110
Logging maximums: Max Amplitude: 740135.2577250889
Sweep Iteration: 111
Logging maximums: Max Amplitude: 744185.1623331322
Sweep Iteration: 112
Logging maximums: Max Amplitude: 748205.2421716842
Sweep Iteration: 113
Logging maximums: Max Amplitude: 751737.0898133821
Sweep Iteration: 114
Logging maximums: Max Amplitude: 755040.9439280599
Sweep Iteration: 115
Logging maximums: Max Amplitude: 758052.5926851688
Sweep Iteration: 116
Logging maximums: Max Amplitude: 760622.9352909368
Sweep Iteration: 117
Logging maximums: Max Amplitude: 763099.7969930866
Sweep Iteration: 118
Logging maximums: Max Amplitude: 764936.7777667409
Sweep Iteration: 119
Logging maximums: Max Amplitude: 766837.9748708752
Sweep Iteration: 120
Logging maximums: Max Amplitude: 767950.4733573492
Sweep Iteration: 121
Logging maximums: Max Amplitude: 769218.0576104602
Sweep Iteration: 122
Logging maximums: Max Amplitude: 769633.7379109524
Sweep Iteration: 123
Logging maximums: Max Amplitude: 770214.2029917063
Sweep Iteration: 124
Logging maximums: Max Amplitude: 769977.4102338239
Sweep Iteration: 125
Logging maximums: Max Amplitude: 769819.6255140038
Sweep Iteration: 126
Logging maximums: Max Amplitude: 768964.0816160213
Sweep Iteration: 127
Logging maximums: Max Amplitude: 768012.5942859316
Sweep Iteration: 128
Logging maximums: Max Amplitude: 29170.69631179884
Sweep Iteration: 129
Logging maximums: Max Amplitude: 764769.4106815779
Sweep Iteration: 130
Logging maximums: Max Amplitude: 762710.507359132
Sweep Iteration: 131
Logging maximums: Max Amplitude: 760099.1149637599
Sweep Iteration: 132
Logging maximums: Max Amplitude: 757440.0719481666
Sweep Iteration: 133
Logging maximums: Max Amplitude: 754016.649491877
Sweep Iteration: 134
Logging maximums: Max Amplitude: 750719.1997635359
Sweep Iteration: 135
Logging maximums: Max Amplitude: 746505.5732440146
Sweep Iteration: 136
Logging maximums: Max Amplitude: 742510.6414591852
Sweep Iteration: 137
Logging maximums: Max Amplitude: 737554.7955357793
Sweep Iteration: 138
Logging maximums: Max Amplitude: 732816.0556264598
Sweep Iteration: 139
Logging maximums: Max Amplitude: 727187.9317563176
Sweep Iteration: 140
Logging maximums: Max Amplitude: 721661.398132424
Sweep Iteration: 141
Logging maximums: Max Amplitude: 715409.8826716933
Sweep Iteration: 142
Logging maximums: Max Amplitude: 709039.6605064895
Sweep Iteration: 143
Logging maximums: Max Amplitude: 702186.6750800142
Sweep Iteration: 144
Logging maximums: Max Amplitude: 694943.8850951861
Sweep Iteration: 145
Logging maximums: Max Amplitude: 687513.561029033
Sweep Iteration: 146
Logging maximums: Max Amplitude: 679421.0196162601
Sweep Iteration: 147
Logging maximums: Max Amplitude: 671421.3439269067
Sweep Iteration: 148
Logging maximums: Max Amplitude: 662515.0842832384
Sweep Iteration: 149
Logging maximums: Max Amplitude: 653900.5796030702
Sweep Iteration: 150
Logging maximums: Max Amplitude: 644217.3001896485
Sweep Iteration: 151
Logging maximums: Max Amplitude: 634921.8762966499
Sweep Iteration: 152
Logging maximums: Max Amplitude: 624539.8128058556
Sweep Iteration: 153
Logging maximums: Max Amplitude: 614521.881928079
Sweep Iteration: 154
Logging maximums: Max Amplitude: 603545.9328290644
Sweep Iteration: 155
Logging maximums: Max Amplitude: 592758.5119715378
Sweep Iteration: 156
Logging maximums: Max Amplitude: 581253.310649922
Sweep Iteration: 157
Logging maximums: Max Amplitude: 569628.7104053063
Sweep Iteration: 158
Logging maximums: Max Amplitude: 557626.2803281109
Sweep Iteration: 159
Logging maximums: Max Amplitude: 545144.7509798749
Sweep Iteration: 160
Logging maximums: Max Amplitude: 532689.868968756
Sweep Iteration: 161
Logging maximums: Max Amplitude: 519402.5701522129
Sweep Iteration: 162
Logging maximums: Max Amplitude: 506507.7620987012
Sweep Iteration: 163
Logging maximums: Max Amplitude: 492468.929665648
Sweep Iteration: 164
Logging maximums: Max Amplitude: 479063.4869407334
Sweep Iteration: 165
Logging maximums: Max Amplitude: 464330.98317545175
Sweep Iteration: 166
Logging maximums: Max Amplitude: 450328.94185037864
Sweep Iteration: 167
Logging maximums: Max Amplitude: 435033.2772165852
Sweep Iteration: 168
Logging maximums: Max Amplitude: 420387.4428223885
Sweep Iteration: 169
Logging maximums: Max Amplitude: 404686.48548407806
Sweep Iteration: 170
Logging maximums: Max Amplitude: 389323.1379626628
Sweep Iteration: 171
Logging maximums: Max Amplitude: 373301.85855073965
Sweep Iteration: 172
Logging maximums: Max Amplitude: 357118.35597671656
Sweep Iteration: 173
Logging maximums: Max Amplitude: 340828.6827067249
Sweep Iteration: 174
Logging maximums: Max Amplitude: 323813.9238621244
Sweep Iteration: 175
Logging maximums: Max Amplitude: 307331.8020446792
Sweep Iteration: 176
Logging maximums: Max Amplitude: 289572.7899524482
Sweep Iteration: 177
Logging maximums: Max Amplitude: 272898.158424831
Sweep Iteration: 178
Logging maximums: Max Amplitude: 254475.79526543393
Sweep Iteration: 179
Logging maximums: Max Amplitude: 237479.8231579564
Sweep Iteration: 180
Logging maximums: Max Amplitude: 218514.33882287142
Sweep Iteration: 181
Logging maximums: Max Amplitude: 201054.6240060267
Sweep Iteration: 182
Logging maximums: Max Amplitude: 181779.88822454735
Sweep Iteration: 183
Logging maximums: Max Amplitude: 163706.33768576995
Sweep Iteration: 184
Logging maximums: Max Amplitude: 144363.64718064983
Sweep Iteration: 185
Logging maximums: Max Amplitude: 125515.77552596536
Sweep Iteration: 186
Logging maximums: Max Amplitude: 106522.37033651718
Sweep Iteration: 187
Logging maximums: Max Amplitude: 87301.23903326098
Sweep Iteration: 188
Logging maximums: Max Amplitude: 69938.40174569524
Sweep Iteration: 189
Logging maximums: Max Amplitude: 52078.306893201225
Sweep Iteration: 190
Logging maximums: Max Amplitude: 38572.21188189446
Sweep Iteration: 191
Logging maximums: Max Amplitude: 24642.84104285781
Sweep Iteration: 192
Logging maximums: Max Amplitude: 31691.42095967186
Sweep Iteration: 193
Logging maximums: Max Amplitude: 8194.368813980936
Sweep Iteration: 194
Logging maximums: Max Amplitude: 5289.249338086264
Sweep Iteration: 195
Logging maximums: Max Amplitude: 1650.0572504213533
Sweep Iteration: 196
Logging maximums: Max Amplitude: 1276.2245905850273
Sweep Iteration: 197
Logging maximums: Max Amplitude: 1134.9126832705047
Sweep Iteration: 198
Logging maximums: Max Amplitude: 487.58183552818866
Sweep Iteration: 199
Logging maximums: Max Amplitude: 1172.1077094594611
Sweep Iteration: 200
Logging maximums: Max Amplitude: 196.67397611477162
Sweep Iteration: 201
Logging maximums: Max Amplitude: 1069.1991001127592
Sweep Iteration: 202
Logging maximums: Max Amplitude: 261.68611867646933
Sweep Iteration: 203
Logging maximums: Max Amplitude: 889.6365152042872
Sweep Iteration: 204
Logging maximums: Max Amplitude: 494.0713169346748
Sweep Iteration: 205
Logging maximums: Max Amplitude: 669.6798723706812
Sweep Iteration: 206
Logging maximums: Max Amplitude: 640.2788618915107
Sweep Iteration: 207
Logging maximums: Max Amplitude: 435.6536021905361
Sweep Iteration: 208
Logging maximums: Max Amplitude: 710.1472188190418
Sweep Iteration: 209
Logging maximums: Max Amplitude: 241.40141858646356
Sweep Iteration: 210
Logging maximums: Max Amplitude: 714.3289514790938
Sweep Iteration: 211
Logging maximums: Max Amplitude: 126.48688172550379
Sweep Iteration: 212
Logging maximums: Max Amplitude: 663.0330699942565
Sweep Iteration: 213
Logging maximums: Max Amplitude: 184.54641309945097
Sweep Iteration: 214
Logging maximums: Max Amplitude: 568.6985539108647
Sweep Iteration: 215
Logging maximums: Max Amplitude: 326.52682302452365
Sweep Iteration: 216
Logging maximums: Max Amplitude: 444.68901417912997
Sweep Iteration: 217
Logging maximums: Max Amplitude: 426.7261624594107
Sweep Iteration: 218
Logging maximums: Max Amplitude: 302.9206603913427
Sweep Iteration: 219
Logging maximums: Max Amplitude: 483.7226459208731
Sweep Iteration: 220
Logging maximums: Max Amplitude: 169.5355273754816
Sweep Iteration: 221
Logging maximums: Max Amplitude: 498.51918477209847
Sweep Iteration: 222
Logging maximums: Max Amplitude: 71.19226250882734
Sweep Iteration: 223
Logging maximums: Max Amplitude: 475.37506758210884
Sweep Iteration: 224
Logging maximums: Max Amplitude: 116.5908514350287
Sweep Iteration: 225
Logging maximums: Max Amplitude: 420.0700137972043
Sweep Iteration: 226
Logging maximums: Max Amplitude: 224.41406198122397
Sweep Iteration: 227
Logging maximums: Max Amplitude: 339.2397040382459
Sweep Iteration: 228
Logging maximums: Max Amplitude: 305.7100558365312
Sweep Iteration: 229
Logging maximums: Max Amplitude: 240.97374954110398
Sweep Iteration: 230
Logging maximums: Max Amplitude: 357.38360549327297
Sweep Iteration: 231
Logging maximums: Max Amplitude: 134.85226258934114
Sweep Iteration: 232
Logging maximums: Max Amplitude: 378.79461870590836
Sweep Iteration: 233
Logging maximums: Max Amplitude: 51.61189912339637
Sweep Iteration: 234
Logging maximums: Max Amplitude: 370.7939204601775
Sweep Iteration: 235
Logging maximums: Max Amplitude: 76.85249048448068
Sweep Iteration: 236
Logging maximums: Max Amplitude: 336.0388808546222
Sweep Iteration: 237
Logging maximums: Max Amplitude: 165.9392830625165
Sweep Iteration: 238
Logging maximums: Max Amplitude: 279.0425144422725
Sweep Iteration: 239
Logging maximums: Max Amplitude: 236.92923517839503
Sweep Iteration: 240
Logging maximums: Max Amplitude: 205.13640950714293
Sweep Iteration: 241
Logging maximums: Max Amplitude: 286.17112812940667
Sweep Iteration: 242
Logging maximums: Max Amplitude: 120.26085600795201
Sweep Iteration: 243
Logging maximums: Max Amplitude: 311.33945825245553
Sweep Iteration: 244
Logging maximums: Max Amplitude: 36.88187636354342
Sweep Iteration: 245
Logging maximums: Max Amplitude: 312.0451479900554
Sweep Iteration: 246
Logging maximums: Max Amplitude: 56.10530021739018
Sweep Iteration: 247
Logging maximums: Max Amplitude: 289.534295707681
Sweep Iteration: 248
Logging maximums: Max Amplitude: 135.3992612362083
Sweep Iteration: 249
Logging maximums: Max Amplitude: 246.20124679473673
Sweep Iteration: 250
Logging maximums: Max Amplitude: 201.55292400129184
Sweep Iteration: 251
Logging maximums: Max Amplitude: 185.83906127262563
Sweep Iteration: 252
Logging maximums: Max Amplitude: 250.32702254018125
Sweep Iteration: 253
Logging maximums: Max Amplitude: 113.3504134091218
Sweep Iteration: 254
Logging maximums: Max Amplitude: 278.9823051018429
Sweep Iteration: 255
Logging maximums: Max Amplitude: 34.01647361323306
Sweep Iteration: 256
Logging maximums: Max Amplitude: 285.9673997963254
Sweep Iteration: 257
Logging maximums: Max Amplitude: 46.51606518399716
Sweep Iteration: 258
Logging maximums: Max Amplitude: 271.07252554224704
Sweep Iteration: 259
Logging maximums: Max Amplitude: 122.41924821700951
Sweep Iteration: 260
Logging maximums: Max Amplitude: 235.76752899906518
Sweep Iteration: 261
Logging maximums: Max Amplitude: 188.46640991746955
Sweep Iteration: 262
Logging maximums: Max Amplitude: 182.72517985821753
Sweep Iteration: 263
Logging maximums: Max Amplitude: 240.15710915940662
Sweep Iteration: 264
Logging maximums: Max Amplitude: 115.58342188875226
Sweep Iteration: 265
Logging maximums: Max Amplitude: 273.6912780123588
Sweep Iteration: 266
Logging maximums: Max Amplitude: 39.13932029242912
Sweep Iteration: 267
Logging maximums: Max Amplitude: 286.60092588697114
Sweep Iteration: 268
Logging maximums: Max Amplitude: 43.23147848531408
Sweep Iteration: 269
Logging maximums: Max Amplitude: 277.8867367973229
Sweep Iteration: 270
Logging maximums: Max Amplitude: 119.92557459356779
Sweep Iteration: 271
Logging maximums: Max Amplitude: 247.6790412571576
Sweep Iteration: 272
Logging maximums: Max Amplitude: 191.39842515750433
Sweep Iteration: 273
Logging maximums: Max Amplitude: 197.58985221854488
Sweep Iteration: 274
Logging maximums: Max Amplitude: 250.19523798410208
Sweep Iteration: 275
Logging maximums: Max Amplitude: 130.81352642624253
Sweep Iteration: 276
Logging maximums: Max Amplitude: 291.899191105028
Sweep Iteration: 277
Logging maximums: Max Amplitude: 51.472276667967314
Sweep Iteration: 278
Logging maximums: Max Amplitude: 312.93565348729555
Sweep Iteration: 279
Logging maximums: Max Amplitude: 51.89403844455302
Sweep Iteration: 280
Logging maximums: Max Amplitude: 310.72400146236185
Sweep Iteration: 281
Logging maximums: Max Amplitude: 123.71643947870153
Sweep Iteration: 282
Logging maximums: Max Amplitude: 284.430004125836
Sweep Iteration: 283
Logging maximums: Max Amplitude: 207.21097885477712
Sweep Iteration: 284
Logging maximums: Max Amplitude: 234.77028858073476
Sweep Iteration: 285
Logging maximums: Max Amplitude: 279.8458745931797
Sweep Iteration: 286
Logging maximums: Max Amplitude: 163.64642662315038
Sweep Iteration: 287
Logging maximums: Max Amplitude: 335.49563180571647
Sweep Iteration: 288
Logging maximums: Max Amplitude: 74.80121055470882
Sweep Iteration: 289
Logging maximums: Max Amplitude: 368.8099821020363
Sweep Iteration: 290
Logging maximums: Max Amplitude: 63.912571904290616
Sweep Iteration: 291
Logging maximums: Max Amplitude: 375.9635909249394
Sweep Iteration: 292
Logging maximums: Max Amplitude: 140.98134201418117
Sweep Iteration: 293
Logging maximums: Max Amplitude: 354.0874104582934
Sweep Iteration: 294
Logging maximums: Max Amplitude: 240.30498863969495
Sweep Iteration: 295
Logging maximums: Max Amplitude: 301.73453414670666
Sweep Iteration: 296
Logging maximums: Max Amplitude: 337.55309120745727
Sweep Iteration: 297
Logging maximums: Max Amplitude: 219.9947653631428
Sweep Iteration: 298
Logging maximums: Max Amplitude: 417.5543243333236
Sweep Iteration: 299
Logging maximums: Max Amplitude: 111.66522529215811
Sweep Iteration: 300
Logging maximums: Max Amplitude: 472.67379859091204
Sweep Iteration: 301
Logging maximums: Max Amplitude: 100.29550914444286
Sweep Iteration: 302
Logging maximums: Max Amplitude: 494.8688406255293
Sweep Iteration: 303
Logging maximums: Max Amplitude: 183.26721781867764
Sweep Iteration: 304
Logging maximums: Max Amplitude: 477.4154541478076
Sweep Iteration: 305
Logging maximums: Max Amplitude: 317.7188957188705
Sweep Iteration: 306
Logging maximums: Max Amplitude: 415.64027534096147
Sweep Iteration: 307
Logging maximums: Max Amplitude: 466.4023232501181
Sweep Iteration: 308
Logging maximums: Max Amplitude: 305.0129319595504
Sweep Iteration: 309
Logging maximums: Max Amplitude: 598.6532096375806
Sweep Iteration: 310
Logging maximums: Max Amplitude: 142.08994531245875
Sweep Iteration: 311
Logging maximums: Max Amplitude: 697.7862397543141
Sweep Iteration: 312
Logging maximums: Max Amplitude: 145.0212687176781
Sweep Iteration: 313
Logging maximums: Max Amplitude: 741.8716163986417
Sweep Iteration: 314
Logging maximums: Max Amplitude: 343.1186028279471
Sweep Iteration: 315
Logging maximums: Max Amplitude: 693.565180471511
Sweep Iteration: 316
Logging maximums: Max Amplitude: 824.4339193175309
Sweep Iteration: 317
Logging maximums: Max Amplitude: 985.6555242298288
Sweep Iteration: 318
Logging maximums: Max Amplitude: 3271.7501881600324
Sweep Iteration: 319
Logging maximums: Max Amplitude: 4994.155299887273
Sweep Iteration: 320
Logging maximums: Max Amplitude: 19196.23890320729
Sweep Iteration: 321
Logging maximums: Max Amplitude: 14825.133730910527
Sweep Iteration: 322
Logging maximums: Max Amplitude: 22982.45663633615
Sweep Iteration: 323
Logging maximums: Max Amplitude: 30843.243496592666
Sweep Iteration: 324
Logging maximums: Max Amplitude: 41025.016123802314
Sweep Iteration: 325
Logging maximums: Max Amplitude: 50883.77689549913
Sweep Iteration: 326
Logging maximums: Max Amplitude: 61522.731181542775
Sweep Iteration: 327
Logging maximums: Max Amplitude: 71996.2677403264
Sweep Iteration: 328
Logging maximums: Max Amplitude: 82092.10299500705
Sweep Iteration: 329
Logging maximums: Max Amplitude: 92416.1611386998
Sweep Iteration: 330
Logging maximums: Max Amplitude: 101768.7005212893
Sweep Iteration: 331
Logging maximums: Max Amplitude: 111708.2592485778
Sweep Iteration: 332
Logging maximums: Max Amplitude: 120434.22639280264
Sweep Iteration: 333
Logging maximums: Max Amplitude: 129867.91716924593
Sweep Iteration: 334
Logging maximums: Max Amplitude: 138069.2468804689
Sweep Iteration: 335
Logging maximums: Max Amplitude: 146889.987950432
Sweep Iteration: 336
Logging maximums: Max Amplitude: 154657.1665968695
Sweep Iteration: 337
Logging maximums: Max Amplitude: 162826.55806440924
Sweep Iteration: 338
Logging maximums: Max Amplitude: 170236.91895983272
Sweep Iteration: 339
Logging maximums: Max Amplitude: 177740.65585298804
Sweep Iteration: 340
Logging maximums: Max Amplitude: 184800.58978085816
Sweep Iteration: 341
Logging maximums: Max Amplitude: 191622.89530000696
Sweep Iteration: 342
Logging maximums: Max Amplitude: 198300.7185272641
Sweep Iteration: 343
Logging maximums: Max Amplitude: 204476.4036157659
Sweep Iteration: 344
Logging maximums: Max Amplitude: 210755.7483699378
Sweep Iteration: 345
Logging maximums: Max Amplitude: 216362.54264059235
Sweep Iteration: 346
Logging maximums: Max Amplitude: 222213.4050772679
Sweep Iteration: 347
Logging maximums: Max Amplitude: 227309.66100662324
Sweep Iteration: 348
Logging maximums: Max Amplitude: 232670.37015513657
Sweep Iteration: 349
Logging maximums: Max Amplitude: 237297.66295452774
Sweep Iteration: 350
Logging maximums: Max Amplitude: 242125.14257090812
Sweep Iteration: 351
Logging maximums: Max Amplitude: 246340.4596929186
Sweep Iteration: 352
Logging maximums: Max Amplitude: 250629.82153332917
Sweep Iteration: 353
Logging maximums: Max Amplitude: 254479.42782454652
Sweep Iteration: 354
Logging maximums: Max Amplitude: 258228.86735936126
Sweep Iteration: 355
Logging maximums: Max Amplitude: 261718.3397382286
Sweep Iteration: 356
Logging maximums: Max Amplitude: 264928.3706566199
Sweep Iteration: 357
Logging maximums: Max Amplitude: 268049.06314358977
Sweep Iteration: 358
Logging maximums: Max Amplitude: 270752.30439046095
Sweep Iteration: 359
Logging maximums: Max Amplitude: 273502.706429517
Sweep Iteration: 360
Logging maximums: Max Amplitude: 275750.95293769334
Sweep Iteration: 361
Logging maximums: Max Amplitude: 278116.5452075281
Sweep Iteration: 362
Logging maximums: Max Amplitude: 279949.3695884746
Sweep Iteration: 363
Logging maximums: Max Amplitude: 281900.49409742217
Sweep Iteration: 364
Logging maximums: Max Amplitude: 283352.643930541
Sweep Iteration: 365
Logging maximums: Max Amplitude: 284874.0131082336
Sweep Iteration: 366
Logging maximums: Max Amplitude: 285988.3092497278
Sweep Iteration: 367
Logging maximums: Max Amplitude: 287083.9607552562
Sweep Iteration: 368
Logging maximums: Max Amplitude: 287892.1467027261
Sweep Iteration: 369
Logging maximums: Max Amplitude: 288567.0114716589
Sweep Iteration: 370
Logging maximums: Max Amplitude: 289077.46019520366
Sweep Iteration: 371
Logging maximums: Max Amplitude: 289342.1606484565
Sweep Iteration: 372
Logging maximums: Max Amplitude: 289556.8168061917
Sweep Iteration: 373
Logging maximums: Max Amplitude: 289442.2315482503
Sweep Iteration: 374
Logging maximums: Max Amplitude: 289364.5259937936
Sweep Iteration: 375
Logging maximums: Max Amplitude: 288910.3313313501
Sweep Iteration: 376
Logging maximums: Max Amplitude: 288533.91249075567
Sweep Iteration: 377
Logging maximums: Max Amplitude: 287772.806291578
Sweep Iteration: 378
Logging maximums: Max Amplitude: 287084.6422208352
Sweep Iteration: 379
Logging maximums: Max Amplitude: 286048.1965339125
Sweep Iteration: 380
Logging maximums: Max Amplitude: 285045.2480200913
Sweep Iteration: 381
Logging maximums: Max Amplitude: 283767.82613376505
Sweep Iteration: 382
Logging maximums: Max Amplitude: 282457.73167995503
Sweep Iteration: 383
Logging maximums: Max Amplitude: 280964.0601230627
Sweep Iteration: 384
Logging maximums: Max Amplitude: 14643.042138279856
Sweep Iteration: 385
Logging maximums: Max Amplitude: 277656.9007538302
Sweep Iteration: 386
Logging maximums: Max Amplitude: 275766.5301880795
Sweep Iteration: 387
Logging maximums: Max Amplitude: 273868.15926645166
Sweep Iteration: 388
Logging maximums: Max Amplitude: 271723.0849552489
Sweep Iteration: 389
Logging maximums: Max Amplitude: 269630.6809768191
Sweep Iteration: 390
Logging maximums: Max Amplitude: 267263.62040847033
Sweep Iteration: 391
Logging maximums: Max Amplitude: 264975.4429892356
Sweep Iteration: 392
Logging maximums: Max Amplitude: 262415.6271659093
Sweep Iteration: 393
Logging maximums: Max Amplitude: 259927.16916932294
Sweep Iteration: 394
Logging maximums: Max Amplitude: 257202.79963968493
Sweep Iteration: 395
Logging maximums: Max Amplitude: 254516.06271201215
Sweep Iteration: 396
Logging maximums: Max Amplitude: 251655.05075771292
Sweep Iteration: 397
Logging maximums: Max Amplitude: 248778.65214770363
Sweep Iteration: 398
Logging maximums: Max Amplitude: 245801.6819858316
Sweep Iteration: 399
Logging maximums: Max Amplitude: 242746.9943149881
Sweep Iteration: 400
Logging maximums: Max Amplitude: 239665.23609518402
Sweep Iteration: 401
Logging maximums: Max Amplitude: 236448.77134289106
Sweep Iteration: 402
Logging maximums: Max Amplitude: 233269.08039160038
Sweep Iteration: 403
Logging maximums: Max Amplitude: 229915.1022417435
Sweep Iteration: 404
Logging maximums: Max Amplitude: 226642.14755992233
Sweep Iteration: 405
Logging maximums: Max Amplitude: 223178.28230394534
Sweep Iteration: 406
Logging maximums: Max Amplitude: 219812.71655104676
Sweep Iteration: 407
Logging maximums: Max Amplitude: 216264.84624496076
Sweep Iteration: 408
Logging maximums: Max Amplitude: 212805.62085470534
Sweep Iteration: 409
Logging maximums: Max Amplitude: 209197.86081098282
Sweep Iteration: 410
Logging maximums: Max Amplitude: 205647.75505713126
Sweep Iteration: 411
Logging maximums: Max Amplitude: 202002.5736447744
Sweep Iteration: 412
Logging maximums: Max Amplitude: 198369.66500822478
Sweep Iteration: 413
Logging maximums: Max Amplitude: 194704.33203832313
Sweep Iteration: 414
Logging maximums: Max Amplitude: 191000.00887413917
Sweep Iteration: 415
Logging maximums: Max Amplitude: 187324.34398319104
Sweep Iteration: 416
Logging maximums: Max Amplitude: 183563.5328721037
Sweep Iteration: 417
Logging maximums: Max Amplitude: 179882.48790406546
Sweep Iteration: 418
Logging maximums: Max Amplitude: 176085.37762508303
Sweep Iteration: 419
Logging maximums: Max Amplitude: 172401.9233916621
Sweep Iteration: 420
Logging maximums: Max Amplitude: 168592.03235247202
Sweep Iteration: 421
Logging maximums: Max Amplitude: 164906.75857160945
Sweep Iteration: 422
Logging maximums: Max Amplitude: 161106.350465804
Sweep Iteration: 423
Logging maximums: Max Amplitude: 157417.91430527848
Sweep Iteration: 424
Logging maximums: Max Amplitude: 153646.513558002
Sweep Iteration: 425
Logging maximums: Max Amplitude: 149955.90986626316
Sweep Iteration: 426
Logging maximums: Max Amplitude: 146231.2922782462
Sweep Iteration: 427
Logging maximums: Max Amplitude: 142544.67288771205
Sweep Iteration: 428
Logging maximums: Max Amplitude: 138880.7921721484
Sweep Iteration: 429
Logging maximums: Max Amplitude: 135207.54940727126
Sweep Iteration: 430
Logging maximums: Max Amplitude: 131611.32496670514
Sweep Iteration: 431
Logging maximums: Max Amplitude: 127963.13863528328
Sweep Iteration: 432
Logging maximums: Max Amplitude: 124436.27294008987
Sweep Iteration: 433
Logging maximums: Max Amplitude: 120829.36065883444
Sweep Iteration: 434
Logging maximums: Max Amplitude: 117371.8091646267
Sweep Iteration: 435
Logging maximums: Max Amplitude: 113825.76481097685
Sweep Iteration: 436
Logging maximums: Max Amplitude: 110435.0277815636
Sweep Iteration: 437
Logging maximums: Max Amplitude: 106968.51638947474
Sweep Iteration: 438
Logging maximums: Max Amplitude: 103640.49318481494
Sweep Iteration: 439
Logging maximums: Max Amplitude: 100271.28896029154
Sweep Iteration: 440
Logging maximums: Max Amplitude: 97004.31197451375
Sweep Iteration: 441
Logging maximums: Max Amplitude: 93746.0542400601
Sweep Iteration: 442
Logging maximums: Max Amplitude: 90532.74298617375
Sweep Iteration: 443
Logging maximums: Max Amplitude: 87374.94598053064
Sweep Iteration: 444
Logging maximums: Max Amplitude: 84183.21817384906
Sweep Iteration: 445
Logging maximums: Max Amplitude: 81075.1467803903
Sweep Iteration: 446
Logging maximums: Max Amplitude: 77855.69472439916
Sweep Iteration: 447
Logging maximums: Max Amplitude: 74734.18813058997
Sweep Iteration: 448
Logging maximums: Max Amplitude: 142944.75752324163
Sweep Iteration: 449
Logging maximums: Max Amplitude: 68319.47771339229
Sweep Iteration: 450
Logging maximums: Max Amplitude: 65064.31044945897
Sweep Iteration: 451
Logging maximums: Max Amplitude: 61942.25442566721
Sweep Iteration: 452
Logging maximums: Max Amplitude: 58796.2985015786
Sweep Iteration: 453
Logging maximums: Max Amplitude: 55790.49661797004
Sweep Iteration: 454
Logging maximums: Max Amplitude: 52835.8509128952
Sweep Iteration: 455
Logging maximums: Max Amplitude: 50007.99378473293
Sweep Iteration: 456
Logging maximums: Max Amplitude: 47275.71203749853
Sweep Iteration: 457
Logging maximums: Max Amplitude: 44646.5707613841
Sweep Iteration: 458
Logging maximums: Max Amplitude: 42132.42081589762
Sweep Iteration: 459
Logging maximums: Max Amplitude: 39702.021803977965
Sweep Iteration: 460
Logging maximums: Max Amplitude: 37392.713338630005
Sweep Iteration: 461
Logging maximums: Max Amplitude: 35156.53613953509
Sweep Iteration: 462
Logging maximums: Max Amplitude: 33039.07680416051
Sweep Iteration: 463
Logging maximums: Max Amplitude: 30990.25088751222
Sweep Iteration: 464
Logging maximums: Max Amplitude: 29052.067820033226
Sweep Iteration: 465
Logging maximums: Max Amplitude: 27181.929189910064
Sweep Iteration: 466
Logging maximums: Max Amplitude: 25412.23642775459
Sweep Iteration: 467
Logging maximums: Max Amplitude: 23712.32332719541
Sweep Iteration: 468
Logging maximums: Max Amplitude: 22102.463164977133
Sweep Iteration: 469
Logging maximums: Max Amplitude: 20564.0388944086
Sweep Iteration: 470
Logging maximums: Max Amplitude: 19105.60583927488
Sweep Iteration: 471
Logging maximums: Max Amplitude: 17718.7771700108
Sweep Iteration: 472
Logging maximums: Max Amplitude: 16403.20291498123
Sweep Iteration: 473
Logging maximums: Max Amplitude: 15158.120180801183
Sweep Iteration: 474
Logging maximums: Max Amplitude: 13977.602516151035
Sweep Iteration: 475
Logging maximums: Max Amplitude: 12865.295281492727
Sweep Iteration: 476
Logging maximums: Max Amplitude: 11812.417858023886
Sweep Iteration: 477
Logging maximums: Max Amplitude: 10824.09719076603
Sweep Iteration: 478
Logging maximums: Max Amplitude: 9890.9763514
Sweep Iteration: 479
Logging maximums: Max Amplitude: 9017.84788158159
Sweep Iteration: 480
Logging maximums: Max Amplitude: 8196.468767283774
Sweep Iteration: 481
Logging maximums: Max Amplitude: 7430.328108407334
Sweep Iteration: 482
Logging maximums: Max Amplitude: 6713.00711805919
Sweep Iteration: 483
Logging maximums: Max Amplitude: 6046.190804809287
Sweep Iteration: 484
Logging maximums: Max Amplitude: 5425.266857216244
Sweep Iteration: 485
Logging maximums: Max Amplitude: 4850.185794995808
Sweep Iteration: 486
Logging maximums: Max Amplitude: 4317.887122614241
Sweep Iteration: 487
Logging maximums: Max Amplitude: 3827.0776113556376
Sweep Iteration: 488
Logging maximums: Max Amplitude: 3375.8495275045843
Sweep Iteration: 489
Logging maximums: Max Amplitude: 2962.1597328979656
Sweep Iteration: 490
Logging maximums: Max Amplitude: 2584.7385623968357
Sweep Iteration: 491
Logging maximums: Max Amplitude: 2241.172920361896
Sweep Iteration: 492
Logging maximums: Max Amplitude: 1930.4138017888654
Sweep Iteration: 493
Logging maximums: Max Amplitude: 1650.007811895022
Sweep Iteration: 494
Logging maximums: Max Amplitude: 1398.911572044032
Sweep Iteration: 495
Logging maximums: Max Amplitude: 1174.8417803524737
Sweep Iteration: 496
Logging maximums: Max Amplitude: 976.6459038508791
Sweep Iteration: 497
Logging maximums: Max Amplitude: 802.2645050659307
Sweep Iteration: 498
Logging maximums: Max Amplitude: 650.3881782650742
Sweep Iteration: 499
Logging maximums: Max Amplitude: 519.1611936647516
Sweep Iteration: 500
Logging maximums: Max Amplitude: 407.1509115890669
Sweep Iteration: 501
Logging maximums: Max Amplitude: 312.67030779417524
Sweep Iteration: 502
Logging maximums: Max Amplitude: 234.22434382865166
Sweep Iteration: 503
Logging maximums: Max Amplitude: 170.24266956160972
Sweep Iteration: 504
Logging maximums: Max Amplitude: 119.2122937376249
Sweep Iteration: 505
Logging maximums: Max Amplitude: 79.62946855417584
Sweep Iteration: 506
Logging maximums: Max Amplitude: 49.99664441103383
Sweep Iteration: 507
Logging maximums: Max Amplitude: 28.849575891087856
Sweep Iteration: 508
Logging maximums: Max Amplitude: 14.727008676277629
Sweep Iteration: 509
Logging maximums: Max Amplitude: 6.195235437438825
Sweep Iteration: 510
Logging maximums: Max Amplitude: 1.8300478020017452
Sweep Iteration: 511
Logging maximums: Max Amplitude: 0.2280243661808208
Max Droop between first two Nulls: -50.020570582901655
