Passband Flatness: 0.14782162486681427
Expected sweep iterations: 512
Sweep Iteration: 0
Logging maximums: Max Amplitude: 3021127523724.296
Sweep Iteration: 1
Logging maximums: Max Amplitude: 3180314162183.4805
Sweep Iteration: 2
Logging maximums: Max Amplitude: 1858484922868.0042
Sweep Iteration: 3
Logging maximums: Max Amplitude: 2643702727731.526
Sweep Iteration: 4
Logging maximums: Max Amplitude: 3274013983210.6436
Sweep Iteration: 5
Logging maximums: Max Amplitude: 2752437841726.104
Sweep Iteration: 6
Logging maximums: Max Amplitude: 3363257323228.084
Sweep Iteration: 7
Logging maximums: Max Amplitude: 2919479961504.7065
Sweep Iteration: 8
Logging maximums: Max Amplitude: 2748443676164.278
Sweep Iteration: 9
Logging maximums: Max Amplitude: 3320497222193.9766
Sweep Iteration: 10
Logging maximums: Max Amplitude: 2341967621276.358
Sweep Iteration: 11
Logging maximums: Max Amplitude: 2064100682787.883
Sweep Iteration: 12
Logging maximums: Max Amplitude: 1656570509352.5618
Sweep Iteration: 13
Logging maximums: Max Amplitude: 1921128364949.177
Sweep Iteration: 14
Logging maximums: Max Amplitude: 2656439757380.1406
Sweep Iteration: 15
Logging maximums: Max Amplitude: 2672281042664.697
Sweep Iteration: 16
Logging maximums: Max Amplitude: 3178279035011.744
Sweep Iteration: 17
Logging maximums: Max Amplitude: 2343068760405.865
Sweep Iteration: 18
Logging maximums: Max Amplitude: 2657239534072.691
Sweep Iteration: 19
Logging maximums: Max Amplitude: 2188634858327.7761
Sweep Iteration: 20
Logging maximums: Max Amplitude: 2665024730226.4277
Sweep Iteration: 21
Logging maximums: Max Amplitude: 1689474160258.272
Sweep Iteration: 22
Logging maximums: Max Amplitude: 1786327678876.7402
Sweep Iteration: 23
Logging maximums: Max Amplitude: 2257747265416.153
Sweep Iteration: 24
Logging maximums: Max Amplitude: 1974536036322.6655
Sweep Iteration: 25
Logging maximums: Max Amplitude: 2859633259481.3135
Sweep Iteration: 26
Logging maximums: Max Amplitude: 2274200539895.341
Sweep Iteration: 27
Logging maximums: Max Amplitude: 2518395747736.7837
Sweep Iteration: 28
Logging maximums: Max Amplitude: 2216572687866.7227
Sweep Iteration: 29
Logging maximums: Max Amplitude: 2927171606109.929
Sweep Iteration: 30
Logging maximums: Max Amplitude: 2957810641107.807
Sweep Iteration: 31
Logging maximums: Max Amplitude: 2798177172749.1226
Sweep Iteration: 32
Logging maximums: Max Amplitude: 3051069800224.1836
Sweep Iteration: 33
Logging maximums: Max Amplitude: 3381562859877.8613
Sweep Iteration: 34
Logging maximums: Max Amplitude: 3513081436645.9644
Sweep Iteration: 35
Logging maximums: Max Amplitude: 2138965232894.2446
Sweep Iteration: 36
Logging maximums: Max Amplitude: 2788633167573.521
Sweep Iteration: 37
Logging maximums: Max Amplitude: 2613792289189.314
Sweep Iteration: 38
Logging maximums: Max Amplitude: 2574228771634.189
Sweep Iteration: 39
Logging maximums: Max Amplitude: 1857280196369.5535
Sweep Iteration: 40
Logging maximums: Max Amplitude: 1626864200914.0024
Sweep Iteration: 41
Logging maximums: Max Amplitude: 2281621088963.0796
Sweep Iteration: 42
Logging maximums: Max Amplitude: 3376025671942.9316
Sweep Iteration: 43
Logging maximums: Max Amplitude: 2402527282360.834
Sweep Iteration: 44
Logging maximums: Max Amplitude: 3405166520499.5117
Sweep Iteration: 45
Logging maximums: Max Amplitude: 2781282246691.665
Sweep Iteration: 46
Logging maximums: Max Amplitude: 2446404681635.4595
Sweep Iteration: 47
Logging maximums: Max Amplitude: 2622625587282.83
Sweep Iteration: 48
Logging maximums: Max Amplitude: 2179316498000.2173
Sweep Iteration: 49
Logging maximums: Max Amplitude: 3656084831643.789
Sweep Iteration: 50
Logging maximums: Max Amplitude: 2464467060863.8086
Sweep Iteration: 51
Logging maximums: Max Amplitude: 2527861760788.3887
Sweep Iteration: 52
Logging maximums: Max Amplitude: 2405751278487.675
Sweep Iteration: 53
Logging maximums: Max Amplitude: 2219593231526.683
Sweep Iteration: 54
Logging maximums: Max Amplitude: 2254975889700.1606
Sweep Iteration: 55
Logging maximums: Max Amplitude: 3055439802060.1113
Sweep Iteration: 56
Logging maximums: Max Amplitude: 2048009582611.3018
Sweep Iteration: 57
Logging maximums: Max Amplitude: 2739537428297.7637
Sweep Iteration: 58
Logging maximums: Max Amplitude: 1856921789988.8167
Sweep Iteration: 59
Logging maximums: Max Amplitude: 2370621675783.125
Sweep Iteration: 60
Logging maximums: Max Amplitude: 2143912932357.844
Sweep Iteration: 61
Logging maximums: Max Amplitude: 2834026813411.9136
Sweep Iteration: 62
Logging maximums: Max Amplitude: 2494159282962.9
Sweep Iteration: 63
Logging maximums: Max Amplitude: 2233606217666.6816
Sweep Iteration: 64
Logging maximums: Max Amplitude: 2178385965696.8535
Sweep Iteration: 65
Logging maximums: Max Amplitude: 2777274930141.836
Sweep Iteration: 66
Logging maximums: Max Amplitude: 2724028716392.8
Sweep Iteration: 67
Logging maximums: Max Amplitude: 2416806714049.3438
Sweep Iteration: 68
Logging maximums: Max Amplitude: 1882711200743.2852
Sweep Iteration: 69
Logging maximums: Max Amplitude: 3192548784655.985
Sweep Iteration: 70
Logging maximums: Max Amplitude: 1902488807275.041
Sweep Iteration: 71
Logging maximums: Max Amplitude: 2548640849872.741
Sweep Iteration: 72
Logging maximums: Max Amplitude: 1411186076615.5354
Sweep Iteration: 73
Logging maximums: Max Amplitude: 1965015556657.6848
Sweep Iteration: 74
Logging maximums: Max Amplitude: 2455199056848.28
Sweep Iteration: 75
Logging maximums: Max Amplitude: 1817185259253.643
Sweep Iteration: 76
Logging maximums: Max Amplitude: 2076105824024.9333
Sweep Iteration: 77
Logging maximums: Max Amplitude: 2389923217378.0146
Sweep Iteration: 78
Logging maximums: Max Amplitude: 2327746743315.7646
Sweep Iteration: 79
Logging maximums: Max Amplitude: 1828995553034.209
Sweep Iteration: 80
Logging maximums: Max Amplitude: 2150699597846.1594
Sweep Iteration: 81
Logging maximums: Max Amplitude: 1933834501479.721
Sweep Iteration: 82
Logging maximums: Max Amplitude: 1927382361794.9717
Sweep Iteration: 83
Logging maximums: Max Amplitude: 1762129816780.4133
Sweep Iteration: 84
Logging maximums: Max Amplitude: 2102828811484.782
Sweep Iteration: 85
Logging maximums: Max Amplitude: 2628546315936.2617
Sweep Iteration: 86
Logging maximums: Max Amplitude: 1809668823813.9695
Sweep Iteration: 87
Logging maximums: Max Amplitude: 2051780768057.121
Sweep Iteration: 88
Logging maximums: Max Amplitude: 2284309207246.577
Sweep Iteration: 89
Logging maximums: Max Amplitude: 2628373127759.0107
Sweep Iteration: 90
Logging maximums: Max Amplitude: 2183970897120.331
Sweep Iteration: 91
Logging maximums: Max Amplitude: 2203505645298.162
Sweep Iteration: 92
Logging maximums: Max Amplitude: 1807947241398.299
Sweep Iteration: 93
Logging maximums: Max Amplitude: 1986674753252.0107
Sweep Iteration: 94
Logging maximums: Max Amplitude: 2057276573080.6355
Sweep Iteration: 95
Logging maximums: Max Amplitude: 2107285019572.558
Sweep Iteration: 96
Logging maximums: Max Amplitude: 1387772784800.3997
Sweep Iteration: 97
Logging maximums: Max Amplitude: 2921143828132.9785
Sweep Iteration: 98
Logging maximums: Max Amplitude: 2174409802657.1797
Sweep Iteration: 99
Logging maximums: Max Amplitude: 2220587730441.612
Sweep Iteration: 100
Logging maximums: Max Amplitude: 2678465659863.257
Sweep Iteration: 101
Logging maximums: Max Amplitude: 2512565424705.4727
Sweep Iteration: 102
Logging maximums: Max Amplitude: 2739071143267.065
Sweep Iteration: 103
Logging maximums: Max Amplitude: 1638732268926.524
Sweep Iteration: 104
Logging maximums: Max Amplitude: 2083522973321.4888
Sweep Iteration: 105
Logging maximums: Max Amplitude: 1964896542444.963
Sweep Iteration: 106
Logging maximums: Max Amplitude: 2446701715567.1743
Sweep Iteration: 107
Logging maximums: Max Amplitude: 1573281272025.204
Sweep Iteration: 108
Logging maximums: Max Amplitude: 2580169083026.8564
Sweep Iteration: 109
Logging maximums: Max Amplitude: 2066544829799.3865
Sweep Iteration: 110
Logging maximums: Max Amplitude: 1922326144106.7656
Sweep Iteration: 111
Logging maximums: Max Amplitude: 2334715235028.9795
Sweep Iteration: 112
Logging maximums: Max Amplitude: 1768180261275.3867
Sweep Iteration: 113
Logging maximums: Max Amplitude: 2285495721709.7085
Sweep Iteration: 114
Logging maximums: Max Amplitude: 1813927602977.958
Sweep Iteration: 115
Logging maximums: Max Amplitude: 2267660277216.085
Sweep Iteration: 116
Logging maximums: Max Amplitude: 2586368188245.237
Sweep Iteration: 117
Logging maximums: Max Amplitude: 1475143730341.8096
Sweep Iteration: 118
Logging maximums: Max Amplitude: 2053572959987.5315
Sweep Iteration: 119
Logging maximums: Max Amplitude: 2058038189428.7607
Sweep Iteration: 120
Logging maximums: Max Amplitude: 2798845017176.585
Sweep Iteration: 121
Logging maximums: Max Amplitude: 1864010426312.5312
Sweep Iteration: 122
Logging maximums: Max Amplitude: 1680768301739.6785
Sweep Iteration: 123
Logging maximums: Max Amplitude: 1673177024863.1135
Sweep Iteration: 124
Logging maximums: Max Amplitude: 2311489051867.2754
Sweep Iteration: 125
Logging maximums: Max Amplitude: 1919093384787.7244
Sweep Iteration: 126
Logging maximums: Max Amplitude: 1754884045802.209
Sweep Iteration: 127
Logging maximums: Max Amplitude: 2054678386710.038
Sweep Iteration: 128
Logging maximums: Max Amplitude: 2088759606048.7607
Sweep Iteration: 129
Logging maximums: Max Amplitude: 3474756847644.0605
Sweep Iteration: 130
Logging maximums: Max Amplitude: 1799336940815.7202
Sweep Iteration: 131
Logging maximums: Max Amplitude: 1874272897850.746
Sweep Iteration: 132
Logging maximums: Max Amplitude: 1900596373363.181
Sweep Iteration: 133
Logging maximums: Max Amplitude: 2567501362635.183
Sweep Iteration: 134
Logging maximums: Max Amplitude: 1782445110285.3787
Sweep Iteration: 135
Logging maximums: Max Amplitude: 3523542505914.088
Sweep Iteration: 136
Logging maximums: Max Amplitude: 2193150192246.2175
Sweep Iteration: 137
Logging maximums: Max Amplitude: 1415275401286.1526
Sweep Iteration: 138
Logging maximums: Max Amplitude: 1831460986087.4966
Sweep Iteration: 139
Logging maximums: Max Amplitude: 1830304156779.182
Sweep Iteration: 140
Logging maximums: Max Amplitude: 2537784497811.4126
Sweep Iteration: 141
Logging maximums: Max Amplitude: 2424971547653.6
Sweep Iteration: 142
Logging maximums: Max Amplitude: 1835424516623.4568
Sweep Iteration: 143
Logging maximums: Max Amplitude: 1822284405774.3853
Sweep Iteration: 144
Logging maximums: Max Amplitude: 3247157469085.7173
Sweep Iteration: 145
Logging maximums: Max Amplitude: 2264773390455.213
Sweep Iteration: 146
Logging maximums: Max Amplitude: 2415100781614.024
Sweep Iteration: 147
Logging maximums: Max Amplitude: 1800584891350.258
Sweep Iteration: 148
Logging maximums: Max Amplitude: 2842041014914.788
Sweep Iteration: 149
Logging maximums: Max Amplitude: 2448632934059.551
Sweep Iteration: 150
Logging maximums: Max Amplitude: 2689390743715.0786
Sweep Iteration: 151
Logging maximums: Max Amplitude: 2957386320025.461
Sweep Iteration: 152
Logging maximums: Max Amplitude: 2254274414560.0005
Sweep Iteration: 153
Logging maximums: Max Amplitude: 1809655324849.6135
Sweep Iteration: 154
Logging maximums: Max Amplitude: 2168610769799.3794
Sweep Iteration: 155
Logging maximums: Max Amplitude: 1868585245917.5247
Sweep Iteration: 156
Logging maximums: Max Amplitude: 2523808974248.6353
Sweep Iteration: 157
Logging maximums: Max Amplitude: 1743118867395.9263
Sweep Iteration: 158
Logging maximums: Max Amplitude: 1776959523227.4114
Sweep Iteration: 159
Logging maximums: Max Amplitude: 1555643153737.6335
Sweep Iteration: 160
Logging maximums: Max Amplitude: 3112838365510.8037
Sweep Iteration: 161
Logging maximums: Max Amplitude: 1408956904261.1511
Sweep Iteration: 162
Logging maximums: Max Amplitude: 1958266158116.2966
Sweep Iteration: 163
Logging maximums: Max Amplitude: 1403703421266.6785
Sweep Iteration: 164
Logging maximums: Max Amplitude: 2526191194373.601
Sweep Iteration: 165
Logging maximums: Max Amplitude: 2715305826112.1465
Sweep Iteration: 166
Logging maximums: Max Amplitude: 1330719101478.8438
Sweep Iteration: 167
Logging maximums: Max Amplitude: 2247617101197.236
Sweep Iteration: 168
Logging maximums: Max Amplitude: 1631511002959.0134
Sweep Iteration: 169
Logging maximums: Max Amplitude: 2394786860720.8594
Sweep Iteration: 170
Logging maximums: Max Amplitude: 2514459196345.471
Sweep Iteration: 171
Logging maximums: Max Amplitude: 2093524039917.4917
Sweep Iteration: 172
Logging maximums: Max Amplitude: 1436578968582.0427
Sweep Iteration: 173
Logging maximums: Max Amplitude: 1780567456050.8809
Sweep Iteration: 174
Logging maximums: Max Amplitude: 2013390013073.405
Sweep Iteration: 175
Logging maximums: Max Amplitude: 3199981555833.4214
Sweep Iteration: 176
Logging maximums: Max Amplitude: 2788099544929.0796
Sweep Iteration: 177
Logging maximums: Max Amplitude: 1624994774698.79
Sweep Iteration: 178
Logging maximums: Max Amplitude: 2680216663063.8486
Sweep Iteration: 179
Logging maximums: Max Amplitude: 1443330883337.4534
Sweep Iteration: 180
Logging maximums: Max Amplitude: 1980143922954.855
Sweep Iteration: 181
Logging maximums: Max Amplitude: 1748536393228.9473
Sweep Iteration: 182
Logging maximums: Max Amplitude: 1720416810414.2708
Sweep Iteration: 183
Logging maximums: Max Amplitude: 2164962086341.4907
Sweep Iteration: 184
Logging maximums: Max Amplitude: 1754987678677.941
Sweep Iteration: 185
Logging maximums: Max Amplitude: 2545281224330.956
Sweep Iteration: 186
Logging maximums: Max Amplitude: 2669020381241.9185
Sweep Iteration: 187
Logging maximums: Max Amplitude: 2839201127666.6523
Sweep Iteration: 188
Logging maximums: Max Amplitude: 1849087483962.347
Sweep Iteration: 189
Logging maximums: Max Amplitude: 1891088445886.159
Sweep Iteration: 190
Logging maximums: Max Amplitude: 1626275997956.1643
Sweep Iteration: 191
Logging maximums: Max Amplitude: 1786280585913.1218
Sweep Iteration: 192
Logging maximums: Max Amplitude: 1631127827025.7886
Sweep Iteration: 193
Logging maximums: Max Amplitude: 1578275392220.3477
Sweep Iteration: 194
Logging maximums: Max Amplitude: 1194916307267.8735
Sweep Iteration: 195
Logging maximums: Max Amplitude: 2144821355725.2114
Sweep Iteration: 196
Logging maximums: Max Amplitude: 1578212297880.5918
Sweep Iteration: 197
Logging maximums: Max Amplitude: 2660037749635.1226
Sweep Iteration: 198
Logging maximums: Max Amplitude: 2192529927834.2617
Sweep Iteration: 199
Logging maximums: Max Amplitude: 1860867441088.9126
Sweep Iteration: 200
Logging maximums: Max Amplitude: 1339957386151.0713
Sweep Iteration: 201
Logging maximums: Max Amplitude: 1241892469269.5496
Sweep Iteration: 202
Logging maximums: Max Amplitude: 1717187747066.5808
Sweep Iteration: 203
Logging maximums: Max Amplitude: 2306498277062.8687
Sweep Iteration: 204
Logging maximums: Max Amplitude: 2847326702645.6035
Sweep Iteration: 205
Logging maximums: Max Amplitude: 1592278943532.2388
Sweep Iteration: 206
Logging maximums: Max Amplitude: 2385854759821.047
Sweep Iteration: 207
Logging maximums: Max Amplitude: 1943769776967.4463
Sweep Iteration: 208
Logging maximums: Max Amplitude: 1531697538138.961
Sweep Iteration: 209
Logging maximums: Max Amplitude: 1811975784028.271
Sweep Iteration: 210
Logging maximums: Max Amplitude: 1635810313439.0825
Sweep Iteration: 211
Logging maximums: Max Amplitude: 1507096706413.934
Sweep Iteration: 212
Logging maximums: Max Amplitude: 2837224663451.1836
Sweep Iteration: 213
Logging maximums: Max Amplitude: 1847205972428.4758
Sweep Iteration: 214
Logging maximums: Max Amplitude: 2303937740352.1978
Sweep Iteration: 215
Logging maximums: Max Amplitude: 1533927326097.9097
Sweep Iteration: 216
Logging maximums: Max Amplitude: 1936680119503.1624
Sweep Iteration: 217
Logging maximums: Max Amplitude: 1425087118949.0923
Sweep Iteration: 218
Logging maximums: Max Amplitude: 3206643259703.008
Sweep Iteration: 219
Logging maximums: Max Amplitude: 2175296813551.979
Sweep Iteration: 220
Logging maximums: Max Amplitude: 3095514930483.7827
Sweep Iteration: 221
Logging maximums: Max Amplitude: 1614241054111.591
Sweep Iteration: 222
Logging maximums: Max Amplitude: 1901088255800.413
Sweep Iteration: 223
Logging maximums: Max Amplitude: 1992025751759.6216
Sweep Iteration: 224
Logging maximums: Max Amplitude: 1360828038666.2417
Sweep Iteration: 225
Logging maximums: Max Amplitude: 1876345296590.4333
Sweep Iteration: 226
Logging maximums: Max Amplitude: 2002378749370.6885
Sweep Iteration: 227
Logging maximums: Max Amplitude: 1436149112199.8225
Sweep Iteration: 228
Logging maximums: Max Amplitude: 1828520935718.9785
Sweep Iteration: 229
Logging maximums: Max Amplitude: 1764893661341.107
Sweep Iteration: 230
Logging maximums: Max Amplitude: 1941791852982.9348
Sweep Iteration: 231
Logging maximums: Max Amplitude: 1580723699134.6309
Sweep Iteration: 232
Logging maximums: Max Amplitude: 2194655679527.8882
Sweep Iteration: 233
Logging maximums: Max Amplitude: 2385600015814.094
Sweep Iteration: 234
Logging maximums: Max Amplitude: 2139444966338.3352
Sweep Iteration: 235
Logging maximums: Max Amplitude: 2326442724834.206
Sweep Iteration: 236
Logging maximums: Max Amplitude: 1853404639506.345
Sweep Iteration: 237
Logging maximums: Max Amplitude: 1934294524768.765
Sweep Iteration: 238
Logging maximums: Max Amplitude: 1240412889628.254
Sweep Iteration: 239
Logging maximums: Max Amplitude: 2028579486151.7324
Sweep Iteration: 240
Logging maximums: Max Amplitude: 1595904903078.9778
Sweep Iteration: 241
Logging maximums: Max Amplitude: 1605684151918.0652
Sweep Iteration: 242
Logging maximums: Max Amplitude: 1863554442985.3286
Sweep Iteration: 243
Logging maximums: Max Amplitude: 1535900084351.9412
Sweep Iteration: 244
Logging maximums: Max Amplitude: 1392847530042.613
Sweep Iteration: 245
Logging maximums: Max Amplitude: 2020249988766.0933
Sweep Iteration: 246
Logging maximums: Max Amplitude: 1769672079510.065
Sweep Iteration: 247
Logging maximums: Max Amplitude: 1602186186552.0842
Sweep Iteration: 248
Logging maximums: Max Amplitude: 3212944211953.7617
Sweep Iteration: 249
Logging maximums: Max Amplitude: 1573037501295.4355
Sweep Iteration: 250
Logging maximums: Max Amplitude: 2260268921042.5527
Sweep Iteration: 251
Logging maximums: Max Amplitude: 1327178864642.8904
Sweep Iteration: 252
Logging maximums: Max Amplitude: 2115749017856.9998
Sweep Iteration: 253
Logging maximums: Max Amplitude: 1950468290712.142
Sweep Iteration: 254
Logging maximums: Max Amplitude: 1398239559159.0693
Sweep Iteration: 255
Logging maximums: Max Amplitude: 1876845022284.1565
Sweep Iteration: 256
Logging maximums: Max Amplitude: 1281839560679.345
Sweep Iteration: 257
Logging maximums: Max Amplitude: 2902321689249.8984
Sweep Iteration: 258
Logging maximums: Max Amplitude: 2079113850585.2925
Sweep Iteration: 259
Logging maximums: Max Amplitude: 1926417959893.9475
Sweep Iteration: 260
Logging maximums: Max Amplitude: 2165569270112.2964
Sweep Iteration: 261
Logging maximums: Max Amplitude: 1489710496452.7354
Sweep Iteration: 262
Logging maximums: Max Amplitude: 1926896894512.9634
Sweep Iteration: 263
Logging maximums: Max Amplitude: 1811986769402.852
Sweep Iteration: 264
Logging maximums: Max Amplitude: 1826031510735.0957
Sweep Iteration: 265
Logging maximums: Max Amplitude: 1259780804064.321
Sweep Iteration: 266
Logging maximums: Max Amplitude: 1884659026503.7507
Sweep Iteration: 267
Logging maximums: Max Amplitude: 1929471084330.7656
Sweep Iteration: 268
Logging maximums: Max Amplitude: 1635565551233.7166
Sweep Iteration: 269
Logging maximums: Max Amplitude: 1547677782707.1787
Sweep Iteration: 270
Logging maximums: Max Amplitude: 1501425016907.4976
Sweep Iteration: 271
Logging maximums: Max Amplitude: 2390166993050.98
Sweep Iteration: 272
Logging maximums: Max Amplitude: 1716502897634.0437
Sweep Iteration: 273
Logging maximums: Max Amplitude: 1160421757333.2092
Sweep Iteration: 274
Logging maximums: Max Amplitude: 1670246316289.335
Sweep Iteration: 275
Logging maximums: Max Amplitude: 1560432872998.6233
Sweep Iteration: 276
Logging maximums: Max Amplitude: 1423956350322.3062
Sweep Iteration: 277
Logging maximums: Max Amplitude: 1876948094017.0574
Sweep Iteration: 278
Logging maximums: Max Amplitude: 1671190536260.36
Sweep Iteration: 279
Logging maximums: Max Amplitude: 1918060529632.9863
Sweep Iteration: 280
Logging maximums: Max Amplitude: 1186002487225.9626
Sweep Iteration: 281
Logging maximums: Max Amplitude: 1744930348591.8667
Sweep Iteration: 282
Logging maximums: Max Amplitude: 1390918956041.281
Sweep Iteration: 283
Logging maximums: Max Amplitude: 1848345557570.4373
Sweep Iteration: 284
Logging maximums: Max Amplitude: 1609363472672.3123
Sweep Iteration: 285
Logging maximums: Max Amplitude: 2012909885449.3174
Sweep Iteration: 286
Logging maximums: Max Amplitude: 1367464547211.233
Sweep Iteration: 287
Logging maximums: Max Amplitude: 1325618009803.2954
Sweep Iteration: 288
Logging maximums: Max Amplitude: 1500331362194.647
Sweep Iteration: 289
Logging maximums: Max Amplitude: 2078584398268.052
Sweep Iteration: 290
Logging maximums: Max Amplitude: 1658340213670.219
Sweep Iteration: 291
Logging maximums: Max Amplitude: 1290743118684.287
Sweep Iteration: 292
Logging maximums: Max Amplitude: 1698413746889.9536
Sweep Iteration: 293
Logging maximums: Max Amplitude: 1660942306829.9788
Sweep Iteration: 294
Logging maximums: Max Amplitude: 1330692556607.0303
Sweep Iteration: 295
Logging maximums: Max Amplitude: 1521272625648.7195
Sweep Iteration: 296
Logging maximums: Max Amplitude: 1818106519311.844
Sweep Iteration: 297
Logging maximums: Max Amplitude: 1708273519585.102
Sweep Iteration: 298
Logging maximums: Max Amplitude: 1968241883004.9053
Sweep Iteration: 299
Logging maximums: Max Amplitude: 1705795326666.3848
Sweep Iteration: 300
Logging maximums: Max Amplitude: 1948543526496.6104
Sweep Iteration: 301
Logging maximums: Max Amplitude: 1557473518116.892
Sweep Iteration: 302
Logging maximums: Max Amplitude: 1210955728421.6978
Sweep Iteration: 303
Logging maximums: Max Amplitude: 1227250332279.8098
Sweep Iteration: 304
Logging maximums: Max Amplitude: 1368463912874.8447
Sweep Iteration: 305
Logging maximums: Max Amplitude: 1469875581398.8442
Sweep Iteration: 306
Logging maximums: Max Amplitude: 1404164746734.1133
Sweep Iteration: 307
Logging maximums: Max Amplitude: 1581679462783.1997
Sweep Iteration: 308
Logging maximums: Max Amplitude: 1389015563519.383
Sweep Iteration: 309
Logging maximums: Max Amplitude: 1286391440476.2002
Sweep Iteration: 310
Logging maximums: Max Amplitude: 1712599639748.7822
Sweep Iteration: 311
Logging maximums: Max Amplitude: 1253438783077.9333
Sweep Iteration: 312
Logging maximums: Max Amplitude: 1376434474238.2935
Sweep Iteration: 313
Logging maximums: Max Amplitude: 1584576911075.2827
Sweep Iteration: 314
Logging maximums: Max Amplitude: 1759345370801.9983
Sweep Iteration: 315
Logging maximums: Max Amplitude: 1641088259565.8457
Sweep Iteration: 316
Logging maximums: Max Amplitude: 1400457178559.4019
Sweep Iteration: 317
Logging maximums: Max Amplitude: 1196009898293.3708
Sweep Iteration: 318
Logging maximums: Max Amplitude: 1818912645154.3123
Sweep Iteration: 319
Logging maximums: Max Amplitude: 1692498613276.2368
Sweep Iteration: 320
Logging maximums: Max Amplitude: 2615277777034.0254
Sweep Iteration: 321
Logging maximums: Max Amplitude: 1279852881553.9001
Sweep Iteration: 322
Logging maximums: Max Amplitude: 1647215316244.6838
Sweep Iteration: 323
Logging maximums: Max Amplitude: 1213040787963.1584
Sweep Iteration: 324
Logging maximums: Max Amplitude: 2369450282681.6387
Sweep Iteration: 325
Logging maximums: Max Amplitude: 1235769594364.4563
Sweep Iteration: 326
Logging maximums: Max Amplitude: 1463984740863.9092
Sweep Iteration: 327
Logging maximums: Max Amplitude: 1338756967441.9426
Sweep Iteration: 328
Logging maximums: Max Amplitude: 1997894558411.605
Sweep Iteration: 329
Logging maximums: Max Amplitude: 1593346181768.5164
Sweep Iteration: 330
Logging maximums: Max Amplitude: 1679938197863.885
Sweep Iteration: 331
Logging maximums: Max Amplitude: 1414966673542.7449
Sweep Iteration: 332
Logging maximums: Max Amplitude: 2024135761434.1702
Sweep Iteration: 333
Logging maximums: Max Amplitude: 1396527363383.7705
Sweep Iteration: 334
Logging maximums: Max Amplitude: 1829803620757.3591
Sweep Iteration: 335
Logging maximums: Max Amplitude: 1326696214021.0554
Sweep Iteration: 336
Logging maximums: Max Amplitude: 1390352193858.613
Sweep Iteration: 337
Logging maximums: Max Amplitude: 1597991271058.1729
Sweep Iteration: 338
Logging maximums: Max Amplitude: 1439717305151.0325
Sweep Iteration: 339
Logging maximums: Max Amplitude: 1645519571041.8735
Sweep Iteration: 340
Logging maximums: Max Amplitude: 1215775328802.2666
Sweep Iteration: 341
Logging maximums: Max Amplitude: 1297443344900.625
Sweep Iteration: 342
Logging maximums: Max Amplitude: 1871703388397.3196
Sweep Iteration: 343
Logging maximums: Max Amplitude: 1394516393067.388
Sweep Iteration: 344
Logging maximums: Max Amplitude: 1670968719745.0503
Sweep Iteration: 345
Logging maximums: Max Amplitude: 1230969692860.4775
Sweep Iteration: 346
Logging maximums: Max Amplitude: 1216618733318.0664
Sweep Iteration: 347
Logging maximums: Max Amplitude: 1760647805267.4883
Sweep Iteration: 348
Logging maximums: Max Amplitude: 1680838020804.864
Sweep Iteration: 349
Logging maximums: Max Amplitude: 1315420591671.467
Sweep Iteration: 350
Logging maximums: Max Amplitude: 1218031459370.6082
Sweep Iteration: 351
Logging maximums: Max Amplitude: 1037109179279.3892
Sweep Iteration: 352
Logging maximums: Max Amplitude: 1745557013901.1265
Sweep Iteration: 353
Logging maximums: Max Amplitude: 1875017270775.497
Sweep Iteration: 354
Logging maximums: Max Amplitude: 1102581625244.713
Sweep Iteration: 355
Logging maximums: Max Amplitude: 1463662091824.0796
Sweep Iteration: 356
Logging maximums: Max Amplitude: 1536528226251.95
Sweep Iteration: 357
Logging maximums: Max Amplitude: 949269700686.5839
Sweep Iteration: 358
Logging maximums: Max Amplitude: 1414305164913.6487
Sweep Iteration: 359
Logging maximums: Max Amplitude: 1644668137500.1685
Sweep Iteration: 360
Logging maximums: Max Amplitude: 1420477588420.608
Sweep Iteration: 361
Logging maximums: Max Amplitude: 1233438916599.2642
Sweep Iteration: 362
Logging maximums: Max Amplitude: 1717486335797.9487
Sweep Iteration: 363
Logging maximums: Max Amplitude: 1200877220492.4656
Sweep Iteration: 364
Logging maximums: Max Amplitude: 1494095944490.633
Sweep Iteration: 365
Logging maximums: Max Amplitude: 1015537379692.3212
Sweep Iteration: 366
Logging maximums: Max Amplitude: 3216106364073.491
Sweep Iteration: 367
Logging maximums: Max Amplitude: 1564331999141.4429
Sweep Iteration: 368
Logging maximums: Max Amplitude: 1404724303271.9954
Sweep Iteration: 369
Logging maximums: Max Amplitude: 1381191907737.4038
Sweep Iteration: 370
Logging maximums: Max Amplitude: 1441310303054.9841
Sweep Iteration: 371
Logging maximums: Max Amplitude: 878996810725.2926
Sweep Iteration: 372
Logging maximums: Max Amplitude: 1115966947892.0667
Sweep Iteration: 373
Logging maximums: Max Amplitude: 1499096931615.46
Sweep Iteration: 374
Logging maximums: Max Amplitude: 1662371241839.3696
Sweep Iteration: 375
Logging maximums: Max Amplitude: 1168224450422.395
Sweep Iteration: 376
Logging maximums: Max Amplitude: 1042212589560.5957
Sweep Iteration: 377
Logging maximums: Max Amplitude: 1374138598163.1987
Sweep Iteration: 378
Logging maximums: Max Amplitude: 1806276846315.917
Sweep Iteration: 379
Logging maximums: Max Amplitude: 1203683148085.4783
Sweep Iteration: 380
Logging maximums: Max Amplitude: 2064529840399.216
Sweep Iteration: 381
Logging maximums: Max Amplitude: 1085567119675.6224
Sweep Iteration: 382
Logging maximums: Max Amplitude: 1153170692518.1804
Sweep Iteration: 383
Logging maximums: Max Amplitude: 1458368770436.4395
Sweep Iteration: 384
Logging maximums: Max Amplitude: 1694322256650.733
Sweep Iteration: 385
Logging maximums: Max Amplitude: 1514215274760.837
Sweep Iteration: 386
Logging maximums: Max Amplitude: 1049352411713.5502
Sweep Iteration: 387
Logging maximums: Max Amplitude: 1362616322461.2568
Sweep Iteration: 388
Logging maximums: Max Amplitude: 1132777539891.2515
Sweep Iteration: 389
Logging maximums: Max Amplitude: 830161273980.7024
Sweep Iteration: 390
Logging maximums: Max Amplitude: 1312489136148.9365
Sweep Iteration: 391
Logging maximums: Max Amplitude: 1452454953121.6597
Sweep Iteration: 392
Logging maximums: Max Amplitude: 1269236804858.8318
Sweep Iteration: 393
Logging maximums: Max Amplitude: 1218822143566.5232
Sweep Iteration: 394
Logging maximums: Max Amplitude: 1510365100038.9004
Sweep Iteration: 395
Logging maximums: Max Amplitude: 827925513136.7263
Sweep Iteration: 396
Logging maximums: Max Amplitude: 1622060369848.4412
Sweep Iteration: 397
Logging maximums: Max Amplitude: 1291936099428.338
Sweep Iteration: 398
Logging maximums: Max Amplitude: 1424400222115.5532
Sweep Iteration: 399
Logging maximums: Max Amplitude: 1399703445321.6235
Sweep Iteration: 400
Logging maximums: Max Amplitude: 1419802101543.496
Sweep Iteration: 401
Logging maximums: Max Amplitude: 1085907367566.2426
Sweep Iteration: 402
Logging maximums: Max Amplitude: 1575787615218.879
Sweep Iteration: 403
Logging maximums: Max Amplitude: 1364643482818.295
Sweep Iteration: 404
Logging maximums: Max Amplitude: 1490753292174.7705
Sweep Iteration: 405
Logging maximums: Max Amplitude: 1497713554288.4268
Sweep Iteration: 406
Logging maximums: Max Amplitude: 839838509024.4937
Sweep Iteration: 407
Logging maximums: Max Amplitude: 2468611291192.1255
Sweep Iteration: 408
Logging maximums: Max Amplitude: 1391391304599.8342
Sweep Iteration: 409
Logging maximums: Max Amplitude: 1876224705330.669
Sweep Iteration: 410
Logging maximums: Max Amplitude: 1374834232721.1523
Sweep Iteration: 411
Logging maximums: Max Amplitude: 1500064123473.2488
Sweep Iteration: 412
Logging maximums: Max Amplitude: 1531374584272.1052
Sweep Iteration: 413
Logging maximums: Max Amplitude: 1483996430838.9731
Sweep Iteration: 414
Logging maximums: Max Amplitude: 1259924147894.4316
Sweep Iteration: 415
Logging maximums: Max Amplitude: 1244869576744.3667
Sweep Iteration: 416
Logging maximums: Max Amplitude: 1343554329972.878
Sweep Iteration: 417
Logging maximums: Max Amplitude: 1066274709464.5114
Sweep Iteration: 418
Logging maximums: Max Amplitude: 1228592766013.3281
Sweep Iteration: 419
Logging maximums: Max Amplitude: 1331848118713.6023
Sweep Iteration: 420
Logging maximums: Max Amplitude: 955304900304.4463
Sweep Iteration: 421
Logging maximums: Max Amplitude: 1202505503445.7017
Sweep Iteration: 422
Logging maximums: Max Amplitude: 1208076204618.6946
Sweep Iteration: 423
Logging maximums: Max Amplitude: 1970847059612.3457
Sweep Iteration: 424
Logging maximums: Max Amplitude: 1448079248035.5967
Sweep Iteration: 425
Logging maximums: Max Amplitude: 1462369071360.3022
Sweep Iteration: 426
Logging maximums: Max Amplitude: 1228050306970.451
Sweep Iteration: 427
Logging maximums: Max Amplitude: 1248239438896.711
Sweep Iteration: 428
Logging maximums: Max Amplitude: 1205682755914.4543
Sweep Iteration: 429
Logging maximums: Max Amplitude: 1710132760098.4766
Sweep Iteration: 430
Logging maximums: Max Amplitude: 1134666032883.8652
Sweep Iteration: 431
Logging maximums: Max Amplitude: 1228606327209.2156
Sweep Iteration: 432
Logging maximums: Max Amplitude: 1368903690410.345
Sweep Iteration: 433
Logging maximums: Max Amplitude: 901756252149.1514
Sweep Iteration: 434
Logging maximums: Max Amplitude: 1274785046401.2717
Sweep Iteration: 435
Logging maximums: Max Amplitude: 1288199321729.607
Sweep Iteration: 436
Logging maximums: Max Amplitude: 1260579985211.845
Sweep Iteration: 437
Logging maximums: Max Amplitude: 1094435167591.814
Sweep Iteration: 438
Logging maximums: Max Amplitude: 1321105889069.7354
Sweep Iteration: 439
Logging maximums: Max Amplitude: 1151766956662.0554
Sweep Iteration: 440
Logging maximums: Max Amplitude: 1201292085661.027
Sweep Iteration: 441
Logging maximums: Max Amplitude: 1250985963151.0637
Sweep Iteration: 442
Logging maximums: Max Amplitude: 1599737044550.804
Sweep Iteration: 443
Logging maximums: Max Amplitude: 1270746709963.4658
Sweep Iteration: 444
Logging maximums: Max Amplitude: 1268632165526.8562
Sweep Iteration: 445
Logging maximums: Max Amplitude: 1042489756494.5846
Sweep Iteration: 446
Logging maximums: Max Amplitude: 1312641628730.8503
Sweep Iteration: 447
Logging maximums: Max Amplitude: 1317647645023.5916
Sweep Iteration: 448
Logging maximums: Max Amplitude: 980590349183.6819
Sweep Iteration: 449
Logging maximums: Max Amplitude: 799824662283.5994
Sweep Iteration: 450
Logging maximums: Max Amplitude: 1385623265299.1667
Sweep Iteration: 451
Logging maximums: Max Amplitude: 1306937316479.4507
Sweep Iteration: 452
Logging maximums: Max Amplitude: 1132164700074.3643
Sweep Iteration: 453
Logging maximums: Max Amplitude: 1104194502117.4607
Sweep Iteration: 454
Logging maximums: Max Amplitude: 1933647542710.877
Sweep Iteration: 455
Logging maximums: Max Amplitude: 1336561776915.0188
Sweep Iteration: 456
Logging maximums: Max Amplitude: 1219938419777.516
Sweep Iteration: 457
Logging maximums: Max Amplitude: 961202355541.2538
Sweep Iteration: 458
Logging maximums: Max Amplitude: 1205360345402.7058
Sweep Iteration: 459
Logging maximums: Max Amplitude: 1140149891315.158
Sweep Iteration: 460
Logging maximums: Max Amplitude: 1129864649500.4712
Sweep Iteration: 461
Logging maximums: Max Amplitude: 1041780956269.9509
Sweep Iteration: 462
Logging maximums: Max Amplitude: 1271432554934.5078
Sweep Iteration: 463
Logging maximums: Max Amplitude: 992594359572.2521
Sweep Iteration: 464
Logging maximums: Max Amplitude: 1046454288969.948
Sweep Iteration: 465
Logging maximums: Max Amplitude: 1360022229967.1626
Sweep Iteration: 466
Logging maximums: Max Amplitude: 1099433137287.3821
Sweep Iteration: 467
Logging maximums: Max Amplitude: 1584975132052.5461
Sweep Iteration: 468
Logging maximums: Max Amplitude: 1370531462104.1216
Sweep Iteration: 469
Logging maximums: Max Amplitude: 896467705740.6483
Sweep Iteration: 470
Logging maximums: Max Amplitude: 1540149397566.7146
Sweep Iteration: 471
Logging maximums: Max Amplitude: 913294730340.9143
Sweep Iteration: 472
Logging maximums: Max Amplitude: 1350052488732.9082
Sweep Iteration: 473
Logging maximums: Max Amplitude: 1190426648850.7446
Sweep Iteration: 474
Logging maximums: Max Amplitude: 1103683849653.0632
Sweep Iteration: 475
Logging maximums: Max Amplitude: 1301872749402.5544
Sweep Iteration: 476
Logging maximums: Max Amplitude: 1473278898300.0767
Sweep Iteration: 477
Logging maximums: Max Amplitude: 975568202957.6188
Sweep Iteration: 478
Logging maximums: Max Amplitude: 1130775542342.9993
Sweep Iteration: 479
Logging maximums: Max Amplitude: 1282332491491.0625
Sweep Iteration: 480
Logging maximums: Max Amplitude: 1091778812386.2079
Sweep Iteration: 481
Logging maximums: Max Amplitude: 1102577699259.317
Sweep Iteration: 482
Logging maximums: Max Amplitude: 1565861776154.7158
Sweep Iteration: 483
Logging maximums: Max Amplitude: 1409964651833.7778
Sweep Iteration: 484
Logging maximums: Max Amplitude: 1823756080335.2454
Sweep Iteration: 485
Logging maximums: Max Amplitude: 1701220038404.5176
Sweep Iteration: 486
Logging maximums: Max Amplitude: 1592846231463.3267
Sweep Iteration: 487
Logging maximums: Max Amplitude: 1369890824806.3372
Sweep Iteration: 488
Logging maximums: Max Amplitude: 1575335081825.702
Sweep Iteration: 489
Logging maximums: Max Amplitude: 2001448359229.442
Sweep Iteration: 490
Logging maximums: Max Amplitude: 1106012427801.3005
Sweep Iteration: 491
Logging maximums: Max Amplitude: 914158060301.8073
Sweep Iteration: 492
Logging maximums: Max Amplitude: 1098007024255.5813
Sweep Iteration: 493
Logging maximums: Max Amplitude: 1709135495844.421
Sweep Iteration: 494
Logging maximums: Max Amplitude: 1697952105727.6301
Sweep Iteration: 495
Logging maximums: Max Amplitude: 1201808827001.7175
Sweep Iteration: 496
Logging maximums: Max Amplitude: 1109571634448.1382
Sweep Iteration: 497
Logging maximums: Max Amplitude: 1588796034163.006
Sweep Iteration: 498
Logging maximums: Max Amplitude: 1510651254545.0354
Sweep Iteration: 499
Logging maximums: Max Amplitude: 1077901650729.1108
Sweep Iteration: 500
Logging maximums: Max Amplitude: 1323065194043.6414
Sweep Iteration: 501
Logging maximums: Max Amplitude: 1398494248884.5588
Sweep Iteration: 502
Logging maximums: Max Amplitude: 1287970965653.972
Sweep Iteration: 503
Logging maximums: Max Amplitude: 1685084764795.86
Sweep Iteration: 504
Logging maximums: Max Amplitude: 1376659227541.3594
Sweep Iteration: 505
Logging maximums: Max Amplitude: 1116581891552.1868
Sweep Iteration: 506
Logging maximums: Max Amplitude: 1344571667091.1345
Sweep Iteration: 507
Logging maximums: Max Amplitude: 971361412356.128
Sweep Iteration: 508
Logging maximums: Max Amplitude: 1321730909086.0234
Sweep Iteration: 509
Logging maximums: Max Amplitude: 990990498703.5641
Sweep Iteration: 510
Logging maximums: Max Amplitude: 1482314378530.7476
Sweep Iteration: 511
Logging maximums: Max Amplitude: 1199029396169.132
Max Droop between first two Nulls: -84.24527680018791
