Passband Flatness: 0.11544808409228324
Expected sweep iterations: 512
Sweep Iteration: 0
Logging maximums: Max Amplitude: 0.0
Sweep Iteration: 1
Logging maximums: Max Amplitude: 9249103368.048233
Sweep Iteration: 2
Logging maximums: Max Amplitude: 149916820583.5495
Sweep Iteration: 3
Logging maximums: Max Amplitude: 754933268123.3986
Sweep Iteration: 4
Logging maximums: Max Amplitude: 2367208456009.2207
Sweep Iteration: 5
Logging maximums: Max Amplitude: 5734691175010.662
Sweep Iteration: 6
Logging maximums: Max Amplitude: 11799168185243.105
Sweep Iteration: 7
Logging maximums: Max Amplitude: 21691986812742.918
Sweep Iteration: 8
Logging maximums: Max Amplitude: 36721532740587.15
Sweep Iteration: 9
Logging maximums: Max Amplitude: 58371866948956.35
Sweep Iteration: 10
Logging maximums: Max Amplitude: 88290332471788.44
Sweep Iteration: 11
Logging maximums: Max Amplitude: 128276962385567.3
Sweep Iteration: 12
Logging maximums: Max Amplitude: 180301477704436.16
Sweep Iteration: 13
Logging maximums: Max Amplitude: 246439234217239.72
Sweep Iteration: 14
Logging maximums: Max Amplitude: 328980046382554.3
Sweep Iteration: 15
Logging maximums: Max Amplitude: 430216967968169.7
Sweep Iteration: 16
Logging maximums: Max Amplitude: 552779078919061.25
Sweep Iteration: 17
Logging maximums: Max Amplitude: 699103980272008.5
Sweep Iteration: 18
Logging maximums: Max Amplitude: 872175573601908.0
Sweep Iteration: 19
Logging maximums: Max Amplitude: 1074499165315279.5
Sweep Iteration: 20
Logging maximums: Max Amplitude: 1309444858670433.5
Sweep Iteration: 21
Logging maximums: Max Amplitude: 1579552131830121.5
Sweep Iteration: 22
Logging maximums: Max Amplitude: 1888564531163352.5
Sweep Iteration: 23
Logging maximums: Max Amplitude: 2239071905124464.0
Sweep Iteration: 24
Logging maximums: Max Amplitude: 2635065472854960.5
Sweep Iteration: 25
Logging maximums: Max Amplitude: 3079290188506921.5
Sweep Iteration: 26
Logging maximums: Max Amplitude: 3575727456931172.0
Sweep Iteration: 27
Logging maximums: Max Amplitude: 4127588982057770.5
Sweep Iteration: 28
Logging maximums: Max Amplitude: 4738483287131841.0
Sweep Iteration: 29
Logging maximums: Max Amplitude: 5412592432337557.0
Sweep Iteration: 30
Logging maximums: Max Amplitude: 6152572162289888.0
Sweep Iteration: 31
Logging maximums: Max Amplitude: 6964124160250383.0
Sweep Iteration: 32
Logging maximums: Max Amplitude: 7848197612626302.0
Sweep Iteration: 33
Logging maximums: Max Amplitude: 8812604035158000.0
Sweep Iteration: 34
Logging maximums: Max Amplitude: 9856039930616112.0
Sweep Iteration: 35
Logging maximums: Max Amplitude: 1.0988973390748572e+16
Sweep Iteration: 36
Logging maximums: Max Amplitude: 1.2207707318459112e+16
Sweep Iteration: 37
Logging maximums: Max Amplitude: 1.3525337791884134e+16
Sweep Iteration: 38
Logging maximums: Max Amplitude: 1.4936036425565114e+16
Sweep Iteration: 39
Logging maximums: Max Amplitude: 1.6454442022553636e+16
Sweep Iteration: 40
Logging maximums: Max Amplitude: 1.8073886499311784e+16
Sweep Iteration: 41
Logging maximums: Max Amplitude: 1.98085558910766e+16
Sweep Iteration: 42
Logging maximums: Max Amplitude: 2.1653894806661876e+16
Sweep Iteration: 43
Logging maximums: Max Amplitude: 2.362050232773973e+16
Sweep Iteration: 44
Logging maximums: Max Amplitude: 2.5710089501599772e+16
Sweep Iteration: 45
Logging maximums: Max Amplitude: 2.7924773381880172e+16
Sweep Iteration: 46
Logging maximums: Max Amplitude: 3.027727815198923e+16
Sweep Iteration: 47
Logging maximums: Max Amplitude: 3.275541262348592e+16
Sweep Iteration: 48
Logging maximums: Max Amplitude: 3.538844632996732e+16
Sweep Iteration: 49
Logging maximums: Max Amplitude: 3.8145094773367464e+16
Sweep Iteration: 50
Logging maximums: Max Amplitude: 4.1076210342219304e+16
Sweep Iteration: 51
Logging maximums: Max Amplitude: 4.41284145041604e+16
Sweep Iteration: 52
Logging maximums: Max Amplitude: 4.737545960926478e+16
Sweep Iteration: 53
Logging maximums: Max Amplitude: 5.074203362693613e+16
Sweep Iteration: 54
Logging maximums: Max Amplitude: 5.432036783081717e+16
Sweep Iteration: 55
Logging maximums: Max Amplitude: 5.802070276576168e+16
Sweep Iteration: 56
Logging maximums: Max Amplitude: 6.194159556086938e+16
Sweep Iteration: 57
Logging maximums: Max Amplitude: 6.59953718943232e+16
Sweep Iteration: 58
Logging maximums: Max Amplitude: 7.025998224482954e+16
Sweep Iteration: 59
Logging maximums: Max Amplitude: 7.467292818964498e+16
Sweep Iteration: 60
Logging maximums: Max Amplitude: 7.924531473355872e+16
Sweep Iteration: 61
Logging maximums: Max Amplitude: 8.397252213890702e+16
Sweep Iteration: 62
Logging maximums: Max Amplitude: 8.87493174747371e+16
Sweep Iteration: 63
Logging maximums: Max Amplitude: 9.36756469374479e+16
Sweep Iteration: 64
Logging maximums: Max Amplitude: 1.8374977669949904e+17
Sweep Iteration: 65
Logging maximums: Max Amplitude: 1.0349878039868549e+17
Sweep Iteration: 66
Logging maximums: Max Amplitude: 1.0829304879225854e+17
Sweep Iteration: 67
Logging maximums: Max Amplitude: 1.132685875008428e+17
Sweep Iteration: 68
Logging maximums: Max Amplitude: 1.1803502748887594e+17
Sweep Iteration: 69
Logging maximums: Max Amplitude: 1.230166653339256e+17
Sweep Iteration: 70
Logging maximums: Max Amplitude: 1.2784512414769597e+17
Sweep Iteration: 71
Logging maximums: Max Amplitude: 1.3288731935070422e+17
Sweep Iteration: 72
Logging maximums: Max Amplitude: 1.3785496707490062e+17
Sweep Iteration: 73
Logging maximums: Max Amplitude: 1.4298324498047368e+17
Sweep Iteration: 74
Logging maximums: Max Amplitude: 1.4811194825236426e+17
Sweep Iteration: 75
Logging maximums: Max Amplitude: 1.533170968849495e+17
Sweep Iteration: 76
Logging maximums: Max Amplitude: 1.5859390562895376e+17
Sweep Iteration: 77
Logging maximums: Max Amplitude: 1.638601190878277e+17
Sweep Iteration: 78
Logging maximums: Max Amplitude: 1.692631112867265e+17
Sweep Iteration: 79
Logging maximums: Max Amplitude: 1.745804390056199e+17
Sweep Iteration: 80
Logging maximums: Max Amplitude: 1.8008216626356304e+17
Sweep Iteration: 81
Logging maximums: Max Amplitude: 1.8544313233370262e+17
Sweep Iteration: 82
Logging maximums: Max Amplitude: 1.9101038908561434e+17
Sweep Iteration: 83
Logging maximums: Max Amplitude: 1.9640987548816954e+17
Sweep Iteration: 84
Logging maximums: Max Amplitude: 2.0200880369438528e+17
Sweep Iteration: 85
Logging maximums: Max Amplitude: 2.0744404323044822e+17
Sweep Iteration: 86
Logging maximums: Max Amplitude: 2.130414536372319e+17
Sweep Iteration: 87
Logging maximums: Max Amplitude: 2.1850645179396138e+17
Sweep Iteration: 88
Logging maximums: Max Amplitude: 2.240689199455241e+17
Sweep Iteration: 89
Logging maximums: Max Amplitude: 2.295514330778535e+17
Sweep Iteration: 90
Logging maximums: Max Amplitude: 2.3504922689611885e+17
Sweep Iteration: 91
Logging maximums: Max Amplitude: 2.4053273052278016e+17
Sweep Iteration: 92
Logging maximums: Max Amplitude: 2.459438057755913e+17
Sweep Iteration: 93
Logging maximums: Max Amplitude: 2.5140698072340643e+17
Sweep Iteration: 94
Logging maximums: Max Amplitude: 2.5671532148390416e+17
Sweep Iteration: 95
Logging maximums: Max Amplitude: 2.6212912392669763e+17
Sweep Iteration: 96
Logging maximums: Max Amplitude: 2.6732222415780733e+17
Sweep Iteration: 97
Logging maximums: Max Amplitude: 2.726510648232905e+17
Sweep Iteration: 98
Logging maximums: Max Amplitude: 2.7772057043428704e+17
Sweep Iteration: 99
Logging maximums: Max Amplitude: 2.8292686718621862e+17
Sweep Iteration: 100
Logging maximums: Max Amplitude: 2.878682875099389e+17
Sweep Iteration: 101
Logging maximums: Max Amplitude: 2.9291493330042694e+17
Sweep Iteration: 102
Logging maximums: Max Amplitude: 2.977234123392453e+17
Sweep Iteration: 103
Logging maximums: Max Amplitude: 3.0257410792179866e+17
Sweep Iteration: 104
Logging maximums: Max Amplitude: 3.0724002305279104e+17
Sweep Iteration: 105
Logging maximums: Max Amplitude: 3.1186158259234054e+17
Sweep Iteration: 106
Logging maximums: Max Amplitude: 3.163700089208136e+17
Sweep Iteration: 107
Logging maximums: Max Amplitude: 3.207368628429554e+17
Sweep Iteration: 108
Logging maximums: Max Amplitude: 3.250685297881322e+17
Sweep Iteration: 109
Logging maximums: Max Amplitude: 3.2916426729489446e+17
Sweep Iteration: 110
Logging maximums: Max Amplitude: 3.3329348821572256e+17
Sweep Iteration: 111
Logging maximums: Max Amplitude: 3.371075778334895e+17
Sweep Iteration: 112
Logging maximums: Max Amplitude: 3.4100016517747354e+17
Sweep Iteration: 113
Logging maximums: Max Amplitude: 3.445261337073204e+17
Sweep Iteration: 114
Logging maximums: Max Amplitude: 3.481436779121571e+17
Sweep Iteration: 115
Logging maximums: Max Amplitude: 3.51381185369301e+17
Sweep Iteration: 116
Logging maximums: Max Amplitude: 3.546871811112379e+17
Sweep Iteration: 117
Logging maximums: Max Amplitude: 3.576394260003489e+17
Sweep Iteration: 118
Logging maximums: Max Amplitude: 3.6059880233911206e+17
Sweep Iteration: 119
Logging maximums: Max Amplitude: 3.6326385997761363e+17
Sweep Iteration: 120
Logging maximums: Max Amplitude: 3.6584246825711034e+17
Sweep Iteration: 121
Logging maximums: Max Amplitude: 3.6821129544776896e+17
Sweep Iteration: 122
Logging maximums: Max Amplitude: 3.703838800614089e+17
Sweep Iteration: 123
Logging maximums: Max Amplitude: 3.7244518492506003e+17
Sweep Iteration: 124
Logging maximums: Max Amplitude: 3.7420031454210035e+17
Sweep Iteration: 125
Logging maximums: Max Amplitude: 3.759368976538285e+17
Sweep Iteration: 126
Logging maximums: Max Amplitude: 3.772698939744389e+17
Sweep Iteration: 127
Logging maximums: Max Amplitude: 3.786512113664806e+17
Sweep Iteration: 128
Logging maximums: Max Amplitude: 5.231168318889096e+17
Sweep Iteration: 129
Logging maximums: Max Amplitude: 3.8055049598801485e+17
Sweep Iteration: 130
Logging maximums: Max Amplitude: 3.810467548272737e+17
Sweep Iteration: 131
Logging maximums: Max Amplitude: 3.8161298480762656e+17
Sweep Iteration: 132
Logging maximums: Max Amplitude: 3.8171299887129005e+17
Sweep Iteration: 133
Logging maximums: Max Amplitude: 3.81824076249707e+17
Sweep Iteration: 134
Logging maximums: Max Amplitude: 3.8153732815514074e+17
Sweep Iteration: 135
Logging maximums: Max Amplitude: 3.811579071196858e+17
Sweep Iteration: 136
Logging maximums: Max Amplitude: 3.804857293713149e+17
Sweep Iteration: 137
Logging maximums: Max Amplitude: 3.7959335671689254e+17
Sweep Iteration: 138
Logging maximums: Max Amplitude: 3.785386527471768e+17
Sweep Iteration: 139
Logging maximums: Max Amplitude: 3.7713084236551296e+17
Sweep Iteration: 140
Logging maximums: Max Amplitude: 3.756884153737735e+17
Sweep Iteration: 141
Logging maximums: Max Amplitude: 3.737674041651982e+17
Sweep Iteration: 142
Logging maximums: Max Amplitude: 3.71910838244526e+17
Sweep Iteration: 143
Logging maximums: Max Amplitude: 3.694826017448221e+17
Sweep Iteration: 144
Logging maximums: Max Amplitude: 3.671791105073721e+17
Sweep Iteration: 145
Logging maximums: Max Amplitude: 3.6426998174499904e+17
Sweep Iteration: 146
Logging maximums: Max Amplitude: 3.6149496409378656e+17
Sweep Iteration: 147
Logging maximums: Max Amplitude: 3.581422636090151e+17
Sweep Iteration: 148
Logging maximums: Max Amplitude: 3.548647053254691e+17
Sweep Iteration: 149
Logging maximums: Max Amplitude: 3.5109141765904755e+17
Sweep Iteration: 150
Logging maximums: Max Amplitude: 3.472716758896147e+17
Sweep Iteration: 151
Logging maximums: Max Amplitude: 3.4309381935871974e+17
Sweep Iteration: 152
Logging maximums: Max Amplitude: 3.3871335886577926e+17
Sweep Iteration: 153
Logging maximums: Max Amplitude: 3.3415517139248915e+17
Sweep Iteration: 154
Logging maximums: Max Amplitude: 3.292214131750495e+17
Sweep Iteration: 155
Logging maximums: Max Amplitude: 3.242914735026043e+17
Sweep Iteration: 156
Logging maximums: Max Amplitude: 3.188110832139316e+17
Sweep Iteration: 157
Logging maximums: Max Amplitude: 3.134842650085657e+17
Sweep Iteration: 158
Logging maximums: Max Amplitude: 3.074716346442066e+17
Sweep Iteration: 159
Logging maximums: Max Amplitude: 3.0171922363037414e+17
Sweep Iteration: 160
Logging maximums: Max Amplitude: 2.95225287122482e+17
Sweep Iteration: 161
Logging maximums: Max Amplitude: 2.8902896867064646e+17
Sweep Iteration: 162
Logging maximums: Max Amplitude: 2.8211696337583715e+17
Sweep Iteration: 163
Logging maximums: Max Amplitude: 2.754372953331507e+17
Sweep Iteration: 164
Logging maximums: Max Amplitude: 2.681463398716756e+17
Sweep Iteration: 165
Logging maximums: Max Amplitude: 2.609293303946424e+17
Sweep Iteration: 166
Logging maximums: Max Amplitude: 2.532989135920007e+17
Sweep Iteration: 167
Logging maximums: Max Amplitude: 2.4552742194131226e+17
Sweep Iteration: 168
Logging maximums: Max Amplitude: 2.376143079710666e+17
Sweep Iteration: 169
Logging maximums: Max Amplitude: 2.2930185767404355e+17
Sweep Iteration: 170
Logging maximums: Max Amplitude: 2.2112889637312506e+17
Sweep Iteration: 171
Logging maximums: Max Amplitude: 2.1227815785784976e+17
Sweep Iteration: 172
Logging maximums: Max Amplitude: 2.0381600924866547e+17
Sweep Iteration: 173
Logging maximums: Max Amplitude: 1.9445198682590806e+17
Sweep Iteration: 174
Logging maximums: Max Amplitude: 1.8567428107515552e+17
Sweep Iteration: 175
Logging maximums: Max Amplitude: 1.758875299502039e+17
Sweep Iteration: 176
Logging maximums: Max Amplitude: 1.6677198436568582e+17
Sweep Iteration: 177
Logging maximums: Max Amplitude: 1.566646086264928e+17
Sweep Iteration: 178
Logging maximums: Max Amplitude: 1.471375179577192e+17
Sweep Iteration: 179
Logging maximums: Max Amplitude: 1.367834567420408e+17
Sweep Iteration: 180
Logging maximums: Max Amplitude: 1.2675328033357706e+17
Sweep Iteration: 181
Logging maximums: Max Amplitude: 1.1624856119555051e+17
Sweep Iteration: 182
Logging maximums: Max Amplitude: 1.0566799530059352e+17
Sweep Iteration: 183
Logging maximums: Max Amplitude: 9.511303366932384e+16
Sweep Iteration: 184
Logging maximums: Max Amplitude: 8.394784361478013e+16
Sweep Iteration: 185
Logging maximums: Max Amplitude: 7.341568523762424e+16
Sweep Iteration: 186
Logging maximums: Max Amplitude: 6.178039851116868e+16
Sweep Iteration: 187
Logging maximums: Max Amplitude: 5.159710680765741e+16
Sweep Iteration: 188
Logging maximums: Max Amplitude: 4.022903189448637e+16
Sweep Iteration: 189
Logging maximums: Max Amplitude: 3.1340489751569308e+16
Sweep Iteration: 190
Logging maximums: Max Amplitude: 2.174742182944229e+16
Sweep Iteration: 191
Logging maximums: Max Amplitude: 1.5374271647044982e+16
Sweep Iteration: 192
Logging maximums: Max Amplitude: 7550920704422847.0
Sweep Iteration: 193
Logging maximums: Max Amplitude: 5573099822281336.0
Sweep Iteration: 194
Logging maximums: Max Amplitude: 2583263497355763.5
Sweep Iteration: 195
Logging maximums: Max Amplitude: 1310398023284103.5
Sweep Iteration: 196
Logging maximums: Max Amplitude: 802922076979590.4
Sweep Iteration: 197
Logging maximums: Max Amplitude: 205695693319246.3
Sweep Iteration: 198
Logging maximums: Max Amplitude: 741087337673769.8
Sweep Iteration: 199
Logging maximums: Max Amplitude: 110386386898267.72
Sweep Iteration: 200
Logging maximums: Max Amplitude: 636712619614151.0
Sweep Iteration: 201
Logging maximums: Max Amplitude: 253161865446539.44
Sweep Iteration: 202
Logging maximums: Max Amplitude: 499030245988034.44
Sweep Iteration: 203
Logging maximums: Max Amplitude: 367471769011618.25
Sweep Iteration: 204
Logging maximums: Max Amplitude: 350535838489838.8
Sweep Iteration: 205
Logging maximums: Max Amplitude: 428754585268913.5
Sweep Iteration: 206
Logging maximums: Max Amplitude: 211771861950658.12
Sweep Iteration: 207
Logging maximums: Max Amplitude: 446365698099498.0
Sweep Iteration: 208
Logging maximums: Max Amplitude: 113561408632436.12
Sweep Iteration: 209
Logging maximums: Max Amplitude: 429174231062565.2
Sweep Iteration: 210
Logging maximums: Max Amplitude: 51154898701570.32
Sweep Iteration: 211
Logging maximums: Max Amplitude: 384433663029930.56
Sweep Iteration: 212
Logging maximums: Max Amplitude: 143991038290903.12
Sweep Iteration: 213
Logging maximums: Max Amplitude: 319405238907163.9
Sweep Iteration: 214
Logging maximums: Max Amplitude: 216251177602423.4
Sweep Iteration: 215
Logging maximums: Max Amplitude: 241820710943878.12
Sweep Iteration: 216
Logging maximums: Max Amplitude: 263942556213118.88
Sweep Iteration: 217
Logging maximums: Max Amplitude: 158811386349293.28
Sweep Iteration: 218
Logging maximums: Max Amplitude: 287800665984159.25
Sweep Iteration: 219
Logging maximums: Max Amplitude: 90021676439308.1
Sweep Iteration: 220
Logging maximums: Max Amplitude: 289186116290096.25
Sweep Iteration: 221
Logging maximums: Max Amplitude: 39368558958092.44
Sweep Iteration: 222
Logging maximums: Max Amplitude: 270922056390567.72
Sweep Iteration: 223
Logging maximums: Max Amplitude: 73714550755908.16
Sweep Iteration: 224
Logging maximums: Max Amplitude: 236703514071210.0
Sweep Iteration: 225
Logging maximums: Max Amplitude: 130577915028843.47
Sweep Iteration: 226
Logging maximums: Max Amplitude: 190237554888880.75
Sweep Iteration: 227
Logging maximums: Max Amplitude: 172772186978519.5
Sweep Iteration: 228
Logging maximums: Max Amplitude: 135653340152873.28
Sweep Iteration: 229
Logging maximums: Max Amplitude: 199027220215427.72
Sweep Iteration: 230
Logging maximums: Max Amplitude: 78956501011263.88
Sweep Iteration: 231
Logging maximums: Max Amplitude: 209436592710512.16
Sweep Iteration: 232
Logging maximums: Max Amplitude: 35020333933607.734
Sweep Iteration: 233
Logging maximums: Max Amplitude: 204836643781831.38
Sweep Iteration: 234
Logging maximums: Max Amplitude: 35102451561770.203
Sweep Iteration: 235
Logging maximums: Max Amplitude: 186658945569709.06
Sweep Iteration: 236
Logging maximums: Max Amplitude: 82541425149406.6
Sweep Iteration: 237
Logging maximums: Max Amplitude: 157238871128120.03
Sweep Iteration: 238
Logging maximums: Max Amplitude: 120597871307630.81
Sweep Iteration: 239
Logging maximums: Max Amplitude: 119370190645973.9
Sweep Iteration: 240
Logging maximums: Max Amplitude: 147691901354333.7
Sweep Iteration: 241
Logging maximums: Max Amplitude: 75917162465093.61
Sweep Iteration: 242
Logging maximums: Max Amplitude: 162773556743266.2
Sweep Iteration: 243
Logging maximums: Max Amplitude: 31342118222235.312
Sweep Iteration: 244
Logging maximums: Max Amplitude: 165590174458672.3
Sweep Iteration: 245
Logging maximums: Max Amplitude: 15155033269236.008
Sweep Iteration: 246
Logging maximums: Max Amplitude: 156787955400572.12
Sweep Iteration: 247
Logging maximums: Max Amplitude: 56850861257456.44
Sweep Iteration: 248
Logging maximums: Max Amplitude: 137506971229868.33
Sweep Iteration: 249
Logging maximums: Max Amplitude: 92607458982334.4
Sweep Iteration: 250
Logging maximums: Max Amplitude: 109390909558594.97
Sweep Iteration: 251
Logging maximums: Max Amplitude: 120288960491925.69
Sweep Iteration: 252
Logging maximums: Max Amplitude: 74701593687758.72
Sweep Iteration: 253
Logging maximums: Max Amplitude: 138471611862098.38
Sweep Iteration: 254
Logging maximums: Max Amplitude: 35922718615314.41
Sweep Iteration: 255
Logging maximums: Max Amplitude: 146362684946441.7
Sweep Iteration: 256
Logging maximums: Max Amplitude: 4414332690139.504
Sweep Iteration: 257
Logging maximums: Max Amplitude: 143641014903369.8
Sweep Iteration: 258
Logging maximums: Max Amplitude: 43604221616091.43
Sweep Iteration: 259
Logging maximums: Max Amplitude: 130714682667308.73
Sweep Iteration: 260
Logging maximums: Max Amplitude: 79075812283355.75
Sweep Iteration: 261
Logging maximums: Max Amplitude: 108671364943952.31
Sweep Iteration: 262
Logging maximums: Max Amplitude: 108667732393103.84
Sweep Iteration: 263
Logging maximums: Max Amplitude: 78965458582288.03
Sweep Iteration: 264
Logging maximums: Max Amplitude: 130476176715263.77
Sweep Iteration: 265
Logging maximums: Max Amplitude: 43525397581130.97
Sweep Iteration: 266
Logging maximums: Max Amplitude: 143008011879817.12
Sweep Iteration: 267
Logging maximums: Max Amplitude: 7978782209739.463
Sweep Iteration: 268
Logging maximums: Max Amplitude: 145485082086697.44
Sweep Iteration: 269
Logging maximums: Max Amplitude: 34919104712898.95
Sweep Iteration: 270
Logging maximums: Max Amplitude: 137662787660008.73
Sweep Iteration: 271
Logging maximums: Max Amplitude: 72899611285628.31
Sweep Iteration: 272
Logging maximums: Max Amplitude: 119780108043867.25
Sweep Iteration: 273
Logging maximums: Max Amplitude: 106660333607216.44
Sweep Iteration: 274
Logging maximums: Max Amplitude: 92838602333379.3
Sweep Iteration: 275
Logging maximums: Max Amplitude: 133852257082808.36
Sweep Iteration: 276
Logging maximums: Max Amplitude: 58417581248988.06
Sweep Iteration: 277
Logging maximums: Max Amplitude: 152604048343848.9
Sweep Iteration: 278
Logging maximums: Max Amplitude: 18402822068186.547
Sweep Iteration: 279
Logging maximums: Max Amplitude: 161300759631565.06
Sweep Iteration: 280
Logging maximums: Max Amplitude: 33355143139725.973
Sweep Iteration: 281
Logging maximums: Max Amplitude: 158877971301981.25
Sweep Iteration: 282
Logging maximums: Max Amplitude: 68496127134307.016
Sweep Iteration: 283
Logging maximums: Max Amplitude: 145088574769777.94
Sweep Iteration: 284
Logging maximums: Max Amplitude: 109599622486596.89
Sweep Iteration: 285
Logging maximums: Max Amplitude: 120183132061155.4
Sweep Iteration: 286
Logging maximums: Max Amplitude: 145680557643734.72
Sweep Iteration: 287
Logging maximums: Max Amplitude: 84983071786879.22
Sweep Iteration: 288
Logging maximums: Max Amplitude: 173750353018743.66
Sweep Iteration: 289
Logging maximums: Max Amplitude: 41242895511382.87
Sweep Iteration: 290
Logging maximums: Max Amplitude: 191444753088647.34
Sweep Iteration: 291
Logging maximums: Max Amplitude: 33346747354606.527
Sweep Iteration: 292
Logging maximums: Max Amplitude: 196931859144917.62
Sweep Iteration: 293
Logging maximums: Max Amplitude: 69697494919188.03
Sweep Iteration: 294
Logging maximums: Max Amplitude: 188606080225363.25
Sweep Iteration: 295
Logging maximums: Max Amplitude: 116377755073678.34
Sweep Iteration: 296
Logging maximums: Max Amplitude: 165659054757995.1
Sweep Iteration: 297
Logging maximums: Max Amplitude: 166974524577218.75
Sweep Iteration: 298
Logging maximums: Max Amplitude: 128347929422247.48
Sweep Iteration: 299
Logging maximums: Max Amplitude: 210675378320611.94
Sweep Iteration: 300
Logging maximums: Max Amplitude: 77354537069966.19
Sweep Iteration: 301
Logging maximums: Max Amplitude: 243728823359639.53
Sweep Iteration: 302
Logging maximums: Max Amplitude: 38612160191031.1
Sweep Iteration: 303
Logging maximums: Max Amplitude: 262070822083877.72
Sweep Iteration: 304
Logging maximums: Max Amplitude: 78633097892003.86
Sweep Iteration: 305
Logging maximums: Max Amplitude: 262361131511216.16
Sweep Iteration: 306
Logging maximums: Max Amplitude: 138462992174864.67
Sweep Iteration: 307
Logging maximums: Max Amplitude: 241606230386078.0
Sweep Iteration: 308
Logging maximums: Max Amplitude: 217558975925355.7
Sweep Iteration: 309
Logging maximums: Max Amplitude: 196258540169938.25
Sweep Iteration: 310
Logging maximums: Max Amplitude: 294457814104789.6
Sweep Iteration: 311
Logging maximums: Max Amplitude: 122989223384065.42
Sweep Iteration: 312
Logging maximums: Max Amplitude: 360106796748315.5
Sweep Iteration: 313
Logging maximums: Max Amplitude: 53564979718089.87
Sweep Iteration: 314
Logging maximums: Max Amplitude: 402428980023220.25
Sweep Iteration: 315
Logging maximums: Max Amplitude: 128490516441792.28
Sweep Iteration: 316
Logging maximums: Max Amplitude: 412586884005492.6
Sweep Iteration: 317
Logging maximums: Max Amplitude: 719016451599524.2
Sweep Iteration: 318
Logging maximums: Max Amplitude: 1323574410969334.0
Sweep Iteration: 319
Logging maximums: Max Amplitude: 2910088897626714.5
Sweep Iteration: 320
Logging maximums: Max Amplitude: 3337074414356042.5
Sweep Iteration: 321
Logging maximums: Max Amplitude: 7813007060841512.0
Sweep Iteration: 322
Logging maximums: Max Amplitude: 1.0908583606666056e+16
Sweep Iteration: 323
Logging maximums: Max Amplitude: 1.5569887487774036e+16
Sweep Iteration: 324
Logging maximums: Max Amplitude: 1.977901995688189e+16
Sweep Iteration: 325
Logging maximums: Max Amplitude: 2.5088861263073644e+16
Sweep Iteration: 326
Logging maximums: Max Amplitude: 2.9750411276379136e+16
Sweep Iteration: 327
Logging maximums: Max Amplitude: 3.4953047269319736e+16
Sweep Iteration: 328
Logging maximums: Max Amplitude: 3.9584305591832776e+16
Sweep Iteration: 329
Logging maximums: Max Amplitude: 4.434357294851514e+16
Sweep Iteration: 330
Logging maximums: Max Amplitude: 4.878549432396778e+16
Sweep Iteration: 331
Logging maximums: Max Amplitude: 5.30746689304221e+16
Sweep Iteration: 332
Logging maximums: Max Amplitude: 5.729631449606563e+16
Sweep Iteration: 333
Logging maximums: Max Amplitude: 6.115630753750417e+16
Sweep Iteration: 334
Logging maximums: Max Amplitude: 6.511898128835281e+16
Sweep Iteration: 335
Logging maximums: Max Amplitude: 6.859269556583294e+16
Sweep Iteration: 336
Logging maximums: Max Amplitude: 7.226455597702008e+16
Sweep Iteration: 337
Logging maximums: Max Amplitude: 7.540995939981669e+16
Sweep Iteration: 338
Logging maximums: Max Amplitude: 7.877268887616734e+16
Sweep Iteration: 339
Logging maximums: Max Amplitude: 8.163537706884002e+16
Sweep Iteration: 340
Logging maximums: Max Amplitude: 8.466192925716838e+16
Sweep Iteration: 341
Logging maximums: Max Amplitude: 8.726276878882731e+16
Sweep Iteration: 342
Logging maximums: Max Amplitude: 8.993426195430464e+16
Sweep Iteration: 343
Logging maximums: Max Amplitude: 9.229429702879352e+16
Sweep Iteration: 344
Logging maximums: Max Amplitude: 9.462036797902698e+16
Sweep Iteration: 345
Logging maximums: Max Amplitude: 9.676053753287286e+16
Sweep Iteration: 346
Logging maximums: Max Amplitude: 9.875939529387557e+16
Sweep Iteration: 347
Logging maximums: Max Amplitude: 1.0067955614702971e+17
Sweep Iteration: 348
Logging maximums: Max Amplitude: 1.0236431479856083e+17
Sweep Iteration: 349
Logging maximums: Max Amplitude: 1.0405245980027587e+17
Sweep Iteration: 350
Logging maximums: Max Amplitude: 1.054469118722491e+17
Sweep Iteration: 351
Logging maximums: Max Amplitude: 1.068993771192497e+17
Sweep Iteration: 352
Logging maximums: Max Amplitude: 1.0803897826890554e+17
Sweep Iteration: 353
Logging maximums: Max Amplitude: 1.0925354812583541e+17
Sweep Iteration: 354
Logging maximums: Max Amplitude: 1.1016581509116163e+17
Sweep Iteration: 355
Logging maximums: Max Amplitude: 1.1113294735480794e+17
Sweep Iteration: 356
Logging maximums: Max Amplitude: 1.1183596115625194e+17
Sweep Iteration: 357
Logging maximums: Max Amplitude: 1.1255209988297654e+17
Sweep Iteration: 358
Logging maximums: Max Amplitude: 1.1306626850619331e+17
Sweep Iteration: 359
Logging maximums: Max Amplitude: 1.1354131550376506e+17
Sweep Iteration: 360
Logging maximums: Max Amplitude: 1.1388451111370874e+17
Sweep Iteration: 361
Logging maximums: Max Amplitude: 1.1413075812019914e+17
Sweep Iteration: 362
Logging maximums: Max Amplitude: 1.1430880230983694e+17
Sweep Iteration: 363
Logging maximums: Max Amplitude: 1.1433780867216637e+17
Sweep Iteration: 364
Logging maximums: Max Amplitude: 1.1435159895717517e+17
Sweep Iteration: 365
Logging maximums: Max Amplitude: 1.1418259699660522e+17
Sweep Iteration: 366
Logging maximums: Max Amplitude: 1.1403619062748238e+17
Sweep Iteration: 367
Logging maximums: Max Amplitude: 1.1369364883050262e+17
Sweep Iteration: 368
Logging maximums: Max Amplitude: 1.1338930843432986e+17
Sweep Iteration: 369
Logging maximums: Max Amplitude: 1.128932638051301e+17
Sweep Iteration: 370
Logging maximums: Max Amplitude: 1.1242944592509934e+17
Sweep Iteration: 371
Logging maximums: Max Amplitude: 1.1179656897084064e+17
Sweep Iteration: 372
Logging maximums: Max Amplitude: 1.1117575772119659e+17
Sweep Iteration: 373
Logging maximums: Max Amplitude: 1.1042392793871654e+17
Sweep Iteration: 374
Logging maximums: Max Amplitude: 1.0965485317287818e+17
Sweep Iteration: 375
Logging maximums: Max Amplitude: 1.0879888933796699e+17
Sweep Iteration: 376
Logging maximums: Max Amplitude: 1.0789110048596104e+17
Sweep Iteration: 377
Logging maximums: Max Amplitude: 1.0693896746480885e+17
Sweep Iteration: 378
Logging maximums: Max Amplitude: 1.0590292149006851e+17
Sweep Iteration: 379
Logging maximums: Max Amplitude: 1.0486006646277003e+17
Sweep Iteration: 380
Logging maximums: Max Amplitude: 1.0371105379770901e+17
Sweep Iteration: 381
Logging maximums: Max Amplitude: 1.0258329277677878e+17
Sweep Iteration: 382
Logging maximums: Max Amplitude: 1.013389450737032e+17
Sweep Iteration: 383
Logging maximums: Max Amplitude: 1.0012991155056131e+17
Sweep Iteration: 384
Logging maximums: Max Amplitude: 1.4456290562850176e+17
Sweep Iteration: 385
Logging maximums: Max Amplitude: 9.751710351923704e+16
Sweep Iteration: 386
Logging maximums: Max Amplitude: 9.612706878568459e+16
Sweep Iteration: 387
Logging maximums: Max Amplitude: 9.476295454578418e+16
Sweep Iteration: 388
Logging maximums: Max Amplitude: 9.332149107900362e+16
Sweep Iteration: 389
Logging maximums: Max Amplitude: 9.188843202487304e+16
Sweep Iteration: 390
Logging maximums: Max Amplitude: 9.040732557409808e+16
Sweep Iteration: 391
Logging maximums: Max Amplitude: 8.891257831523651e+16
Sweep Iteration: 392
Logging maximums: Max Amplitude: 8.739959908545982e+16
Sweep Iteration: 393
Logging maximums: Max Amplitude: 8.585163885375608e+16
Sweep Iteration: 394
Logging maximums: Max Amplitude: 8.43127089106667e+16
Sweep Iteration: 395
Logging maximums: Max Amplitude: 8.272265114836363e+16
Sweep Iteration: 396
Logging maximums: Max Amplitude: 8.116288741080562e+16
Sweep Iteration: 397
Logging maximums: Max Amplitude: 7.954301957491765e+16
Sweep Iteration: 398
Logging maximums: Max Amplitude: 7.796574123958323e+16
Sweep Iteration: 399
Logging maximums: Max Amplitude: 7.632757356379349e+16
Sweep Iteration: 400
Logging maximums: Max Amplitude: 7.473493633155874e+16
Sweep Iteration: 401
Logging maximums: Max Amplitude: 7.308933545007402e+16
Sweep Iteration: 402
Logging maximums: Max Amplitude: 7.148428180689357e+16
Sweep Iteration: 403
Logging maximums: Max Amplitude: 6.98416015591538e+16
Sweep Iteration: 404
Logging maximums: Max Amplitude: 6.822829876130807e+16
Sweep Iteration: 405
Logging maximums: Max Amplitude: 6.659714076209514e+16
Sweep Iteration: 406
Logging maximums: Max Amplitude: 6.498038387282502e+16
Sweep Iteration: 407
Logging maximums: Max Amplitude: 6.33669099966306e+16
Sweep Iteration: 408
Logging maximums: Max Amplitude: 6.175236714597597e+16
Sweep Iteration: 409
Logging maximums: Max Amplitude: 6.0160974384132424e+16
Sweep Iteration: 410
Logging maximums: Max Amplitude: 5.855567448606878e+16
Sweep Iteration: 411
Logging maximums: Max Amplitude: 5.698959214666352e+16
Sweep Iteration: 412
Logging maximums: Max Amplitude: 5.5401425884860024e+16
Sweep Iteration: 413
Logging maximums: Max Amplitude: 5.386266381418411e+16
Sweep Iteration: 414
Logging maximums: Max Amplitude: 5.229939139212249e+16
Sweep Iteration: 415
Logging maximums: Max Amplitude: 5.078897427514624e+16
Sweep Iteration: 416
Logging maximums: Max Amplitude: 4.925777266425179e+16
Sweep Iteration: 417
Logging maximums: Max Amplitude: 4.777663575259042e+16
Sweep Iteration: 418
Logging maximums: Max Amplitude: 4.628406446648842e+16
Sweep Iteration: 419
Logging maximums: Max Amplitude: 4.483379904991097e+16
Sweep Iteration: 420
Logging maximums: Max Amplitude: 4.3385411903509576e+16
Sweep Iteration: 421
Logging maximums: Max Amplitude: 4.1968221779644216e+16
Sweep Iteration: 422
Logging maximums: Max Amplitude: 4.0567879399330536e+16
Sweep Iteration: 423
Logging maximums: Max Amplitude: 3.918637217331308e+16
Sweep Iteration: 424
Logging maximums: Max Amplitude: 3.783622637403164e+16
Sweep Iteration: 425
Logging maximums: Max Amplitude: 3.649374813931368e+16
Sweep Iteration: 426
Logging maximums: Max Amplitude: 3.51949112189965e+16
Sweep Iteration: 427
Logging maximums: Max Amplitude: 3.3895697423590776e+16
Sweep Iteration: 428
Logging maximums: Max Amplitude: 3.264844789061892e+16
Sweep Iteration: 429
Logging maximums: Max Amplitude: 3.1396848752792964e+16
Sweep Iteration: 430
Logging maximums: Max Amplitude: 3.0200416360282384e+16
Sweep Iteration: 431
Logging maximums: Max Amplitude: 2.900024224449725e+16
Sweep Iteration: 432
Logging maximums: Max Amplitude: 2.7853391471109584e+16
Sweep Iteration: 433
Logging maximums: Max Amplitude: 2.670807967482828e+16
Sweep Iteration: 434
Logging maximums: Max Amplitude: 2.5609992583665116e+16
Sweep Iteration: 435
Logging maximums: Max Amplitude: 2.4522436768147412e+16
Sweep Iteration: 436
Logging maximums: Max Amplitude: 2.347266789796329e+16
Sweep Iteration: 437
Logging maximums: Max Amplitude: 2.2444516752810084e+16
Sweep Iteration: 438
Logging maximums: Max Amplitude: 2.144295311781982e+16
Sweep Iteration: 439
Logging maximums: Max Amplitude: 2.0474778595666332e+16
Sweep Iteration: 440
Logging maximums: Max Amplitude: 1.9522064660813852e+16
Sweep Iteration: 441
Logging maximums: Max Amplitude: 1.8612996310240664e+16
Sweep Iteration: 442
Logging maximums: Max Amplitude: 1.7708709234229416e+16
Sweep Iteration: 443
Logging maximums: Max Amplitude: 1.6853075014632206e+16
Sweep Iteration: 444
Logging maximums: Max Amplitude: 1.599202793044611e+16
Sweep Iteration: 445
Logging maximums: Max Amplitude: 1.517718638045004e+16
Sweep Iteration: 446
Logging maximums: Max Amplitude: 1.4350669114755504e+16
Sweep Iteration: 447
Logging maximums: Max Amplitude: 1.35634332172201e+16
Sweep Iteration: 448
Logging maximums: Max Amplitude: 2.321450162917775e+16
Sweep Iteration: 449
Logging maximums: Max Amplitude: 1.2006121444505344e+16
Sweep Iteration: 450
Logging maximums: Max Amplitude: 1.124991828681639e+16
Sweep Iteration: 451
Logging maximums: Max Amplitude: 1.0525579393145172e+16
Sweep Iteration: 452
Logging maximums: Max Amplitude: 9823974217175246.0
Sweep Iteration: 453
Logging maximums: Max Amplitude: 9153679693649088.0
Sweep Iteration: 454
Logging maximums: Max Amplitude: 8517916508031879.0
Sweep Iteration: 455
Logging maximums: Max Amplitude: 7911500146670448.0
Sweep Iteration: 456
Logging maximums: Max Amplitude: 7343507469397548.0
Sweep Iteration: 457
Logging maximums: Max Amplitude: 6801867425837169.0
Sweep Iteration: 458
Logging maximums: Max Amplitude: 6297455064696659.0
Sweep Iteration: 459
Logging maximums: Max Amplitude: 5816993578628611.0
Sweep Iteration: 460
Logging maximums: Max Amplitude: 5370606714290136.0
Sweep Iteration: 461
Logging maximums: Max Amplitude: 4946743028210908.0
Sweep Iteration: 462
Logging maximums: Max Amplitude: 4553174848316959.0
Sweep Iteration: 463
Logging maximums: Max Amplitude: 4181134778983202.5
Sweep Iteration: 464
Logging maximums: Max Amplitude: 3835538485475756.0
Sweep Iteration: 465
Logging maximums: Max Amplitude: 3510563527773662.0
Sweep Iteration: 466
Logging maximums: Max Amplitude: 3208550095631993.5
Sweep Iteration: 467
Logging maximums: Max Amplitude: 2926208951635592.0
Sweep Iteration: 468
Logging maximums: Max Amplitude: 2663846111016735.0
Sweep Iteration: 469
Logging maximums: Max Amplitude: 2419972701072770.0
Sweep Iteration: 470
Logging maximums: Max Amplitude: 2193516367249858.5
Sweep Iteration: 471
Logging maximums: Max Amplitude: 1984099593462546.2
Sweep Iteration: 472
Logging maximums: Max Amplitude: 1789951394066810.2
Sweep Iteration: 473
Logging maximums: Max Amplitude: 1611265526642944.2
Sweep Iteration: 474
Logging maximums: Max Amplitude: 1446086724957398.8
Sweep Iteration: 475
Logging maximums: Max Amplitude: 1294760507153548.2
Sweep Iteration: 476
Logging maximums: Max Amplitude: 1155438819998006.8
Sweep Iteration: 477
Logging maximums: Max Amplitude: 1028347494945469.9
Sweep Iteration: 478
Logging maximums: Max Amplitude: 911910954808529.5
Sweep Iteration: 479
Logging maximums: Max Amplitude: 806144612893221.2
Sweep Iteration: 480
Logging maximums: Max Amplitude: 709807261169794.1
Sweep Iteration: 481
Logging maximums: Max Amplitude: 622708963570369.8
Sweep Iteration: 482
Logging maximums: Max Amplitude: 543914727503975.4
Sweep Iteration: 483
Logging maximums: Max Amplitude: 473061750928647.0
Sweep Iteration: 484
Logging maximums: Max Amplitude: 409449159536125.0
Sweep Iteration: 485
Logging maximums: Max Amplitude: 352603412343009.94
Sweep Iteration: 486
Logging maximums: Max Amplitude: 301991521507276.2
Sweep Iteration: 487
Logging maximums: Max Amplitude: 257100201395978.62
Sweep Iteration: 488
Logging maximums: Max Amplitude: 217507065935626.1
Sweep Iteration: 489
Logging maximums: Max Amplitude: 182710340725145.78
Sweep Iteration: 490
Logging maximums: Max Amplitude: 152352057205486.5
Sweep Iteration: 491
Logging maximums: Max Amplitude: 125967753687663.03
Sweep Iteration: 492
Logging maximums: Max Amplitude: 103232694793681.39
Sweep Iteration: 493
Logging maximums: Max Amplitude: 83741341220841.06
Sweep Iteration: 494
Logging maximums: Max Amplitude: 67194797907786.77
Sweep Iteration: 495
Logging maximums: Max Amplitude: 53243379804356.164
Sweep Iteration: 496
Logging maximums: Max Amplitude: 41616489539921.81
Sweep Iteration: 497
Logging maximums: Max Amplitude: 32017829408464.242
Sweep Iteration: 498
Logging maximums: Max Amplitude: 24201712058316.74
Sweep Iteration: 499
Logging maximums: Max Amplitude: 17921374478571.875
Sweep Iteration: 500
Logging maximums: Max Amplitude: 12960570404796.79
Sweep Iteration: 501
Logging maximums: Max Amplitude: 9114794730670.406
Sweep Iteration: 502
Logging maximums: Max Amplitude: 6201224513080.053
Sweep Iteration: 503
Logging maximums: Max Amplitude: 4052430128031.426
Sweep Iteration: 504
Logging maximums: Max Amplitude: 2519292143745.2075
Sweep Iteration: 505
Logging maximums: Max Amplitude: 1471340001681.4429
Sweep Iteration: 506
Logging maximums: Max Amplitude: 790521678261.9891
Sweep Iteration: 507
Logging maximums: Max Amplitude: 379887906844.96234
Sweep Iteration: 508
Logging maximums: Max Amplitude: 155030615626.67886
Sweep Iteration: 509
Logging maximums: Max Amplitude: 48614598147.57784
Sweep Iteration: 510
Logging maximums: Max Amplitude: 9345921116.557283
Sweep Iteration: 511
Logging maximums: Max Amplitude: 640075615.6188822
Max Droop between first two Nulls: -61.9576247288869
